Archive member included to satisfy reference by file (symbol)

D:/CubeIDE/STM32CubeIDE_1.17.0/STM32CubeIDE/plugins/com.st.stm32cube.ide.mcu.externaltools.gnu-tools-for-stm32.12.3.rel1.win32_1.1.0.202410251130/tools/bin/../lib/gcc/arm-none-eabi/12.3.1/../../../../arm-none-eabi/lib/thumb/v7-m/nofp\libc_nano.a(libc_a-exit.o)
                              D:/CubeIDE/STM32CubeIDE_1.17.0/STM32CubeIDE/plugins/com.st.stm32cube.ide.mcu.externaltools.gnu-tools-for-stm32.12.3.rel1.win32_1.1.0.202410251130/tools/bin/../lib/gcc/arm-none-eabi/12.3.1/../../../../arm-none-eabi/lib/thumb/v7-m/nofp/crt0.o (exit)
D:/CubeIDE/STM32CubeIDE_1.17.0/STM32CubeIDE/plugins/com.st.stm32cube.ide.mcu.externaltools.gnu-tools-for-stm32.12.3.rel1.win32_1.1.0.202410251130/tools/bin/../lib/gcc/arm-none-eabi/12.3.1/../../../../arm-none-eabi/lib/thumb/v7-m/nofp\libc_nano.a(libc_a-findfp.o)
                              D:/CubeIDE/STM32CubeIDE_1.17.0/STM32CubeIDE/plugins/com.st.stm32cube.ide.mcu.externaltools.gnu-tools-for-stm32.12.3.rel1.win32_1.1.0.202410251130/tools/bin/../lib/gcc/arm-none-eabi/12.3.1/../../../../arm-none-eabi/lib/thumb/v7-m/nofp\libc_nano.a(libc_a-exit.o) (__stdio_exit_handler)
D:/CubeIDE/STM32CubeIDE_1.17.0/STM32CubeIDE/plugins/com.st.stm32cube.ide.mcu.externaltools.gnu-tools-for-stm32.12.3.rel1.win32_1.1.0.202410251130/tools/bin/../lib/gcc/arm-none-eabi/12.3.1/../../../../arm-none-eabi/lib/thumb/v7-m/nofp\libc_nano.a(libc_a-fwalk.o)
                              D:/CubeIDE/STM32CubeIDE_1.17.0/STM32CubeIDE/plugins/com.st.stm32cube.ide.mcu.externaltools.gnu-tools-for-stm32.12.3.rel1.win32_1.1.0.202410251130/tools/bin/../lib/gcc/arm-none-eabi/12.3.1/../../../../arm-none-eabi/lib/thumb/v7-m/nofp\libc_nano.a(libc_a-findfp.o) (_fwalk_sglue)
D:/CubeIDE/STM32CubeIDE_1.17.0/STM32CubeIDE/plugins/com.st.stm32cube.ide.mcu.externaltools.gnu-tools-for-stm32.12.3.rel1.win32_1.1.0.202410251130/tools/bin/../lib/gcc/arm-none-eabi/12.3.1/../../../../arm-none-eabi/lib/thumb/v7-m/nofp\libc_nano.a(libc_a-stdio.o)
                              D:/CubeIDE/STM32CubeIDE_1.17.0/STM32CubeIDE/plugins/com.st.stm32cube.ide.mcu.externaltools.gnu-tools-for-stm32.12.3.rel1.win32_1.1.0.202410251130/tools/bin/../lib/gcc/arm-none-eabi/12.3.1/../../../../arm-none-eabi/lib/thumb/v7-m/nofp\libc_nano.a(libc_a-findfp.o) (__sread)
D:/CubeIDE/STM32CubeIDE_1.17.0/STM32CubeIDE/plugins/com.st.stm32cube.ide.mcu.externaltools.gnu-tools-for-stm32.12.3.rel1.win32_1.1.0.202410251130/tools/bin/../lib/gcc/arm-none-eabi/12.3.1/../../../../arm-none-eabi/lib/thumb/v7-m/nofp\libc_nano.a(libc_a-memset.o)
                              D:/CubeIDE/STM32CubeIDE_1.17.0/STM32CubeIDE/plugins/com.st.stm32cube.ide.mcu.externaltools.gnu-tools-for-stm32.12.3.rel1.win32_1.1.0.202410251130/tools/bin/../lib/gcc/arm-none-eabi/12.3.1/../../../../arm-none-eabi/lib/thumb/v7-m/nofp/crt0.o (memset)
D:/CubeIDE/STM32CubeIDE_1.17.0/STM32CubeIDE/plugins/com.st.stm32cube.ide.mcu.externaltools.gnu-tools-for-stm32.12.3.rel1.win32_1.1.0.202410251130/tools/bin/../lib/gcc/arm-none-eabi/12.3.1/../../../../arm-none-eabi/lib/thumb/v7-m/nofp\libc_nano.a(libc_a-closer.o)
                              D:/CubeIDE/STM32CubeIDE_1.17.0/STM32CubeIDE/plugins/com.st.stm32cube.ide.mcu.externaltools.gnu-tools-for-stm32.12.3.rel1.win32_1.1.0.202410251130/tools/bin/../lib/gcc/arm-none-eabi/12.3.1/../../../../arm-none-eabi/lib/thumb/v7-m/nofp\libc_nano.a(libc_a-stdio.o) (_close_r)
D:/CubeIDE/STM32CubeIDE_1.17.0/STM32CubeIDE/plugins/com.st.stm32cube.ide.mcu.externaltools.gnu-tools-for-stm32.12.3.rel1.win32_1.1.0.202410251130/tools/bin/../lib/gcc/arm-none-eabi/12.3.1/../../../../arm-none-eabi/lib/thumb/v7-m/nofp\libc_nano.a(libc_a-reent.o)
                              D:/CubeIDE/STM32CubeIDE_1.17.0/STM32CubeIDE/plugins/com.st.stm32cube.ide.mcu.externaltools.gnu-tools-for-stm32.12.3.rel1.win32_1.1.0.202410251130/tools/bin/../lib/gcc/arm-none-eabi/12.3.1/../../../../arm-none-eabi/lib/thumb/v7-m/nofp\libc_nano.a(libc_a-closer.o) (errno)
D:/CubeIDE/STM32CubeIDE_1.17.0/STM32CubeIDE/plugins/com.st.stm32cube.ide.mcu.externaltools.gnu-tools-for-stm32.12.3.rel1.win32_1.1.0.202410251130/tools/bin/../lib/gcc/arm-none-eabi/12.3.1/../../../../arm-none-eabi/lib/thumb/v7-m/nofp\libc_nano.a(libc_a-impure.o)
                              D:/CubeIDE/STM32CubeIDE_1.17.0/STM32CubeIDE/plugins/com.st.stm32cube.ide.mcu.externaltools.gnu-tools-for-stm32.12.3.rel1.win32_1.1.0.202410251130/tools/bin/../lib/gcc/arm-none-eabi/12.3.1/../../../../arm-none-eabi/lib/thumb/v7-m/nofp\libc_nano.a(libc_a-reent.o) (_impure_ptr)
D:/CubeIDE/STM32CubeIDE_1.17.0/STM32CubeIDE/plugins/com.st.stm32cube.ide.mcu.externaltools.gnu-tools-for-stm32.12.3.rel1.win32_1.1.0.202410251130/tools/bin/../lib/gcc/arm-none-eabi/12.3.1/../../../../arm-none-eabi/lib/thumb/v7-m/nofp\libc_nano.a(libc_a-lseekr.o)
[...]
Memory Configuration

Name             Origin             Length             Attributes
RAM              0x20000000         0x00005000         xrw
FLASH            0x08000000         0x00010000         xr
*default*        0x00000000         0xffffffff

Linker script and memory map

LOAD D:/CubeIDE/STM32CubeIDE_1.17.0/STM32CubeIDE/plugins/com.st.stm32cube.ide.mcu.externaltools.gnu-tools-for-stm32.12.3.rel1.win32_1.1.0.202410251130/tools/bin/../lib/gcc/arm-none-eabi/12.3.1/thumb/v7-m/nofp/crti.o
LOAD D:/CubeIDE/STM32CubeIDE_1.17.0/STM32CubeIDE/plugins/com.st.stm32cube.ide.mcu.externaltools.gnu-tools-for-stm32.12.3.rel1.win32_1.1.0.202410251130/tools/bin/../lib/gcc/arm-none-eabi/12.3.1/thumb/v7-m/nofp/crtbegin.o
LOAD D:/CubeIDE/STM32CubeIDE_1.17.0/STM32CubeIDE/plugins/com.st.stm32cube.ide.mcu.externaltools.gnu-tools-for-stm32.12.3.rel1.win32_1.1.0.202410251130/tools/bin/../lib/gcc/arm-none-eabi/12.3.1/../../../../arm-none-eabi/lib/thumb/v7-m/nofp/crt0.o
LOAD ./Core/Src/adc.o
LOAD ./Core/Src/can.o
LOAD ./Core/Src/dma.o
LOAD ./Core/Src/gpio.o
LOAD ./Core/Src/main.o
LOAD ./Core/Src/stm32f1xx_hal_msp.o
LOAD ./Core/Src/stm32f1xx_it.o
LOAD ./Core/Src/syscalls.o
LOAD ./Core/Src/sysmem.o
LOAD ./Core/Src/system_stm32f1xx.o
LOAD ./Core/Src/tim.o
LOAD ./Core/Src/usart.o
LOAD ./Core/Src/user_AS_State.o
LOAD ./Core/Src/user_adc.o
LOAD ./Core/Src/user_can.o
LOAD ./Core/Src/user_ebs.o
LOAD ./Core/Src/user_peripheral.o
LOAD ./Core/Src/user_rgb.o
LOAD ./Core/Startup/startup_stm32f103c8tx.o
LOAD ./Drivers/STM32F1xx_HAL_Driver/Src/stm32f1xx_hal.o
LOAD ./Drivers/STM32F1xx_HAL_Driver/Src/stm32f1xx_hal_adc.o
LOAD ./Drivers/STM32F1xx_HAL_Driver/Src/stm32f1xx_hal_adc_ex.o
LOAD ./Drivers/STM32F1xx_HAL_Driver/Src/stm32f1xx_hal_can.o
LOAD ./Drivers/STM32F1xx_HAL_Driver/Src/stm32f1xx_hal_cortex.o
LOAD ./Drivers/STM32F1xx_HAL_Driver/Src/stm32f1xx_hal_dma.o
LOAD ./Drivers/STM32F1xx_HAL_Driver/Src/stm32f1xx_hal_exti.o
LOAD ./Drivers/STM32F1xx_HAL_Driver/Src/stm32f1xx_hal_flash.o
LOAD ./Drivers/STM32F1xx_HAL_Driver/Src/stm32f1xx_hal_flash_ex.o
LOAD ./Drivers/STM32F1xx_HAL_Driver/Src/stm32f1xx_hal_gpio.o
LOAD ./Drivers/STM32F1xx_HAL_Driver/Src/stm32f1xx_hal_gpio_ex.o
LOAD ./Drivers/STM32F1xx_HAL_Driver/Src/stm32f1xx_hal_pwr.o
LOAD ./Drivers/STM32F1xx_HAL_Driver/Src/stm32f1xx_hal_rcc.o
LOAD ./Drivers/STM32F1xx_HAL_Driver/Src/stm32f1xx_hal_rcc_ex.o
LOAD ./Drivers/STM32F1xx_HAL_Driver/Src/stm32f1xx_hal_tim.o
LOAD ./Drivers/STM32F1xx_HAL_Driver/Src/stm32f1xx_hal_tim_ex.o
LOAD ./Drivers/STM32F1xx_HAL_Driver/Src/stm32f1xx_hal_uart.o
START GROUP
LOAD D:/CubeIDE/STM32CubeIDE_1.17.0/STM32CubeIDE/plugins/com.st.stm32cube.ide.mcu.externaltools.gnu-tools-for-stm32.12.3.rel1.win32_1.1.0.202410251130/tools/bin/../lib/gcc/arm-none-eabi/12.3.1/../../../../arm-none-eabi/lib/thumb/v7-m/nofp\libc_nano.a
LOAD D:/CubeIDE/STM32CubeIDE_1.17.0/STM32CubeIDE/plugins/com.st.stm32cube.ide.mcu.externaltools.gnu-tools-for-stm32.12.3.rel1.win32_1.1.0.202410251130/tools/bin/../lib/gcc/arm-none-eabi/12.3.1/../../../../arm-none-eabi/lib/thumb/v7-m/nofp\libm.a
END GROUP
START GROUP
LOAD D:/CubeIDE/STM32CubeIDE_1.17.0/STM32CubeIDE/plugins/com.st.stm32cube.ide.mcu.externaltools.gnu-tools-for-stm32.12.3.rel1.win32_1.1.0.202410251130/tools/bin/../lib/gcc/arm-none-eabi/12.3.1/thumb/v7-m/nofp\libgcc.a
LOAD D:/CubeIDE/STM32CubeIDE_1.17.0/STM32CubeIDE/plugins/com.st.stm32cube.ide.mcu.externaltools.gnu-tools-for-stm32.12.3.rel1.win32_1.1.0.202410251130/tools/bin/../lib/gcc/arm-none-eabi/12.3.1/../../../../arm-none-eabi/lib/thumb/v7-m/nofp\libc_nano.a
END GROUP
START GROUP
LOAD D:/CubeIDE/STM32CubeIDE_1.17.0/STM32CubeIDE/plugins/com.st.stm32cube.ide.mcu.externaltools.gnu-tools-for-stm32.12.3.rel1.win32_1.1.0.202410251130/tools/bin/../lib/gcc/arm-none-eabi/12.3.1/thumb/v7-m/nofp\libgcc.a
LOAD D:/CubeIDE/STM32CubeIDE_1.17.0/STM32CubeIDE/plugins/com.st.stm32cube.ide.mcu.externaltools.gnu-tools-for-stm32.12.3.rel1.win32_1.1.0.202410251130/tools/bin/../lib/gcc/arm-none-eabi/12.3.1/../../../../arm-none-eabi/lib/thumb/v7-m/nofp\libc_nano.a
LOAD D:/CubeIDE/STM32CubeIDE_1.17.0/STM32CubeIDE/plugins/com.st.stm32cube.ide.mcu.externaltools.gnu-tools-for-stm32.12.3.rel1.win32_1.1.0.202410251130/tools/bin/../lib/gcc/arm-none-eabi/12.3.1/../../../../arm-none-eabi/lib/thumb/v7-m/nofp\libnosys.a
END GROUP
START GROUP
LOAD D:/CubeIDE/STM32CubeIDE_1.17.0/STM32CubeIDE/plugins/com.st.stm32cube.ide.mcu.externaltools.gnu-tools-for-stm32.12.3.rel1.win32_1.1.0.202410251130/tools/bin/../lib/gcc/arm-none-eabi/12.3.1/thumb/v7-m/nofp\libgcc.a
LOAD D:/CubeIDE/STM32CubeIDE_1.17.0/STM32CubeIDE/plugins/com.st.stm32cube.ide.mcu.externaltools.gnu-tools-for-stm32.12.3.rel1.win32_1.1.0.202410251130/tools/bin/../lib/gcc/arm-none-eabi/12.3.1/../../../../arm-none-eabi/lib/thumb/v7-m/nofp\libc_nano.a
LOAD D:/CubeIDE/STM32CubeIDE_1.17.0/STM32CubeIDE/plugins/com.st.stm32cube.ide.mcu.externaltools.gnu-tools-for-stm32.12.3.rel1.win32_1.1.0.202410251130/tools/bin/../lib/gcc/arm-none-eabi/12.3.1/../../../../arm-none-eabi/lib/thumb/v7-m/nofp\libnosys.a
END GROUP
LOAD D:/CubeIDE/STM32CubeIDE_1.17.0/STM32CubeIDE/plugins/com.st.stm32cube.ide.mcu.externaltools.gnu-tools-for-stm32.12.3.rel1.win32_1.1.0.202410251130/tools/bin/../lib/gcc/arm-none-eabi/12.3.1/thumb/v7-m/nofp/crtend.o
LOAD D:/CubeIDE/STM32CubeIDE_1.17.0/STM32CubeIDE/plugins/com.st.stm32cube.ide.mcu.externaltools.gnu-tools-for-stm32.12.3.rel1.win32_1.1.0.202410251130/tools/bin/../lib/gcc/arm-none-eabi/12.3.1/thumb/v7-m/nofp/crtn.o
                0x20005000                        _estack = (ORIGIN (RAM) + LENGTH (RAM))
                0x00000200                        _Min_Heap_Size = 0x200
                0x00000400                        _Min_Stack_Size = 0x400

.isr_vector     0x08000000      0x10c
                0x08000000                        . = ALIGN (0x4)
 *(.isr_vector)
 .isr_vector    0x08000000      0x10c ./Core/Startup/startup_stm32f103c8tx.o
                0x08000000                g_pfnVectors
                0x0800010c                        . = ALIGN (0x4)

.text           0x0800010c     0x5f80
                0x0800010c                        . = ALIGN (0x4)
 *(.text)
 .text          0x0800010c       0x40 D:/CubeIDE/STM32CubeIDE_1.17.0/STM32CubeIDE/plugins/com.st.stm32cube.ide.mcu.externaltools.gnu-tools-for-stm32.12.3.rel1.win32_1.1.0.202410251130/tools/bin/../lib/gcc/arm-none-eabi/12.3.1/thumb/v7-m/nofp/crtbegin.o
 *(.text*)
 .text.MX_ADC1_Init
                0x0800014c       0xd8 ./Core/Src/adc.o
                0x0800014c                MX_ADC1_Init
 .text.HAL_ADC_MspInit
                0x08000224       0x78 ./Core/Src/adc.o
                0x08000224                HAL_ADC_MspInit
 .text.MX_CAN_Init
                0x0800029c       0x6c ./Core/Src/can.o
                0x0800029c                MX_CAN_Init
 .text.HAL_CAN_MspInit
                0x08000308       0xa8 ./Core/Src/can.o
                0x08000308                HAL_CAN_MspInit
 .text.MX_DMA_Init
                0x080003b0       0x3c ./Core/Src/dma.o
                0x080003b0                MX_DMA_Init
 .text.MX_GPIO_Init
                0x080003ec      0x164 ./Core/Src/gpio.o
                0x080003ec                MX_GPIO_Init
 .text.User_Init
                0x08000550       0x14 ./Core/Src/main.o
                0x08000550                User_Init
 .text.main     0x08000564       0x80 ./Core/Src/main.o
                0x08000564                main
 .text.SystemClock_Config
                0x080005e4       0xb6 ./Core/Src/main.o
                0x080005e4                SystemClock_Config
 .text.Error_Handler
                0x0800069a        0xc ./Core/Src/main.o
                0x0800069a                Error_Handler
 *fill*         0x080006a6        0x2 
 .text.HAL_MspInit
                0x080006a8       0x64 ./Core/Src/stm32f1xx_hal_msp.o
                0x080006a8                HAL_MspInit
 .text.NMI_Handler
                0x0800070c        0x8 ./Core/Src/stm32f1xx_it.o
                0x0800070c                NMI_Handler
 .text.HardFault_Handler
                0x08000714        0x8 ./Core/Src/stm32f1xx_it.o
                0x08000714                HardFault_Handler
 .text.MemManage_Handler
                0x0800071c        0x8 ./Core/Src/stm32f1xx_it.o
                0x0800071c                MemManage_Handler
 .text.BusFault_Handler
                0x08000724        0x8 ./Core/Src/stm32f1xx_it.o
                0x08000724                BusFault_Handler
 .text.UsageFault_Handler
                0x0800072c        0x8 ./Core/Src/stm32f1xx_it.o
                0x0800072c                UsageFault_Handler
 .text.SVC_Handler
                0x08000734        0xc ./Core/Src/stm32f1xx_it.o
                0x08000734                SVC_Handler
 .text.DebugMon_Handler
                0x08000740        0xc ./Core/Src/stm32f1xx_it.o
                0x08000740                DebugMon_Handler
 .text.PendSV_Handler
                0x0800074c        0xc ./Core/Src/stm32f1xx_it.o
                0x0800074c                PendSV_Handler
 .text.SysTick_Handler
                0x08000758        0xc ./Core/Src/stm32f1xx_it.o
                0x08000758                SysTick_Handler
 .text.DMA1_Channel1_IRQHandler
                0x08000764       0x14 ./Core/Src/stm32f1xx_it.o
                0x08000764                DMA1_Channel1_IRQHandler
 .text.USB_LP_CAN1_RX0_IRQHandler
                0x08000778       0x14 ./Core/Src/stm32f1xx_it.o
                0x08000778                USB_LP_CAN1_RX0_IRQHandler
 .text.TIM3_IRQHandler
                0x0800078c       0x14 ./Core/Src/stm32f1xx_it.o
                0x0800078c                TIM3_IRQHandler
 .text.SystemInit
                0x080007a0        0xc ./Core/Src/system_stm32f1xx.o
                0x080007a0                SystemInit
 .text.MX_TIM2_Init
                0x080007ac       0x98 ./Core/Src/tim.o
                0x080007ac                MX_TIM2_Init
 .text.MX_TIM3_Init
                0x08000844      0x104 ./Core/Src/tim.o
                0x08000844                MX_TIM3_Init
 .text.MX_TIM4_Init
                0x08000948       0xec ./Core/Src/tim.o
                0x08000948                MX_TIM4_Init
 .text.HAL_TIM_Base_MspInit
                0x08000a34       0xf0 ./Core/Src/tim.o
                0x08000a34                HAL_TIM_Base_MspInit
 .text.HAL_TIM_MspPostInit
                0x08000b24       0xa8 ./Core/Src/tim.o
                0x08000b24                HAL_TIM_MspPostInit
 .text.MX_USART1_UART_Init
                0x08000bcc       0x54 ./Core/Src/usart.o
                0x08000bcc                MX_USART1_UART_Init
 .text.HAL_UART_MspInit
                0x08000c20       0x98 ./Core/Src/usart.o
                0x08000c20                HAL_UART_MspInit
 .text.TS_State_Detect
                0x08000cb8       0x54 ./Core/Src/user_AS_State.o
                0x08000cb8                TS_State_Detect
 .text.ASMS_State_Detect
                0x08000d0c       0x30 ./Core/Src/user_AS_State.o
                0x08000d0c                ASMS_State_Detect
 .text.AS_State_Detect_Conv
                0x08000d3c       0x6c ./Core/Src/user_AS_State.o
                0x08000d3c                AS_State_Detect_Conv
 .text.AS_OFF_Judge_Conv
                0x08000da8       0xac ./Core/Src/user_AS_State.o
                0x08000da8                AS_OFF_Judge_Conv
 .text.Manual_Drv_Status_Judge_Conv
                0x08000e54       0x1c ./Core/Src/user_AS_State.o
                0x08000e54                Manual_Drv_Status_Judge_Conv
 .text.AS_Ready_Status_Judge_Conv
                0x08000e70      0x148 ./Core/Src/user_AS_State.o
                0x08000e70                AS_Ready_Status_Judge_Conv
 .text.AS_Driving_Status_Judge_Conv
                0x08000fb8      0x124 ./Core/Src/user_AS_State.o
                0x08000fb8                AS_Driving_Status_Judge_Conv
 .text.AS_Emergency_Status_Judge_Conv
                0x080010dc       0x38 ./Core/Src/user_AS_State.o
                0x080010dc                AS_Emergency_Status_Judge_Conv
 .text.AS_Finished_Status_Judge_Conv
                0x08001114       0x5c ./Core/Src/user_AS_State.o
                0x08001114                AS_Finished_Status_Judge_Conv
 .text.AS_State_Send
                0x08001170       0x58 ./Core/Src/user_AS_State.o
                0x08001170                AS_State_Send
 .text.AS_State_Solve
                0x080011c8       0x58 ./Core/Src/user_AS_State.o
                0x080011c8                AS_State_Solve
 .text.Manual_Drv_Status_Solve
                0x08001220       0x14 ./Core/Src/user_AS_State.o
                0x08001220                Manual_Drv_Status_Solve
 .text.AS_OFF_Status_Solve
                0x08001234       0x14 ./Core/Src/user_AS_State.o
                0x08001234                AS_OFF_Status_Solve
 .text.AS_Ready_Status_Solve
                0x08001248       0x14 ./Core/Src/user_AS_State.o
                0x08001248                AS_Ready_Status_Solve
 .text.AS_Driving_Status_Solve
                0x0800125c       0x3c ./Core/Src/user_AS_State.o
                0x0800125c                AS_Driving_Status_Solve
 .text.AS_Finished_Status_Solve
                0x08001298       0x14 ./Core/Src/user_AS_State.o
                0x08001298                AS_Finished_Status_Solve
 .text.AS_Emergency_Status_Solve
                0x080012ac       0x80 ./Core/Src/user_AS_State.o
                0x080012ac                AS_Emergency_Status_Solve
 .text.Task_From_ACU_Solve
                0x0800132c       0x48 ./Core/Src/user_AS_State.o
                0x0800132c                Task_From_ACU_Solve
 .text.Convert_To_AS_OFF
                0x08001374       0x5c ./Core/Src/user_AS_State.o
                0x08001374                Convert_To_AS_OFF
 .text.get_adc_value
                0x080013d0       0x24 ./Core/Src/user_adc.o
                0x080013d0                get_adc_value
 .text.qiya_compare
                0x080013f4       0x3c ./Core/Src/user_adc.o
                0x080013f4                qiya_compare
 .text.youya_compare
                0x08001430       0x3c ./Core/Src/user_adc.o
                0x08001430                youya_compare
 .text.YOUYA_QIYA_Detect
                0x0800146c       0x3c ./Core/Src/user_adc.o
                0x0800146c                YOUYA_QIYA_Detect
 .text.CAN_Init
                0x080014a8       0x20 ./Core/Src/user_can.o
                0x080014a8                CAN_Init
 .text.HAL_CAN_RxFifo0MsgPendingCallback
                0x080014c8      0x128 ./Core/Src/user_can.o
                0x080014c8                HAL_CAN_RxFifo0MsgPendingCallback
 .text.CAN_Filter0_Config
                0x080015f0       0x44 ./Core/Src/user_can.o
                0x080015f0                CAN_Filter0_Config
 .text.CAN_SendMessage
                0x08001634       0x9c ./Core/Src/user_can.o
                0x08001634                CAN_SendMessage
 .text.CAN_Send_AS_Status
                0x080016d0       0x8c ./Core/Src/user_can.o
                0x080016d0                CAN_Send_AS_Status
 .text.CAN_Send_Manual_Drv_Status
                0x0800175c       0x10 ./Core/Src/user_can.o
                0x0800175c                CAN_Send_Manual_Drv_Status
 .text.CAN_Send_AS_OFF_Status
                0x0800176c       0x10 ./Core/Src/user_can.o
                0x0800176c                CAN_Send_AS_OFF_Status
 .text.CAN_Send_AS_Ready_Status
                0x0800177c       0x10 ./Core/Src/user_can.o
                0x0800177c                CAN_Send_AS_Ready_Status
 .text.CAN_Send_AS_Driving_Status
                0x0800178c       0x10 ./Core/Src/user_can.o
                0x0800178c                CAN_Send_AS_Driving_Status
 .text.CAN_Send_AS_Finished_Status
                0x0800179c       0x10 ./Core/Src/user_can.o
                0x0800179c                CAN_Send_AS_Finished_Status
 .text.CAN_Send_AS_Emergency_Status
                0x080017ac       0x10 ./Core/Src/user_can.o
                0x080017ac                CAN_Send_AS_Emergency_Status
 .text.EBS_Trigger
                0x080017bc       0x18 ./Core/Src/user_ebs.o
                0x080017bc                EBS_Trigger
 .text.EBS_LOGIC_Power_Detect
                0x080017d4       0x30 ./Core/Src/user_ebs.o
                0x080017d4                EBS_LOGIC_Power_Detect
 .text.EBS_State_Detect
                0x08001804       0x38 ./Core/Src/user_ebs.o
                0x08001804                EBS_State_Detect
 .text.Redundant_Driving_Brake_Trigger
                0x0800183c        0xc ./Core/Src/user_ebs.o
                0x0800183c                Redundant_Driving_Brake_Trigger
 .text.AS_DRIVING_MODE_UP
                0x08001848       0x18 ./Core/Src/user_ebs.o
                0x08001848                AS_DRIVING_MODE_UP
 .text.AS_DRIVING_MODE_DOWN
                0x08001860       0x18 ./Core/Src/user_ebs.o
                0x08001860                AS_DRIVING_MODE_DOWN
 .text.AS_CLOSE_SDC_UP
                0x08001878       0x18 ./Core/Src/user_ebs.o
                0x08001878                AS_CLOSE_SDC_UP
 .text.AS_CLOSE_SDC_DOWN
                0x08001890       0x18 ./Core/Src/user_ebs.o
                0x08001890                AS_CLOSE_SDC_DOWN
 .text.N_ERR_IND_UP
                0x080018a8       0x18 ./Core/Src/user_ebs.o
                0x080018a8                N_ERR_IND_UP
 .text.N_ERR_IND_DOWN
                0x080018c0       0x18 ./Core/Src/user_ebs.o
                0x080018c0                N_ERR_IND_DOWN
 .text.BEE_Activate
                0x080018d8       0x28 ./Core/Src/user_peripheral.o
                0x080018d8                BEE_Activate
 .text.BEE_DeActivate
                0x08001900       0x28 ./Core/Src/user_peripheral.o
                0x08001900                BEE_DeActivate
 .text.BEE_EBS  0x08001928        0xc ./Core/Src/user_peripheral.o
                0x08001928                BEE_EBS
 .text.DCF_DeActivate
                0x08001934       0x24 ./Core/Src/user_peripheral.o
                0x08001934                DCF_DeActivate
 .text.EBS_Error_LED_Activate
                0x08001958       0x18 ./Core/Src/user_peripheral.o
                0x08001958                EBS_Error_LED_Activate
 .text.EBS_Error_LED_DeActivate
                0x08001970       0x18 ./Core/Src/user_peripheral.o
                0x08001970                EBS_Error_LED_DeActivate
 .text.ZHUANXIANG_Motor_Activate
                0x08001988        0xc ./Core/Src/user_peripheral.o
                0x08001988                ZHUANXIANG_Motor_Activate
 .text.ZHUANXIANG_Motor_Deactivate
                0x08001994        0xc ./Core/Src/user_peripheral.o
                0x08001994                ZHUANXIANG_Motor_Deactivate
 .text.Brake_Motor_Activate
                0x080019a0        0xc ./Core/Src/user_peripheral.o
                0x080019a0                Brake_Motor_Activate
 .text.Brake_Motor_Zhanyong
                0x080019ac        0xc ./Core/Src/user_peripheral.o
                0x080019ac                Brake_Motor_Zhanyong
 .text.Brake_Motor_Deactivate
                0x080019b8        0xc ./Core/Src/user_peripheral.o
                0x080019b8                Brake_Motor_Deactivate
 .text.Reset_Load
                0x080019c4       0x38 ./Core/Src/user_rgb.o
                0x080019c4                Reset_Load
 .text.RGB_SendArray
                0x080019fc       0x20 ./Core/Src/user_rgb.o
                0x080019fc                RGB_SendArray
 .text.RGB_Flush
                0x08001a1c       0x10 ./Core/Src/user_rgb.o
                0x08001a1c                RGB_Flush
 .text.ASSI_Set_Black
                0x08001a2c       0x50 ./Core/Src/user_rgb.o
                0x08001a2c                ASSI_Set_Black
 .text.ASSI_Set_Blue
                0x08001a7c       0xa0 ./Core/Src/user_rgb.o
                0x08001a7c                ASSI_Set_Blue
 .text.ASSI_Set_Yellow
                0x08001b1c       0xa0 ./Core/Src/user_rgb.o
                0x08001b1c                ASSI_Set_Yellow
 .text.ASSI_OFF
                0x08001bbc       0x18 ./Core/Src/user_rgb.o
                0x08001bbc                ASSI_OFF
 .text.ASSI_Blue_Stable
                0x08001bd4       0x18 ./Core/Src/user_rgb.o
                0x08001bd4                ASSI_Blue_Stable
 .text.ASSI_Blue_Blink
                0x08001bec       0x18 ./Core/Src/user_rgb.o
                0x08001bec                ASSI_Blue_Blink
 .text.ASSI_Yellow_Stable
                0x08001c04       0x18 ./Core/Src/user_rgb.o
                0x08001c04                ASSI_Yellow_Stable
 .text.ASSI_Yellow_Blink
                0x08001c1c       0x18 ./Core/Src/user_rgb.o
                0x08001c1c                ASSI_Yellow_Blink
 .text.HAL_TIM_PeriodElapsedCallback
                0x08001c34      0x270 ./Core/Src/user_rgb.o
                0x08001c34                HAL_TIM_PeriodElapsedCallback
 .text.Reset_Handler
                0x08001ea4       0x48 ./Core/Startup/startup_stm32f103c8tx.o
                0x08001ea4                Reset_Handler
 .text.Default_Handler
                0x08001eec        0x2 ./Core/Startup/startup_stm32f103c8tx.o
                0x08001eec                RTC_Alarm_IRQHandler
                0x08001eec                EXTI2_IRQHandler
                0x08001eec                TIM1_CC_IRQHandler
                0x08001eec                PVD_IRQHandler
                0x08001eec                EXTI3_IRQHandler
                0x08001eec                EXTI0_IRQHandler
                0x08001eec                I2C2_EV_IRQHandler
                0x08001eec                ADC1_2_IRQHandler
                0x08001eec                SPI1_IRQHandler
                0x08001eec                TAMPER_IRQHandler
                0x08001eec                DMA1_Channel4_IRQHandler
                0x08001eec                USART3_IRQHandler
                0x08001eec                RTC_IRQHandler
                0x08001eec                DMA1_Channel7_IRQHandler
                0x08001eec                CAN1_RX1_IRQHandler
                0x08001eec                TIM4_IRQHandler
                0x08001eec                I2C1_EV_IRQHandler
                0x08001eec                DMA1_Channel6_IRQHandler
                0x08001eec                RCC_IRQHandler
                0x08001eec                TIM1_TRG_COM_IRQHandler
                0x08001eec                Default_Handler
                0x08001eec                EXTI15_10_IRQHandler
                0x08001eec                EXTI9_5_IRQHandler
                0x08001eec                SPI2_IRQHandler
                0x08001eec                DMA1_Channel5_IRQHandler
                0x08001eec                EXTI4_IRQHandler
                0x08001eec                USB_HP_CAN1_TX_IRQHandler
                0x08001eec                DMA1_Channel3_IRQHandler
                0x08001eec                TIM1_UP_IRQHandler
                0x08001eec                WWDG_IRQHandler
                0x08001eec                TIM2_IRQHandler
                0x08001eec                TIM1_BRK_IRQHandler
                0x08001eec                EXTI1_IRQHandler
                0x08001eec                USART2_IRQHandler
                0x08001eec                I2C2_ER_IRQHandler
                0x08001eec                DMA1_Channel2_IRQHandler
                0x08001eec                CAN1_SCE_IRQHandler
                0x08001eec                FLASH_IRQHandler
                0x08001eec                USART1_IRQHandler
                0x08001eec                I2C1_ER_IRQHandler
                0x08001eec                USBWakeUp_IRQHandler
 *fill*         0x08001eee        0x2 
 .text.HAL_Init
                0x08001ef0       0x2c ./Drivers/STM32F1xx_HAL_Driver/Src/stm32f1xx_hal.o
                0x08001ef0                HAL_Init
 .text.HAL_InitTick
                0x08001f1c       0x60 ./Drivers/STM32F1xx_HAL_Driver/Src/stm32f1xx_hal.o
                0x08001f1c                HAL_InitTick
 .text.HAL_IncTick
                0x08001f7c       0x24 ./Drivers/STM32F1xx_HAL_Driver/Src/stm32f1xx_hal.o
                0x08001f7c                HAL_IncTick
 .text.HAL_GetTick
                0x08001fa0       0x14 ./Drivers/STM32F1xx_HAL_Driver/Src/stm32f1xx_hal.o
                0x08001fa0                HAL_GetTick
 .text.HAL_Delay
                0x08001fb4       0x48 ./Drivers/STM32F1xx_HAL_Driver/Src/stm32f1xx_hal.o
                0x08001fb4                HAL_Delay
 .text.HAL_ADC_Init
                0x08001ffc      0x1b0 ./Drivers/STM32F1xx_HAL_Driver/Src/stm32f1xx_hal_adc.o
                0x08001ffc                HAL_ADC_Init
 .text.HAL_ADC_Start
                0x080021ac      0x15c ./Drivers/STM32F1xx_HAL_Driver/Src/stm32f1xx_hal_adc.o
                0x080021ac                HAL_ADC_Start
 .text.HAL_ADC_PollForConversion
                0x08002308      0x20c ./Drivers/STM32F1xx_HAL_Driver/Src/stm32f1xx_hal_adc.o
                0x08002308                HAL_ADC_PollForConversion
 .text.HAL_ADC_GetValue
                0x08002514       0x18 ./Drivers/STM32F1xx_HAL_Driver/Src/stm32f1xx_hal_adc.o
                0x08002514                HAL_ADC_GetValue
 .text.HAL_ADC_ConfigChannel
                0x0800252c      0x1f0 ./Drivers/STM32F1xx_HAL_Driver/Src/stm32f1xx_hal_adc.o
                0x0800252c                HAL_ADC_ConfigChannel
 .text.ADC_Enable
                0x0800271c       0xb4 ./Drivers/STM32F1xx_HAL_Driver/Src/stm32f1xx_hal_adc.o
                0x0800271c                ADC_Enable
 .text.ADC_ConversionStop_Disable
                0x080027d0       0x82 ./Drivers/STM32F1xx_HAL_Driver/Src/stm32f1xx_hal_adc.o
                0x080027d0                ADC_ConversionStop_Disable
 .text.HAL_CAN_Init
                0x08002852      0x1f6 ./Drivers/STM32F1xx_HAL_Driver/Src/stm32f1xx_hal_can.o
                0x08002852                HAL_CAN_Init
 .text.HAL_CAN_ConfigFilter
                0x08002a48      0x192 ./Drivers/STM32F1xx_HAL_Driver/Src/stm32f1xx_hal_can.o
                0x08002a48                HAL_CAN_ConfigFilter
 .text.HAL_CAN_Start
                0x08002bda       0x88 ./Drivers/STM32F1xx_HAL_Driver/Src/stm32f1xx_hal_can.o
                0x08002bda                HAL_CAN_Start
 .text.HAL_CAN_AddTxMessage
                0x08002c62      0x19e ./Drivers/STM32F1xx_HAL_Driver/Src/stm32f1xx_hal_can.o
                0x08002c62                HAL_CAN_AddTxMessage
 .text.HAL_CAN_GetRxMessage
                0x08002e00      0x242 ./Drivers/STM32F1xx_HAL_Driver/Src/stm32f1xx_hal_can.o
                0x08002e00                HAL_CAN_GetRxMessage
 .text.HAL_CAN_ActivateNotification
                0x08003042       0x4a ./Drivers/STM32F1xx_HAL_Driver/Src/stm32f1xx_hal_can.o
                0x08003042                HAL_CAN_ActivateNotification
 .text.HAL_CAN_IRQHandler
                0x0800308c      0x36e ./Drivers/STM32F1xx_HAL_Driver/Src/stm32f1xx_hal_can.o
                0x0800308c                HAL_CAN_IRQHandler
 .text.HAL_CAN_TxMailbox0CompleteCallback
                0x080033fa       0x12 ./Drivers/STM32F1xx_HAL_Driver/Src/stm32f1xx_hal_can.o
                0x080033fa                HAL_CAN_TxMailbox0CompleteCallback
 .text.HAL_CAN_TxMailbox1CompleteCallback
                0x0800340c       0x12 ./Drivers/STM32F1xx_HAL_Driver/Src/stm32f1xx_hal_can.o
                0x0800340c                HAL_CAN_TxMailbox1CompleteCallback
 .text.HAL_CAN_TxMailbox2CompleteCallback
                0x0800341e       0x12 ./Drivers/STM32F1xx_HAL_Driver/Src/stm32f1xx_hal_can.o
                0x0800341e                HAL_CAN_TxMailbox2CompleteCallback
 .text.HAL_CAN_TxMailbox0AbortCallback
                0x08003430       0x12 ./Drivers/STM32F1xx_HAL_Driver/Src/stm32f1xx_hal_can.o
                0x08003430                HAL_CAN_TxMailbox0AbortCallback
 .text.HAL_CAN_TxMailbox1AbortCallback
                0x08003442       0x12 ./Drivers/STM32F1xx_HAL_Driver/Src/stm32f1xx_hal_can.o
                0x08003442                HAL_CAN_TxMailbox1AbortCallback
 .text.HAL_CAN_TxMailbox2AbortCallback
                0x08003454       0x12 ./Drivers/STM32F1xx_HAL_Driver/Src/stm32f1xx_hal_can.o
                0x08003454                HAL_CAN_TxMailbox2AbortCallback
 .text.HAL_CAN_RxFifo0FullCallback
                0x08003466       0x12 ./Drivers/STM32F1xx_HAL_Driver/Src/stm32f1xx_hal_can.o
                0x08003466                HAL_CAN_RxFifo0FullCallback
 .text.HAL_CAN_RxFifo1MsgPendingCallback
                0x08003478       0x12 ./Drivers/STM32F1xx_HAL_Driver/Src/stm32f1xx_hal_can.o
                0x08003478                HAL_CAN_RxFifo1MsgPendingCallback
 .text.HAL_CAN_RxFifo1FullCallback
                0x0800348a       0x12 ./Drivers/STM32F1xx_HAL_Driver/Src/stm32f1xx_hal_can.o
                0x0800348a                HAL_CAN_RxFifo1FullCallback
 .text.HAL_CAN_SleepCallback
                0x0800349c       0x12 ./Drivers/STM32F1xx_HAL_Driver/Src/stm32f1xx_hal_can.o
                0x0800349c                HAL_CAN_SleepCallback
 .text.HAL_CAN_WakeUpFromRxMsgCallback
                0x080034ae       0x12 ./Drivers/STM32F1xx_HAL_Driver/Src/stm32f1xx_hal_can.o
                0x080034ae                HAL_CAN_WakeUpFromRxMsgCallback
 .text.HAL_CAN_ErrorCallback
                0x080034c0       0x12 ./Drivers/STM32F1xx_HAL_Driver/Src/stm32f1xx_hal_can.o
                0x080034c0                HAL_CAN_ErrorCallback
 *fill*         0x080034d2        0x2 
 .text.__NVIC_SetPriorityGrouping
                0x080034d4       0x48 ./Drivers/STM32F1xx_HAL_Driver/Src/stm32f1xx_hal_cortex.o
 .text.__NVIC_GetPriorityGrouping
                0x0800351c       0x1c ./Drivers/STM32F1xx_HAL_Driver/Src/stm32f1xx_hal_cortex.o
 .text.__NVIC_EnableIRQ
                0x08003538       0x38 ./Drivers/STM32F1xx_HAL_Driver/Src/stm32f1xx_hal_cortex.o
 .text.__NVIC_SetPriority
                0x08003570       0x54 ./Drivers/STM32F1xx_HAL_Driver/Src/stm32f1xx_hal_cortex.o
 .text.NVIC_EncodePriority
                0x080035c4       0x64 ./Drivers/STM32F1xx_HAL_Driver/Src/stm32f1xx_hal_cortex.o
 .text.SysTick_Config
                0x08003628       0x44 ./Drivers/STM32F1xx_HAL_Driver/Src/stm32f1xx_hal_cortex.o
 .text.HAL_NVIC_SetPriorityGrouping
                0x0800366c       0x16 ./Drivers/STM32F1xx_HAL_Driver/Src/stm32f1xx_hal_cortex.o
                0x0800366c                HAL_NVIC_SetPriorityGrouping
 .text.HAL_NVIC_SetPriority
                0x08003682       0x38 ./Drivers/STM32F1xx_HAL_Driver/Src/stm32f1xx_hal_cortex.o
                0x08003682                HAL_NVIC_SetPriority
 .text.HAL_NVIC_EnableIRQ
                0x080036ba       0x1c ./Drivers/STM32F1xx_HAL_Driver/Src/stm32f1xx_hal_cortex.o
                0x080036ba                HAL_NVIC_EnableIRQ
 .text.HAL_SYSTICK_Config
                0x080036d6       0x18 ./Drivers/STM32F1xx_HAL_Driver/Src/stm32f1xx_hal_cortex.o
                0x080036d6                HAL_SYSTICK_Config
 *fill*         0x080036ee        0x2 
 .text.HAL_DMA_Init
                0x080036f0       0xb4 ./Drivers/STM32F1xx_HAL_Driver/Src/stm32f1xx_hal_dma.o
                0x080036f0                HAL_DMA_Init
 .text.HAL_DMA_Start_IT
                0x080037a4       0xc0 ./Drivers/STM32F1xx_HAL_Driver/Src/stm32f1xx_hal_dma.o
                0x080037a4                HAL_DMA_Start_IT
 .text.HAL_DMA_IRQHandler
                0x08003864      0x20c ./Drivers/STM32F1xx_HAL_Driver/Src/stm32f1xx_hal_dma.o
                0x08003864                HAL_DMA_IRQHandler
 .text.DMA_SetConfig
                0x08003a70       0x5a ./Drivers/STM32F1xx_HAL_Driver/Src/stm32f1xx_hal_dma.o
 *fill*         0x08003aca        0x2 
 .text.HAL_GPIO_Init
                0x08003acc      0x308 ./Drivers/STM32F1xx_HAL_Driver/Src/stm32f1xx_hal_gpio.o
                0x08003acc                HAL_GPIO_Init
 .text.HAL_GPIO_ReadPin
                0x08003dd4       0x2e ./Drivers/STM32F1xx_HAL_Driver/Src/stm32f1xx_hal_gpio.o
                0x08003dd4                HAL_GPIO_ReadPin
 .text.HAL_GPIO_WritePin
                0x08003e02       0x30 ./Drivers/STM32F1xx_HAL_Driver/Src/stm32f1xx_hal_gpio.o
                0x08003e02                HAL_GPIO_WritePin
 .text.HAL_GPIO_TogglePin
                0x08003e32       0x32 ./Drivers/STM32F1xx_HAL_Driver/Src/stm32f1xx_hal_gpio.o
                0x08003e32                HAL_GPIO_TogglePin
 .text.HAL_RCC_OscConfig
                0x08003e64      0x504 ./Drivers/STM32F1xx_HAL_Driver/Src/stm32f1xx_hal_rcc.o
                0x08003e64                HAL_RCC_OscConfig
 .text.HAL_RCC_ClockConfig
                0x08004368      0x1d4 ./Drivers/STM32F1xx_HAL_Driver/Src/stm32f1xx_hal_rcc.o
                0x08004368                HAL_RCC_ClockConfig
 .text.HAL_RCC_GetSysClockFreq
                0x0800453c       0xa8 ./Drivers/STM32F1xx_HAL_Driver/Src/stm32f1xx_hal_rcc.o
                0x0800453c                HAL_RCC_GetSysClockFreq
 .text.HAL_RCC_GetHCLKFreq
                0x080045e4       0x14 ./Drivers/STM32F1xx_HAL_Driver/Src/stm32f1xx_hal_rcc.o
                0x080045e4                HAL_RCC_GetHCLKFreq
 .text.HAL_RCC_GetPCLK1Freq
                0x080045f8       0x28 ./Drivers/STM32F1xx_HAL_Driver/Src/stm32f1xx_hal_rcc.o
                0x080045f8                HAL_RCC_GetPCLK1Freq
 .text.HAL_RCC_GetPCLK2Freq
                0x08004620       0x28 ./Drivers/STM32F1xx_HAL_Driver/Src/stm32f1xx_hal_rcc.o
                0x08004620                HAL_RCC_GetPCLK2Freq
 .text.RCC_Delay
                0x08004648       0x3c ./Drivers/STM32F1xx_HAL_Driver/Src/stm32f1xx_hal_rcc.o
 .text.HAL_RCCEx_PeriphCLKConfig
                0x08004684      0x16c ./Drivers/STM32F1xx_HAL_Driver/Src/stm32f1xx_hal_rcc_ex.o
                0x08004684                HAL_RCCEx_PeriphCLKConfig
 .text.HAL_RCCEx_GetPeriphCLKFreq
                0x080047f0      0x16c ./Drivers/STM32F1xx_HAL_Driver/Src/stm32f1xx_hal_rcc_ex.o
                0x080047f0                HAL_RCCEx_GetPeriphCLKFreq
 .text.HAL_TIM_Base_Init
                0x0800495c       0x9e ./Drivers/STM32F1xx_HAL_Driver/Src/stm32f1xx_hal_tim.o
                0x0800495c                HAL_TIM_Base_Init
 *fill*         0x080049fa        0x2 
 .text.HAL_TIM_Base_Start_IT
                0x080049fc       0xa4 ./Drivers/STM32F1xx_HAL_Driver/Src/stm32f1xx_hal_tim.o
                0x080049fc                HAL_TIM_Base_Start_IT
 .text.HAL_TIM_PWM_Init
                0x08004aa0       0x9e ./Drivers/STM32F1xx_HAL_Driver/Src/stm32f1xx_hal_tim.o
                0x08004aa0                HAL_TIM_PWM_Init
 .text.HAL_TIM_PWM_MspInit
                0x08004b3e       0x12 ./Drivers/STM32F1xx_HAL_Driver/Src/stm32f1xx_hal_tim.o
                0x08004b3e                HAL_TIM_PWM_MspInit
 .text.HAL_TIM_PWM_Start_DMA
                0x08004b50      0x344 ./Drivers/STM32F1xx_HAL_Driver/Src/stm32f1xx_hal_tim.o
                0x08004b50                HAL_TIM_PWM_Start_DMA
 .text.HAL_TIM_IRQHandler
                0x08004e94      0x1e0 ./Drivers/STM32F1xx_HAL_Driver/Src/stm32f1xx_hal_tim.o
                0x08004e94                HAL_TIM_IRQHandler
 .text.HAL_TIM_PWM_ConfigChannel
                0x08005074      0x184 ./Drivers/STM32F1xx_HAL_Driver/Src/stm32f1xx_hal_tim.o
                0x08005074                HAL_TIM_PWM_ConfigChannel
 .text.HAL_TIM_ConfigClockSource
                0x080051f8      0x18e ./Drivers/STM32F1xx_HAL_Driver/Src/stm32f1xx_hal_tim.o
                0x080051f8                HAL_TIM_ConfigClockSource
 .text.HAL_TIM_OC_DelayElapsedCallback
                0x08005386       0x12 ./Drivers/STM32F1xx_HAL_Driver/Src/stm32f1xx_hal_tim.o
                0x08005386                HAL_TIM_OC_DelayElapsedCallback
 .text.HAL_TIM_IC_CaptureCallback
                0x08005398       0x12 ./Drivers/STM32F1xx_HAL_Driver/Src/stm32f1xx_hal_tim.o
                0x08005398                HAL_TIM_IC_CaptureCallback
 .text.HAL_TIM_PWM_PulseFinishedCallback
                0x080053aa       0x12 ./Drivers/STM32F1xx_HAL_Driver/Src/stm32f1xx_hal_tim.o
                0x080053aa                HAL_TIM_PWM_PulseFinishedCallback
 .text.HAL_TIM_PWM_PulseFinishedHalfCpltCallback
                0x080053bc       0x12 ./Drivers/STM32F1xx_HAL_Driver/Src/stm32f1xx_hal_tim.o
                0x080053bc                HAL_TIM_PWM_PulseFinishedHalfCpltCallback
 .text.HAL_TIM_TriggerCallback
                0x080053ce       0x12 ./Drivers/STM32F1xx_HAL_Driver/Src/stm32f1xx_hal_tim.o
                0x080053ce                HAL_TIM_TriggerCallback
 .text.HAL_TIM_ErrorCallback
                0x080053e0       0x12 ./Drivers/STM32F1xx_HAL_Driver/Src/stm32f1xx_hal_tim.o
                0x080053e0                HAL_TIM_ErrorCallback
 .text.TIM_DMAError
                0x080053f2       0x92 ./Drivers/STM32F1xx_HAL_Driver/Src/stm32f1xx_hal_tim.o
                0x080053f2                TIM_DMAError
 .text.TIM_DMADelayPulseCplt
                0x08005484       0xa8 ./Drivers/STM32F1xx_HAL_Driver/Src/stm32f1xx_hal_tim.o
 .text.TIM_DMADelayPulseHalfCplt
                0x0800552c       0x68 ./Drivers/STM32F1xx_HAL_Driver/Src/stm32f1xx_hal_tim.o
                0x0800552c                TIM_DMADelayPulseHalfCplt
 .text.TIM_Base_SetConfig
                0x08005594       0xdc ./Drivers/STM32F1xx_HAL_Driver/Src/stm32f1xx_hal_tim.o
                0x08005594                TIM_Base_SetConfig
 .text.TIM_OC1_SetConfig
                0x08005670       0xcc ./Drivers/STM32F1xx_HAL_Driver/Src/stm32f1xx_hal_tim.o
 .text.TIM_OC2_SetConfig
                0x0800573c       0xd4 ./Drivers/STM32F1xx_HAL_Driver/Src/stm32f1xx_hal_tim.o
                0x0800573c                TIM_OC2_SetConfig
 .text.TIM_OC3_SetConfig
                0x08005810       0xd4 ./Drivers/STM32F1xx_HAL_Driver/Src/stm32f1xx_hal_tim.o
 .text.TIM_OC4_SetConfig
                0x080058e4       0x9c ./Drivers/STM32F1xx_HAL_Driver/Src/stm32f1xx_hal_tim.o
 .text.TIM_TI1_ConfigInputStage
                0x08005980       0x5c ./Drivers/STM32F1xx_HAL_Driver/Src/stm32f1xx_hal_tim.o
 .text.TIM_TI2_ConfigInputStage
                0x080059dc       0x5e ./Drivers/STM32F1xx_HAL_Driver/Src/stm32f1xx_hal_tim.o
 .text.TIM_ITRx_SetConfig
                0x08005a3a       0x34 ./Drivers/STM32F1xx_HAL_Driver/Src/stm32f1xx_hal_tim.o
 .text.TIM_ETR_SetConfig
                0x08005a6e       0x3e ./Drivers/STM32F1xx_HAL_Driver/Src/stm32f1xx_hal_tim.o
                0x08005a6e                TIM_ETR_SetConfig
 .text.TIM_CCxChannelCmd
                0x08005aac       0x48 ./Drivers/STM32F1xx_HAL_Driver/Src/stm32f1xx_hal_tim.o
                0x08005aac                TIM_CCxChannelCmd
 .text.HAL_TIMEx_MasterConfigSynchronization
                0x08005af4       0xbc ./Drivers/STM32F1xx_HAL_Driver/Src/stm32f1xx_hal_tim_ex.o
                0x08005af4                HAL_TIMEx_MasterConfigSynchronization
 .text.HAL_TIMEx_CommutCallback
                0x08005bb0       0x12 ./Drivers/STM32F1xx_HAL_Driver/Src/stm32f1xx_hal_tim_ex.o
                0x08005bb0                HAL_TIMEx_CommutCallback
 .text.HAL_TIMEx_BreakCallback
                0x08005bc2       0x12 ./Drivers/STM32F1xx_HAL_Driver/Src/stm32f1xx_hal_tim_ex.o
                0x08005bc2                HAL_TIMEx_BreakCallback
 .text.HAL_UART_Init
                0x08005bd4       0xa0 ./Drivers/STM32F1xx_HAL_Driver/Src/stm32f1xx_hal_uart.o
                0x08005bd4                HAL_UART_Init
 .text.HAL_UART_Transmit
                0x08005c74      0x116 ./Drivers/STM32F1xx_HAL_Driver/Src/stm32f1xx_hal_uart.o
                0x08005c74                HAL_UART_Transmit
 .text.UART_WaitOnFlagUntilTimeout
                0x08005d8a       0xb2 ./Drivers/STM32F1xx_HAL_Driver/Src/stm32f1xx_hal_uart.o
 .text.UART_EndRxTransfer
                0x08005e3c       0xc4 ./Drivers/STM32F1xx_HAL_Driver/Src/stm32f1xx_hal_uart.o
 .text.UART_SetConfig
                0x08005f00      0x11c ./Drivers/STM32F1xx_HAL_Driver/Src/stm32f1xx_hal_uart.o
 .text.memset   0x0800601c       0x10 D:/CubeIDE/STM32CubeIDE_1.17.0/STM32CubeIDE/plugins/com.st.stm32cube.ide.mcu.externaltools.gnu-tools-for-stm32.12.3.rel1.win32_1.1.0.202410251130/tools/bin/../lib/gcc/arm-none-eabi/12.3.1/../../../../arm-none-eabi/lib/thumb/v7-m/nofp\libc_nano.a(libc_a-memset.o)
                0x0800601c                memset
 .text.__libc_init_array
                0x0800602c       0x48 D:/CubeIDE/STM32CubeIDE_1.17.0/STM32CubeIDE/plugins/com.st.stm32cube.ide.mcu.externaltools.gnu-tools-for-stm32.12.3.rel1.win32_1.1.0.202410251130/tools/bin/../lib/gcc/arm-none-eabi/12.3.1/../../../../arm-none-eabi/lib/thumb/v7-m/nofp\libc_nano.a(libc_a-init.o)
                0x0800602c                __libc_init_array
 *(.glue_7)
 .glue_7        0x08006074        0x0 linker stubs
 *(.glue_7t)
 .glue_7t       0x08006074        0x0 linker stubs
 *(.eh_frame)
 .eh_frame      0x08006074        0x0 D:/CubeIDE/STM32CubeIDE_1.17.0/STM32CubeIDE/plugins/com.st.stm32cube.ide.mcu.externaltools.gnu-tools-for-stm32.12.3.rel1.win32_1.1.0.202410251130/tools/bin/../lib/gcc/arm-none-eabi/12.3.1/thumb/v7-m/nofp/crtbegin.o
 *(.init)
 .init          0x08006074        0x4 D:/CubeIDE/STM32CubeIDE_1.17.0/STM32CubeIDE/plugins/com.st.stm32cube.ide.mcu.externaltools.gnu-tools-for-stm32.12.3.rel1.win32_1.1.0.202410251130/tools/bin/../lib/gcc/arm-none-eabi/12.3.1/thumb/v7-m/nofp/crti.o
                0x08006074                _init
 .init          0x08006078        0x8 D:/CubeIDE/STM32CubeIDE_1.17.0/STM32CubeIDE/plugins/com.st.stm32cube.ide.mcu.externaltools.gnu-tools-for-stm32.12.3.rel1.win32_1.1.0.202410251130/tools/bin/../lib/gcc/arm-none-eabi/12.3.1/thumb/v7-m/nofp/crtn.o
 *(.fini)
 .fini          0x08006080        0x4 D:/CubeIDE/STM32CubeIDE_1.17.0/STM32CubeIDE/plugins/com.st.stm32cube.ide.mcu.externaltools.gnu-tools-for-stm32.12.3.rel1.win32_1.1.0.202410251130/tools/bin/../lib/gcc/arm-none-eabi/12.3.1/thumb/v7-m/nofp/crti.o
                0x08006080                _fini
 .fini          0x08006084        0x8 D:/CubeIDE/STM32CubeIDE_1.17.0/STM32CubeIDE/plugins/com.st.stm32cube.ide.mcu.externaltools.gnu-tools-for-stm32.12.3.rel1.win32_1.1.0.202410251130/tools/bin/../lib/gcc/arm-none-eabi/12.3.1/thumb/v7-m/nofp/crtn.o
                0x0800608c                        . = ALIGN (0x4)
                0x0800608c                        _etext = .

.vfp11_veneer   0x0800608c        0x0
 .vfp11_veneer  0x0800608c        0x0 linker stubs

.v4_bx          0x0800608c        0x0
 .v4_bx         0x0800608c        0x0 linker stubs

.iplt           0x0800608c        0x0
 .iplt          0x0800608c        0x0 D:/CubeIDE/STM32CubeIDE_1.17.0/STM32CubeIDE/plugins/com.st.stm32cube.ide.mcu.externaltools.gnu-tools-for-stm32.12.3.rel1.win32_1.1.0.202410251130/tools/bin/../lib/gcc/arm-none-eabi/12.3.1/thumb/v7-m/nofp/crtbegin.o

.rodata         0x0800608c       0x64
                0x0800608c                        . = ALIGN (0x4)
 *(.rodata)
 .rodata        0x0800608c       0x21 ./Core/Src/user_can.o
 *(.rodata*)
 *fill*         0x080060ad        0x3 
 .rodata.AHBPrescTable
                0x080060b0       0x10 ./Core/Src/system_stm32f1xx.o
                0x080060b0                AHBPrescTable
 .rodata.APBPrescTable
                0x080060c0        0x8 ./Core/Src/system_stm32f1xx.o
                0x080060c0                APBPrescTable
 .rodata.aPLLMULFactorTable.1
                0x080060c8       0x10 ./Drivers/STM32F1xx_HAL_Driver/Src/stm32f1xx_hal_rcc.o
 .rodata.aPredivFactorTable.0
                0x080060d8        0x2 ./Drivers/STM32F1xx_HAL_Driver/Src/stm32f1xx_hal_rcc.o
 *fill*         0x080060da        0x2 
 .rodata.aPLLMULFactorTable.1
                0x080060dc       0x10 ./Drivers/STM32F1xx_HAL_Driver/Src/stm32f1xx_hal_rcc_ex.o
 .rodata.aPredivFactorTable.0
                0x080060ec        0x2 ./Drivers/STM32F1xx_HAL_Driver/Src/stm32f1xx_hal_rcc_ex.o
                0x080060f0                        . = ALIGN (0x4)
 *fill*         0x080060ee        0x2 

.ARM.extab      0x080060f0        0x0
                0x080060f0                        . = ALIGN (0x4)
 *(.ARM.extab* .gnu.linkonce.armextab.*)
                0x080060f0                        . = ALIGN (0x4)

.ARM            0x080060f0        0x0
                0x080060f0                        . = ALIGN (0x4)
                0x080060f0                        __exidx_start = .
 *(.ARM.exidx*)
                0x080060f0                        __exidx_end = .
                0x080060f0                        . = ALIGN (0x4)

.preinit_array  0x080060f0        0x0
                0x080060f0                        . = ALIGN (0x4)
                0x080060f0                        PROVIDE (__preinit_array_start = .)
 *(.preinit_array*)
                0x080060f0                        PROVIDE (__preinit_array_end = .)
                0x080060f0                        . = ALIGN (0x4)

.init_array     0x080060f0        0x4
                0x080060f0                        . = ALIGN (0x4)
                0x080060f0                        PROVIDE (__init_array_start = .)
 *(SORT_BY_NAME(.init_array.*))
 *(.init_array*)
 .init_array    0x080060f0        0x4 D:/CubeIDE/STM32CubeIDE_1.17.0/STM32CubeIDE/plugins/com.st.stm32cube.ide.mcu.externaltools.gnu-tools-for-stm32.12.3.rel1.win32_1.1.0.202410251130/tools/bin/../lib/gcc/arm-none-eabi/12.3.1/thumb/v7-m/nofp/crtbegin.o
                0x080060f4                        PROVIDE (__init_array_end = .)
                0x080060f4                        . = ALIGN (0x4)

.fini_array     0x080060f4        0x4
                0x080060f4                        . = ALIGN (0x4)
                [!provide]                        PROVIDE (__fini_array_start = .)
 *(SORT_BY_NAME(.fini_array.*))
 *(.fini_array*)
 .fini_array    0x080060f4        0x4 D:/CubeIDE/STM32CubeIDE_1.17.0/STM32CubeIDE/plugins/com.st.stm32cube.ide.mcu.externaltools.gnu-tools-for-stm32.12.3.rel1.win32_1.1.0.202410251130/tools/bin/../lib/gcc/arm-none-eabi/12.3.1/thumb/v7-m/nofp/crtbegin.o
                [!provide]                        PROVIDE (__fini_array_end = .)
                0x080060f8                        . = ALIGN (0x4)
                0x080060f8                        _sidata = LOADADDR (.data)

.rel.dyn        0x080060f8        0x0
 .rel.iplt      0x080060f8        0x0 D:/CubeIDE/STM32CubeIDE_1.17.0/STM32CubeIDE/plugins/com.st.stm32cube.ide.mcu.externaltools.gnu-tools-for-stm32.12.3.rel1.win32_1.1.0.202410251130/tools/bin/../lib/gcc/arm-none-eabi/12.3.1/thumb/v7-m/nofp/crtbegin.o

.data           0x20000000       0x10 load address 0x080060f8
                0x20000000                        . = ALIGN (0x4)
                0x20000000                        _sdata = .
 *(.data)
 *(.data*)
 .data.AS_State
                0x20000000        0x1 ./Core/Src/main.o
                0x20000000                AS_State
 *fill*         0x20000001        0x3 
 .data.SystemCoreClock
                0x20000004        0x4 ./Core/Src/system_stm32f1xx.o
                0x20000004                SystemCoreClock
 .data.uwTickPrio
                0x20000008        0x4 ./Drivers/STM32F1xx_HAL_Driver/Src/stm32f1xx_hal.o
                0x20000008                uwTickPrio
 .data.uwTickFreq
                0x2000000c        0x1 ./Drivers/STM32F1xx_HAL_Driver/Src/stm32f1xx_hal.o
                0x2000000c                uwTickFreq
 *(.RamFunc)
 *(.RamFunc*)
                0x20000010                        . = ALIGN (0x4)
 *fill*         0x2000000d        0x3 
                0x20000010                        _edata = .

.igot.plt       0x20000010        0x0 load address 0x08006108
 .igot.plt      0x20000010        0x0 D:/CubeIDE/STM32CubeIDE_1.17.0/STM32CubeIDE/plugins/com.st.stm32cube.ide.mcu.externaltools.gnu-tools-for-stm32.12.3.rel1.win32_1.1.0.202410251130/tools/bin/../lib/gcc/arm-none-eabi/12.3.1/thumb/v7-m/nofp/crtbegin.o
                0x20000010                        . = ALIGN (0x4)

.bss            0x20000010      0xe54 load address 0x08006108
                0x20000010                        _sbss = .
                0x20000010                        __bss_start__ = _sbss
 *(.bss)
 .bss           0x20000010       0x1c D:/CubeIDE/STM32CubeIDE_1.17.0/STM32CubeIDE/plugins/com.st.stm32cube.ide.mcu.externaltools.gnu-tools-for-stm32.12.3.rel1.win32_1.1.0.202410251130/tools/bin/../lib/gcc/arm-none-eabi/12.3.1/thumb/v7-m/nofp/crtbegin.o
 *(.bss*)
 .bss.hadc1     0x2000002c       0x30 ./Core/Src/adc.o
                0x2000002c                hadc1
 .bss.hcan      0x2000005c       0x28 ./Core/Src/can.o
                0x2000005c                hcan
 .bss.EBS_Able_State
                0x20000084        0x1 ./Core/Src/main.o
                0x20000084                EBS_Able_State
 *fill*         0x20000085        0x3 
 .bss.adc_value
                0x20000088        0x8 ./Core/Src/main.o
                0x20000088                adc_value
 .bss.YOUYA_State
                0x20000090        0x1 ./Core/Src/main.o
                0x20000090                YOUYA_State
 .bss.QIYA_State
                0x20000091        0x1 ./Core/Src/main.o
                0x20000091                QIYA_State
 .bss.Driving_Mode_From_ACU
                0x20000092        0x1 ./Core/Src/main.o
                0x20000092                Driving_Mode_From_ACU
 .bss.Go_valid  0x20000093        0x1 ./Core/Src/main.o
                0x20000093                Go_valid
 .bss.Task_Finished
                0x20000094        0x1 ./Core/Src/main.o
                0x20000094                Task_Finished
 .bss.ASB_State
                0x20000095        0x1 ./Core/Src/main.o
                0x20000095                ASB_State
 .bss.TS_State  0x20000096        0x1 ./Core/Src/main.o
                0x20000096                TS_State
 .bss.ASMS_State
                0x20000097        0x1 ./Core/Src/main.o
                0x20000097                ASMS_State
 .bss.adc_to_convert
                0x20000098        0x1 ./Core/Src/main.o
                0x20000098                adc_to_convert
 .bss.Brake_Release_Status
                0x20000099        0x1 ./Core/Src/main.o
                0x20000099                Brake_Release_Status
 .bss.RES_Status
                0x2000009a        0x1 ./Core/Src/main.o
                0x2000009a                RES_Status
 .bss.EBS_Trigger_Reason
                0x2000009b        0x1 ./Core/Src/main.o
                0x2000009b                EBS_Trigger_Reason
 .bss.EBS_LOGIC_POWER_STATE
                0x2000009c        0x1 ./Core/Src/main.o
                0x2000009c                EBS_LOGIC_POWER_STATE
 .bss.LIDAR_Cam_MPU_State
                0x2000009d        0x1 ./Core/Src/main.o
                0x2000009d                LIDAR_Cam_MPU_State
 .bss.blink_enabled
                0x2000009e        0x1 ./Core/Src/main.o
                0x2000009e                blink_enabled
 .bss.BEE_enabled
                0x2000009f        0x1 ./Core/Src/main.o
                0x2000009f                BEE_enabled
 .bss.GO_Wait_State
                0x200000a0        0x1 ./Core/Src/main.o
                0x200000a0                GO_Wait_State
 .bss.GO_Wait_Count_State
                0x200000a1        0x1 ./Core/Src/main.o
                0x200000a1                GO_Wait_Count_State
 .bss.R2D_State
                0x200000a2        0x1 ./Core/Src/main.o
                0x200000a2                R2D_State
 .bss.EBS_BEE_STATE
                0x200000a3        0x1 ./Core/Src/main.o
                0x200000a3                EBS_BEE_STATE
 .bss.EBS_Trigger_State
                0x200000a4        0x1 ./Core/Src/main.o
                0x200000a4                EBS_Trigger_State
 .bss.EBS_Test_State
                0x200000a5        0x1 ./Core/Src/main.o
                0x200000a5                EBS_Test_State
 .bss.led_state
                0x200000a6        0x1 ./Core/Src/main.o
                0x200000a6                led_state
 .bss.BEE_Sparkle_state
                0x200000a7        0x1 ./Core/Src/main.o
                0x200000a7                BEE_Sparkle_state
 .bss.WDOG_num  0x200000a8        0x4 ./Core/Src/main.o
                0x200000a8                WDOG_num
 .bss.tim3_num  0x200000ac        0x4 ./Core/Src/main.o
                0x200000ac                tim3_num
 .bss.can_intterupt
                0x200000b0        0x4 ./Core/Src/main.o
                0x200000b0                can_intterupt
 .bss.GO_WAIT_num
                0x200000b4        0x4 ./Core/Src/main.o
                0x200000b4                GO_WAIT_num
 .bss.R2D_num   0x200000b8        0x4 ./Core/Src/main.o
                0x200000b8                R2D_num
 .bss.EBS_BEE_num
                0x200000bc        0x4 ./Core/Src/main.o
                0x200000bc                EBS_BEE_num
 .bss.BEE_Sparkle_num
                0x200000c0        0x4 ./Core/Src/main.o
                0x200000c0                BEE_Sparkle_num
 .bss.ASSI_Sparkle_num
                0x200000c4        0x4 ./Core/Src/main.o
                0x200000c4                ASSI_Sparkle_num
 .bss.EBS_Trigger_num
                0x200000c8        0x4 ./Core/Src/main.o
                0x200000c8                EBS_Trigger_num
 .bss.htim2     0x200000cc       0x48 ./Core/Src/tim.o
                0x200000cc                htim2
 .bss.htim3     0x20000114       0x48 ./Core/Src/tim.o
                0x20000114                htim3
 .bss.htim4     0x2000015c       0x48 ./Core/Src/tim.o
                0x2000015c                htim4
 .bss.hdma_tim4_ch1
                0x200001a4       0x44 ./Core/Src/tim.o
                0x200001a4                hdma_tim4_ch1
 .bss.huart1    0x200001e8       0x48 ./Core/Src/usart.o
                0x200001e8                huart1
 .bss.Pixel_Buf
                0x20000230      0xc30 ./Core/Src/user_rgb.o
 .bss.uwTick    0x20000e60        0x4 ./Drivers/STM32F1xx_HAL_Driver/Src/stm32f1xx_hal.o
                0x20000e60                uwTick
 *(COMMON)
                0x20000e64                        . = ALIGN (0x4)
                0x20000e64                        _ebss = .
                0x20000e64                        __bss_end__ = _ebss

._user_heap_stack
                0x20000e64      0x604 load address 0x08006108
                0x20000e68                        . = ALIGN (0x8)
 *fill*         0x20000e64        0x4 
                [!provide]                        PROVIDE (end = .)
                0x20000e68                        PROVIDE (_end = .)
                0x20001068                        . = (. + _Min_Heap_Size)
 *fill*         0x20000e68      0x200 
                0x20001468                        . = (. + _Min_Stack_Size)
 *fill*         0x20001068      0x400 
                0x20001468                        . = ALIGN (0x8)

/DISCARD/
 libc.a(*)
 libm.a(*)
 libgcc.a(*)

.ARM.attributes
                0x00000000       0x29
 *(.ARM.attributes)
 .ARM.attributes
                0x00000000       0x1d D:/CubeIDE/STM32CubeIDE_1.17.0/STM32CubeIDE/plugins/com.st.stm32cube.ide.mcu.externaltools.gnu-tools-for-stm32.12.3.rel1.win32_1.1.0.202410251130/tools/bin/../lib/gcc/arm-none-eabi/12.3.1/thumb/v7-m/nofp/crti.o
 .ARM.attributes
                0x0000001d       0x2d D:/CubeIDE/STM32CubeIDE_1.17.0/STM32CubeIDE/plugins/com.st.stm32cube.ide.mcu.externaltools.gnu-tools-for-stm32.12.3.rel1.win32_1.1.0.202410251130/tools/bin/../lib/gcc/arm-none-eabi/12.3.1/thumb/v7-m/nofp/crtbegin.o
 .ARM.attributes
                0x0000004a       0x2d ./Core/Src/adc.o
 .ARM.attributes
                0x00000077       0x2d ./Core/Src/can.o
 .ARM.attributes
                0x000000a4       0x2d ./Core/Src/dma.o
 .ARM.attributes
                0x000000d1       0x2d ./Core/Src/gpio.o
 .ARM.attributes
                0x000000fe       0x2d ./Core/Src/main.o
 .ARM.attributes
                0x0000012b       0x2d ./Core/Src/stm32f1xx_hal_msp.o
 .ARM.attributes
                0x00000158       0x2d ./Core/Src/stm32f1xx_it.o
 .ARM.attributes
                0x00000185       0x2d ./Core/Src/system_stm32f1xx.o
 .ARM.attributes
                0x000001b2       0x2d ./Core/Src/tim.o
 .ARM.attributes
                0x000001df       0x2d ./Core/Src/usart.o
 .ARM.attributes
                0x0000020c       0x2d ./Core/Src/user_AS_State.o
 .ARM.attributes
                0x00000239       0x2d ./Core/Src/user_adc.o
 .ARM.attributes
                0x00000266       0x2d ./Core/Src/user_can.o
 .ARM.attributes
                0x00000293       0x2d ./Core/Src/user_ebs.o
 .ARM.attributes
                0x000002c0       0x2d ./Core/Src/user_peripheral.o
 .ARM.attributes
                0x000002ed       0x2d ./Core/Src/user_rgb.o
 .ARM.attributes
                0x0000031a       0x21 ./Core/Startup/startup_stm32f103c8tx.o
 .ARM.attributes
                0x0000033b       0x2d ./Drivers/STM32F1xx_HAL_Driver/Src/stm32f1xx_hal.o
 .ARM.attributes
                0x00000368       0x2d ./Drivers/STM32F1xx_HAL_Driver/Src/stm32f1xx_hal_adc.o
 .ARM.attributes
                0x00000395       0x2d ./Drivers/STM32F1xx_HAL_Driver/Src/stm32f1xx_hal_can.o
 .ARM.attributes
                0x000003c2       0x2d ./Drivers/STM32F1xx_HAL_Driver/Src/stm32f1xx_hal_cortex.o
 .ARM.attributes
                0x000003ef       0x2d ./Drivers/STM32F1xx_HAL_Driver/Src/stm32f1xx_hal_dma.o
 .ARM.attributes
                0x0000041c       0x2d ./Drivers/STM32F1xx_HAL_Driver/Src/stm32f1xx_hal_gpio.o
 .ARM.attributes
                0x00000449       0x2d ./Drivers/STM32F1xx_HAL_Driver/Src/stm32f1xx_hal_rcc.o
 .ARM.attributes
                0x00000476       0x2d ./Drivers/STM32F1xx_HAL_Driver/Src/stm32f1xx_hal_rcc_ex.o
 .ARM.attributes
                0x000004a3       0x2d ./Drivers/STM32F1xx_HAL_Driver/Src/stm32f1xx_hal_tim.o
 .ARM.attributes
                0x000004d0       0x2d ./Drivers/STM32F1xx_HAL_Driver/Src/stm32f1xx_hal_tim_ex.o
 .ARM.attributes
                0x000004fd       0x2d ./Drivers/STM32F1xx_HAL_Driver/Src/stm32f1xx_hal_uart.o
 .ARM.attributes
                0x0000052a       0x2d D:/CubeIDE/STM32CubeIDE_1.17.0/STM32CubeIDE/plugins/com.st.stm32cube.ide.mcu.externaltools.gnu-tools-for-stm32.12.3.rel1.win32_1.1.0.202410251130/tools/bin/../lib/gcc/arm-none-eabi/12.3.1/../../../../arm-none-eabi/lib/thumb/v7-m/nofp\libc_nano.a(libc_a-memset.o)
 .ARM.attributes
                0x00000557       0x2d D:/CubeIDE/STM32CubeIDE_1.17.0/STM32CubeIDE/plugins/com.st.stm32cube.ide.mcu.externaltools.gnu-tools-for-stm32.12.3.rel1.win32_1.1.0.202410251130/tools/bin/../lib/gcc/arm-none-eabi/12.3.1/../../../../arm-none-eabi/lib/thumb/v7-m/nofp\libc_nano.a(libc_a-init.o)
 .ARM.attributes
                0x00000584       0x1d D:/CubeIDE/STM32CubeIDE_1.17.0/STM32CubeIDE/plugins/com.st.stm32cube.ide.mcu.externaltools.gnu-tools-for-stm32.12.3.rel1.win32_1.1.0.202410251130/tools/bin/../lib/gcc/arm-none-eabi/12.3.1/thumb/v7-m/nofp/crtn.o
OUTPUT(EBS_ECU.elf elf32-littlearm)
LOAD linker stubs
LOAD D:/CubeIDE/STM32CubeIDE_1.17.0/STM32CubeIDE/plugins/com.st.stm32cube.ide.mcu.externaltools.gnu-tools-for-stm32.12.3.rel1.win32_1.1.0.202410251130/tools/bin/../lib/gcc/arm-none-eabi/12.3.1/../../../../arm-none-eabi/lib/thumb/v7-m/nofp\libc.a
LOAD D:/CubeIDE/STM32CubeIDE_1.17.0/STM32CubeIDE/plugins/com.st.stm32cube.ide.mcu.externaltools.gnu-tools-for-stm32.12.3.rel1.win32_1.1.0.202410251130/tools/bin/../lib/gcc/arm-none-eabi/12.3.1/../../../../arm-none-eabi/lib/thumb/v7-m/nofp\libm.a
LOAD D:/CubeIDE/STM32CubeIDE_1.17.0/STM32CubeIDE/plugins/com.st.stm32cube.ide.mcu.externaltools.gnu-tools-for-stm32.12.3.rel1.win32_1.1.0.202410251130/tools/bin/../lib/gcc/arm-none-eabi/12.3.1/thumb/v7-m/nofp\libgcc.a

.debug_info     0x00000000    0x12691
 .debug_info    0x00000000      0x7bf ./Core/Src/adc.o
 .debug_info    0x000007bf      0x86e ./Core/Src/can.o
 .debug_info    0x0000102d      0x2d6 ./Core/Src/dma.o
 .debug_info    0x00001303      0x2da ./Core/Src/gpio.o
 .debug_info    0x000015dd      0xd87 ./Core/Src/main.o
 .debug_info    0x00002364      0x1f8 ./Core/Src/stm32f1xx_hal_msp.o
 .debug_info    0x0000255c      0xaa4 ./Core/Src/stm32f1xx_it.o
 .debug_info    0x00003000      0x222 ./Core/Src/system_stm32f1xx.o
 .debug_info    0x00003222      0xced ./Core/Src/tim.o
 .debug_info    0x00003f0f      0x79f ./Core/Src/usart.o
 .debug_info    0x000046ae      0x7f2 ./Core/Src/user_AS_State.o
 .debug_info    0x00004ea0      0x606 ./Core/Src/user_adc.o
 .debug_info    0x000054a6      0xef1 ./Core/Src/user_can.o
 .debug_info    0x00006397      0x2ad ./Core/Src/user_ebs.o
 .debug_info    0x00006644      0x254 ./Core/Src/user_peripheral.o
 .debug_info    0x00006898      0xbe8 ./Core/Src/user_rgb.o
 .debug_info    0x00007480       0x30 ./Core/Startup/startup_stm32f103c8tx.o
 .debug_info    0x000074b0      0x704 ./Drivers/STM32F1xx_HAL_Driver/Src/stm32f1xx_hal.o
 .debug_info    0x00007bb4      0xc50 ./Drivers/STM32F1xx_HAL_Driver/Src/stm32f1xx_hal_adc.o
 .debug_info    0x00008804      0xf13 ./Drivers/STM32F1xx_HAL_Driver/Src/stm32f1xx_hal_can.o
 .debug_info    0x00009717      0xa87 ./Drivers/STM32F1xx_HAL_Driver/Src/stm32f1xx_hal_cortex.o
 .debug_info    0x0000a19e      0x6d2 ./Drivers/STM32F1xx_HAL_Driver/Src/stm32f1xx_hal_dma.o
 .debug_info    0x0000a870      0x5ab ./Drivers/STM32F1xx_HAL_Driver/Src/stm32f1xx_hal_gpio.o
 .debug_info    0x0000ae1b      0x7d5 ./Drivers/STM32F1xx_HAL_Driver/Src/stm32f1xx_hal_rcc.o
 .debug_info    0x0000b5f0      0x3c0 ./Drivers/STM32F1xx_HAL_Driver/Src/stm32f1xx_hal_rcc_ex.o
 .debug_info    0x0000b9b0     0x2959 ./Drivers/STM32F1xx_HAL_Driver/Src/stm32f1xx_hal_tim.o
 .debug_info    0x0000e309     0x149b ./Drivers/STM32F1xx_HAL_Driver/Src/stm32f1xx_hal_tim_ex.o
 .debug_info    0x0000f7a4     0x2eed ./Drivers/STM32F1xx_HAL_Driver/Src/stm32f1xx_hal_uart.o

.debug_abbrev   0x00000000     0x36cf
 .debug_abbrev  0x00000000      0x1e1 ./Core/Src/adc.o
 .debug_abbrev  0x000001e1      0x232 ./Core/Src/can.o
 .debug_abbrev  0x00000413       0xfc ./Core/Src/dma.o
 .debug_abbrev  0x0000050f      0x13f ./Core/Src/gpio.o
 .debug_abbrev  0x0000064e      0x29e ./Core/Src/main.o
 .debug_abbrev  0x000008ec       0xdb ./Core/Src/stm32f1xx_hal_msp.o
 .debug_abbrev  0x000009c7      0x1ea ./Core/Src/stm32f1xx_it.o
 .debug_abbrev  0x00000bb1      0x13f ./Core/Src/system_stm32f1xx.o
 .debug_abbrev  0x00000cf0      0x292 ./Core/Src/tim.o
 .debug_abbrev  0x00000f82      0x1e6 ./Core/Src/usart.o
 .debug_abbrev  0x00001168      0x275 ./Core/Src/user_AS_State.o
 .debug_abbrev  0x000013dd      0x1ba ./Core/Src/user_adc.o
 .debug_abbrev  0x00001597      0x21e ./Core/Src/user_can.o
 .debug_abbrev  0x000017b5      0x198 ./Core/Src/user_ebs.o
 .debug_abbrev  0x0000194d      0x12d ./Core/Src/user_peripheral.o
 .debug_abbrev  0x00001a7a      0x2f6 ./Core/Src/user_rgb.o
 .debug_abbrev  0x00001d70       0x24 ./Core/Startup/startup_stm32f103c8tx.o
 .debug_abbrev  0x00001d94      0x201 ./Drivers/STM32F1xx_HAL_Driver/Src/stm32f1xx_hal.o
 .debug_abbrev  0x00001f95      0x225 ./Drivers/STM32F1xx_HAL_Driver/Src/stm32f1xx_hal_adc.o
 .debug_abbrev  0x000021ba      0x21c ./Drivers/STM32F1xx_HAL_Driver/Src/stm32f1xx_hal_can.o
 .debug_abbrev  0x000023d6      0x2f8 ./Drivers/STM32F1xx_HAL_Driver/Src/stm32f1xx_hal_cortex.o
 .debug_abbrev  0x000026ce      0x20b ./Drivers/STM32F1xx_HAL_Driver/Src/stm32f1xx_hal_dma.o
 .debug_abbrev  0x000028d9      0x1ca ./Drivers/STM32F1xx_HAL_Driver/Src/stm32f1xx_hal_gpio.o
 .debug_abbrev  0x00002aa3      0x2b3 ./Drivers/STM32F1xx_HAL_Driver/Src/stm32f1xx_hal_rcc.o
 .debug_abbrev  0x00002d56      0x188 ./Drivers/STM32F1xx_HAL_Driver/Src/stm32f1xx_hal_rcc_ex.o
 .debug_abbrev  0x00002ede      0x277 ./Drivers/STM32F1xx_HAL_Driver/Src/stm32f1xx_hal_tim.o
 .debug_abbrev  0x00003155      0x282 ./Drivers/STM32F1xx_HAL_Driver/Src/stm32f1xx_hal_tim_ex.o
 .debug_abbrev  0x000033d7      0x2f8 ./Drivers/STM32F1xx_HAL_Driver/Src/stm32f1xx_hal_uart.o

.debug_aranges  0x00000000     0x1238
 .debug_aranges
                0x00000000       0x30 ./Core/Src/adc.o
 .debug_aranges
                0x00000030       0x30 ./Core/Src/can.o
 .debug_aranges
                0x00000060       0x20 ./Core/Src/dma.o
 .debug_aranges
                0x00000080       0x20 ./Core/Src/gpio.o
 .debug_aranges
                0x000000a0       0x40 ./Core/Src/main.o
 .debug_aranges
                0x000000e0       0x20 ./Core/Src/stm32f1xx_hal_msp.o
 .debug_aranges
                0x00000100       0x78 ./Core/Src/stm32f1xx_it.o
 .debug_aranges
                0x00000178       0x28 ./Core/Src/system_stm32f1xx.o
 .debug_aranges
                0x000001a0       0x48 ./Core/Src/tim.o
 .debug_aranges
                0x000001e8       0x30 ./Core/Src/usart.o
 .debug_aranges
                0x00000218       0xc8 ./Core/Src/user_AS_State.o
 .debug_aranges
                0x000002e0       0x38 ./Core/Src/user_adc.o
 .debug_aranges
                0x00000318       0x98 ./Core/Src/user_can.o
 .debug_aranges
                0x000003b0       0x70 ./Core/Src/user_ebs.o
 .debug_aranges
                0x00000420       0x80 ./Core/Src/user_peripheral.o
 .debug_aranges
                0x000004a0       0x90 ./Core/Src/user_rgb.o
 .debug_aranges
                0x00000530       0x28 ./Core/Startup/startup_stm32f103c8tx.o
 .debug_aranges
                0x00000558       0xe0 ./Drivers/STM32F1xx_HAL_Driver/Src/stm32f1xx_hal.o
 .debug_aranges
                0x00000638       0xf0 ./Drivers/STM32F1xx_HAL_Driver/Src/stm32f1xx_hal_adc.o
 .debug_aranges
                0x00000728      0x138 ./Drivers/STM32F1xx_HAL_Driver/Src/stm32f1xx_hal_can.o
 .debug_aranges
                0x00000860      0x100 ./Drivers/STM32F1xx_HAL_Driver/Src/stm32f1xx_hal_cortex.o
 .debug_aranges
                0x00000960       0x80 ./Drivers/STM32F1xx_HAL_Driver/Src/stm32f1xx_hal_dma.o
 .debug_aranges
                0x000009e0       0x58 ./Drivers/STM32F1xx_HAL_Driver/Src/stm32f1xx_hal_gpio.o
 .debug_aranges
                0x00000a38       0x90 ./Drivers/STM32F1xx_HAL_Driver/Src/stm32f1xx_hal_rcc.o
 .debug_aranges
                0x00000ac8       0x30 ./Drivers/STM32F1xx_HAL_Driver/Src/stm32f1xx_hal_rcc_ex.o
 .debug_aranges
                0x00000af8      0x3d0 ./Drivers/STM32F1xx_HAL_Driver/Src/stm32f1xx_hal_tim.o
 .debug_aranges
                0x00000ec8      0x168 ./Drivers/STM32F1xx_HAL_Driver/Src/stm32f1xx_hal_tim_ex.o
 .debug_aranges
                0x00001030      0x208 ./Drivers/STM32F1xx_HAL_Driver/Src/stm32f1xx_hal_uart.o

.debug_rnglists
                0x00000000      0xdf7
 .debug_rnglists
                0x00000000       0x20 ./Core/Src/adc.o
 .debug_rnglists
                0x00000020       0x20 ./Core/Src/can.o
 .debug_rnglists
                0x00000040       0x13 ./Core/Src/dma.o
 .debug_rnglists
                0x00000053       0x14 ./Core/Src/gpio.o
 .debug_rnglists
                0x00000067       0x2d ./Core/Src/main.o
 .debug_rnglists
                0x00000094       0x13 ./Core/Src/stm32f1xx_hal_msp.o
 .debug_rnglists
                0x000000a7       0x55 ./Core/Src/stm32f1xx_it.o
 .debug_rnglists
                0x000000fc       0x1a ./Core/Src/system_stm32f1xx.o
 .debug_rnglists
                0x00000116       0x36 ./Core/Src/tim.o
 .debug_rnglists
                0x0000014c       0x20 ./Core/Src/usart.o
 .debug_rnglists
                0x0000016c       0x95 ./Core/Src/user_AS_State.o
 .debug_rnglists
                0x00000201       0x25 ./Core/Src/user_adc.o
 .debug_rnglists
                0x00000226       0x71 ./Core/Src/user_can.o
 .debug_rnglists
                0x00000297       0x4f ./Core/Src/user_ebs.o
 .debug_rnglists
                0x000002e6       0x5b ./Core/Src/user_peripheral.o
 .debug_rnglists
                0x00000341       0x6b ./Core/Src/user_rgb.o
 .debug_rnglists
                0x000003ac       0x19 ./Core/Startup/startup_stm32f103c8tx.o
 .debug_rnglists
                0x000003c5       0xa3 ./Drivers/STM32F1xx_HAL_Driver/Src/stm32f1xx_hal.o
 .debug_rnglists
                0x00000468       0xbc ./Drivers/STM32F1xx_HAL_Driver/Src/stm32f1xx_hal_adc.o
 .debug_rnglists
                0x00000524       0xed ./Drivers/STM32F1xx_HAL_Driver/Src/stm32f1xx_hal_can.o
 .debug_rnglists
                0x00000611       0xbb ./Drivers/STM32F1xx_HAL_Driver/Src/stm32f1xx_hal_cortex.o
 .debug_rnglists
                0x000006cc       0x64 ./Drivers/STM32F1xx_HAL_Driver/Src/stm32f1xx_hal_dma.o
 .debug_rnglists
                0x00000730       0x3f ./Drivers/STM32F1xx_HAL_Driver/Src/stm32f1xx_hal_gpio.o
 .debug_rnglists
                0x0000076f       0x6c ./Drivers/STM32F1xx_HAL_Driver/Src/stm32f1xx_hal_rcc.o
 .debug_rnglists
                0x000007db       0x21 ./Drivers/STM32F1xx_HAL_Driver/Src/stm32f1xx_hal_rcc_ex.o
 .debug_rnglists
                0x000007fc      0x31a ./Drivers/STM32F1xx_HAL_Driver/Src/stm32f1xx_hal_tim.o
 .debug_rnglists
                0x00000b16      0x125 ./Drivers/STM32F1xx_HAL_Driver/Src/stm32f1xx_hal_tim_ex.o
 .debug_rnglists
                0x00000c3b      0x1bc ./Drivers/STM32F1xx_HAL_Driver/Src/stm32f1xx_hal_uart.o

.debug_macro    0x00000000    0x1b062
 .debug_macro   0x00000000      0x2ff ./Core/Src/adc.o
 .debug_macro   0x000002ff      0xaa8 ./Core/Src/adc.o
 .debug_macro   0x00000da7      0x22d ./Core/Src/adc.o
 .debug_macro   0x00000fd4       0x2e ./Core/Src/adc.o
 .debug_macro   0x00001002       0x22 ./Core/Src/adc.o
 .debug_macro   0x00001024       0x22 ./Core/Src/adc.o
 .debug_macro   0x00001046       0x8e ./Core/Src/adc.o
 .debug_macro   0x000010d4       0x51 ./Core/Src/adc.o
 .debug_macro   0x00001125      0x103 ./Core/Src/adc.o
 .debug_macro   0x00001228       0x6a ./Core/Src/adc.o
 .debug_macro   0x00001292      0x1df ./Core/Src/adc.o
 .debug_macro   0x00001471       0x1c ./Core/Src/adc.o
 .debug_macro   0x0000148d       0x22 ./Core/Src/adc.o
 .debug_macro   0x000014af       0xbd ./Core/Src/adc.o
 .debug_macro   0x0000156c      0xd23 ./Core/Src/adc.o
 .debug_macro   0x0000228f     0xe09e ./Core/Src/adc.o
 .debug_macro   0x0001032d       0x6d ./Core/Src/adc.o
 .debug_macro   0x0001039a     0x34a2 ./Core/Src/adc.o
 .debug_macro   0x0001383c      0x189 ./Core/Src/adc.o
 .debug_macro   0x000139c5       0x5c ./Core/Src/adc.o
 .debug_macro   0x00013a21      0x5bc ./Core/Src/adc.o
 .debug_macro   0x00013fdd      0x289 ./Core/Src/adc.o
 .debug_macro   0x00014266      0x1cb ./Core/Src/adc.o
 .debug_macro   0x00014431      0x114 ./Core/Src/adc.o
 .debug_macro   0x00014545      0x1b2 ./Core/Src/adc.o
 .debug_macro   0x000146f7       0x27 ./Core/Src/adc.o
 .debug_macro   0x0001471e      0x136 ./Core/Src/adc.o
 .debug_macro   0x00014854      0x1bc ./Core/Src/adc.o
 .debug_macro   0x00014a10       0x34 ./Core/Src/adc.o
 .debug_macro   0x00014a44       0x3c ./Core/Src/adc.o
 .debug_macro   0x00014a80      0x408 ./Core/Src/adc.o
 .debug_macro   0x00014e88       0x57 ./Core/Src/adc.o
 .debug_macro   0x00014edf      0x46a ./Core/Src/adc.o
 .debug_macro   0x00015349      0x1b5 ./Core/Src/adc.o
 .debug_macro   0x000154fe       0x87 ./Core/Src/adc.o
 .debug_macro   0x00015585      0x240 ./Core/Src/adc.o
 .debug_macro   0x000157c5      0x140 ./Core/Src/adc.o
 .debug_macro   0x00015905      0x8ed ./Core/Src/adc.o
 .debug_macro   0x000161f2      0x28e ./Core/Src/adc.o
 .debug_macro   0x00016480       0x83 ./Core/Src/adc.o
 .debug_macro   0x00016503       0x1c ./Core/Src/adc.o
 .debug_macro   0x0001651f       0x61 ./Core/Src/adc.o
 .debug_macro   0x00016580       0x24 ./Core/Src/adc.o
 .debug_macro   0x000165a4       0x43 ./Core/Src/adc.o
 .debug_macro   0x000165e7       0x34 ./Core/Src/adc.o
 .debug_macro   0x0001661b       0x16 ./Core/Src/adc.o
 .debug_macro   0x00016631       0x35 ./Core/Src/adc.o
 .debug_macro   0x00016666      0x369 ./Core/Src/adc.o
 .debug_macro   0x000169cf       0x10 ./Core/Src/adc.o
 .debug_macro   0x000169df       0x16 ./Core/Src/adc.o
 .debug_macro   0x000169f5       0x43 ./Core/Src/adc.o
 .debug_macro   0x00016a38       0x34 ./Core/Src/adc.o
 .debug_macro   0x00016a6c       0x10 ./Core/Src/adc.o
 .debug_macro   0x00016a7c       0x58 ./Core/Src/adc.o
 .debug_macro   0x00016ad4       0x8e ./Core/Src/adc.o
 .debug_macro   0x00016b62       0x1c ./Core/Src/adc.o
 .debug_macro   0x00016b7e      0x177 ./Core/Src/adc.o
 .debug_macro   0x00016cf5       0x16 ./Core/Src/adc.o
 .debug_macro   0x00016d0b       0x16 ./Core/Src/adc.o
 .debug_macro   0x00016d21      0x146 ./Core/Src/adc.o
 .debug_macro   0x00016e67      0x16a ./Core/Src/adc.o
 .debug_macro   0x00016fd1      0x2ff ./Core/Src/can.o
 .debug_macro   0x000172d0      0x305 ./Core/Src/dma.o
 .debug_macro   0x000175d5      0x2ff ./Core/Src/gpio.o
 .debug_macro   0x000178d4      0x343 ./Core/Src/main.o
 .debug_macro   0x00017c17      0x2fb ./Core/Src/stm32f1xx_hal_msp.o
 .debug_macro   0x00017f12      0x305 ./Core/Src/stm32f1xx_it.o
 .debug_macro   0x00018217      0x1c1 ./Core/Src/system_stm32f1xx.o
 .debug_macro   0x000183d8      0x2ff ./Core/Src/tim.o
 .debug_macro   0x000186d7      0x305 ./Core/Src/usart.o
 .debug_macro   0x000189dc      0x305 ./Core/Src/user_AS_State.o
 .debug_macro   0x00018ce1      0x2ff ./Core/Src/user_adc.o
 .debug_macro   0x00018fe0      0x2ff ./Core/Src/user_can.o
 .debug_macro   0x000192df      0x305 ./Core/Src/user_ebs.o
 .debug_macro   0x000195e4      0x2ff ./Core/Src/user_peripheral.o
 .debug_macro   0x000198e3      0x34f ./Core/Src/user_rgb.o
 .debug_macro   0x00019c32       0x16 ./Core/Src/user_rgb.o
 .debug_macro   0x00019c48      0x1e5 ./Drivers/STM32F1xx_HAL_Driver/Src/stm32f1xx_hal.o
 .debug_macro   0x00019e2d      0x1de ./Drivers/STM32F1xx_HAL_Driver/Src/stm32f1xx_hal_adc.o
 .debug_macro   0x0001a00b      0x1d0 ./Drivers/STM32F1xx_HAL_Driver/Src/stm32f1xx_hal_can.o
 .debug_macro   0x0001a1db      0x1c1 ./Drivers/STM32F1xx_HAL_Driver/Src/stm32f1xx_hal_cortex.o
 .debug_macro   0x0001a39c      0x1c1 ./Drivers/STM32F1xx_HAL_Driver/Src/stm32f1xx_hal_dma.o
 .debug_macro   0x0001a55d      0x22c ./Drivers/STM32F1xx_HAL_Driver/Src/stm32f1xx_hal_gpio.o
 .debug_macro   0x0001a789      0x1d3 ./Drivers/STM32F1xx_HAL_Driver/Src/stm32f1xx_hal_rcc.o
 .debug_macro   0x0001a95c      0x1c1 ./Drivers/STM32F1xx_HAL_Driver/Src/stm32f1xx_hal_rcc_ex.o
 .debug_macro   0x0001ab1d      0x1c2 ./Drivers/STM32F1xx_HAL_Driver/Src/stm32f1xx_hal_tim.o
 .debug_macro   0x0001acdf      0x1c1 ./Drivers/STM32F1xx_HAL_Driver/Src/stm32f1xx_hal_tim_ex.o
 .debug_macro   0x0001aea0      0x1c2 ./Drivers/STM32F1xx_HAL_Driver/Src/stm32f1xx_hal_uart.o

.debug_line     0x00000000    0x18582
 .debug_line    0x00000000      0x9a9 ./Core/Src/adc.o
 .debug_line    0x000009a9      0x980 ./Core/Src/can.o
 .debug_line    0x00001329      0x90e ./Core/Src/dma.o
 .debug_line    0x00001c37      0x953 ./Core/Src/gpio.o
 .debug_line    0x0000258a      0xa16 ./Core/Src/main.o
 .debug_line    0x00002fa0      0x913 ./Core/Src/stm32f1xx_hal_msp.o
 .debug_line    0x000038b3      0xa1d ./Core/Src/stm32f1xx_it.o
 .debug_line    0x000042d0      0x7d7 ./Core/Src/system_stm32f1xx.o
 .debug_line    0x00004aa7      0xb10 ./Core/Src/tim.o
 .debug_line    0x000055b7      0x982 ./Core/Src/usart.o
 .debug_line    0x00005f39      0xe71 ./Core/Src/user_AS_State.o
 .debug_line    0x00006daa      0x99e ./Core/Src/user_adc.o
 .debug_line    0x00007748      0xbbe ./Core/Src/user_can.o
 .debug_line    0x00008306      0xa1d ./Core/Src/user_ebs.o
 .debug_line    0x00008d23      0xa22 ./Core/Src/user_peripheral.o
 .debug_line    0x00009745      0xdb6 ./Core/Src/user_rgb.o
 .debug_line    0x0000a4fb       0x78 ./Core/Startup/startup_stm32f103c8tx.o
 .debug_line    0x0000a573      0xa04 ./Drivers/STM32F1xx_HAL_Driver/Src/stm32f1xx_hal.o
 .debug_line    0x0000af77     0x1081 ./Drivers/STM32F1xx_HAL_Driver/Src/stm32f1xx_hal_adc.o
 .debug_line    0x0000bff8     0x11e6 ./Drivers/STM32F1xx_HAL_Driver/Src/stm32f1xx_hal_can.o
 .debug_line    0x0000d1de      0xbf0 ./Drivers/STM32F1xx_HAL_Driver/Src/stm32f1xx_hal_cortex.o
 .debug_line    0x0000ddce      0xe5d ./Drivers/STM32F1xx_HAL_Driver/Src/stm32f1xx_hal_dma.o
 .debug_line    0x0000ec2b      0xa9d ./Drivers/STM32F1xx_HAL_Driver/Src/stm32f1xx_hal_gpio.o
 .debug_line    0x0000f6c8      0xe0d ./Drivers/STM32F1xx_HAL_Driver/Src/stm32f1xx_hal_rcc.o
 .debug_line    0x000104d5      0x94e ./Drivers/STM32F1xx_HAL_Driver/Src/stm32f1xx_hal_rcc_ex.o
 .debug_line    0x00010e23     0x3529 ./Drivers/STM32F1xx_HAL_Driver/Src/stm32f1xx_hal_tim.o
 .debug_line    0x0001434c     0x1953 ./Drivers/STM32F1xx_HAL_Driver/Src/stm32f1xx_hal_tim_ex.o
 .debug_line    0x00015c9f     0x28e3 ./Drivers/STM32F1xx_HAL_Driver/Src/stm32f1xx_hal_uart.o

.debug_str      0x00000000    0x92a9a
 .debug_str     0x00000000    0x8df99 ./Core/Src/adc.o
                              0x8e352 (size before relaxing)
 .debug_str     0x0008df99      0x53b ./Core/Src/can.o
                              0x8e59e (size before relaxing)
 .debug_str     0x0008e4d4       0x29 ./Core/Src/dma.o
                              0x8e216 (size before relaxing)
 .debug_str     0x0008e4fd       0x5c ./Core/Src/gpio.o
                              0x8dfac (size before relaxing)
 .debug_str     0x0008e559      0x7c0 ./Core/Src/main.o
                              0x8e95d (size before relaxing)
 .debug_str     0x0008ed19       0x50 ./Core/Src/stm32f1xx_hal_msp.o
                              0x8df40 (size before relaxing)
 .debug_str     0x0008ed69      0x139 ./Core/Src/stm32f1xx_it.o
                              0x8e70c (size before relaxing)
 .debug_str     0x0008eea2       0x7e ./Core/Src/system_stm32f1xx.o
                              0x8a27e (size before relaxing)
 .debug_str     0x0008ef20      0x212 ./Core/Src/tim.o
                              0x8e9b9 (size before relaxing)
 .debug_str     0x0008f132      0x236 ./Core/Src/usart.o
                              0x8e400 (size before relaxing)
 .debug_str     0x0008f368      0x41a ./Core/Src/user_AS_State.o
                              0x8e481 (size before relaxing)
 .debug_str     0x0008f782       0x79 ./Core/Src/user_adc.o
                              0x8e2b4 (size before relaxing)
 .debug_str     0x0008f7fb      0x366 ./Core/Src/user_can.o
                              0x8ea07 (size before relaxing)
 .debug_str     0x0008fb61       0x62 ./Core/Src/user_ebs.o
                              0x8e097 (size before relaxing)
 .debug_str     0x0008fbc3       0x3f ./Core/Src/user_peripheral.o
                              0x8e024 (size before relaxing)
 .debug_str     0x0008fc02      0x224 ./Core/Src/user_rgb.o
                              0x8e7bd (size before relaxing)
 .debug_str     0x0008fe26       0x44 ./Core/Startup/startup_stm32f103c8tx.o
                                 0x5d (size before relaxing)
 .debug_str     0x0008fe6a      0x384 ./Drivers/STM32F1xx_HAL_Driver/Src/stm32f1xx_hal.o
                              0x8a9b1 (size before relaxing)
 .debug_str     0x000901ee      0x35a ./Drivers/STM32F1xx_HAL_Driver/Src/stm32f1xx_hal_adc.o
                              0x8a962 (size before relaxing)
 .debug_str     0x00090548      0x3f5 ./Drivers/STM32F1xx_HAL_Driver/Src/stm32f1xx_hal_can.o
                              0x8aa86 (size before relaxing)
 .debug_str     0x0009093d      0x26c ./Drivers/STM32F1xx_HAL_Driver/Src/stm32f1xx_hal_cortex.o
                              0x8a8fd (size before relaxing)
 .debug_str     0x00090ba9      0x1e7 ./Drivers/STM32F1xx_HAL_Driver/Src/stm32f1xx_hal_dma.o
                              0x8a627 (size before relaxing)
 .debug_str     0x00090d90      0x2bd ./Drivers/STM32F1xx_HAL_Driver/Src/stm32f1xx_hal_gpio.o
                              0x8a604 (size before relaxing)
 .debug_str     0x0009104d      0x229 ./Drivers/STM32F1xx_HAL_Driver/Src/stm32f1xx_hal_rcc.o
                              0x8a6ad (size before relaxing)
 .debug_str     0x00091276       0x84 ./Drivers/STM32F1xx_HAL_Driver/Src/stm32f1xx_hal_rcc_ex.o
                              0x8a3fd (size before relaxing)
 .debug_str     0x000912fa      0xd09 ./Drivers/STM32F1xx_HAL_Driver/Src/stm32f1xx_hal_tim.o
                              0x8b6af (size before relaxing)
 .debug_str     0x00092003      0x493 ./Drivers/STM32F1xx_HAL_Driver/Src/stm32f1xx_hal_tim_ex.o
                              0x8aebb (size before relaxing)
 .debug_str     0x00092496      0x604 ./Drivers/STM32F1xx_HAL_Driver/Src/stm32f1xx_hal_uart.o
                              0x8ad1e (size before relaxing)

.comment        0x00000000       0x43
 .comment       0x00000000       0x43 ./Core/Src/adc.o
                                 0x44 (size before relaxing)
 .comment       0x00000043       0x44 ./Core/Src/can.o
 .comment       0x00000043       0x44 ./Core/Src/dma.o
 .comment       0x00000043       0x44 ./Core/Src/gpio.o
 .comment       0x00000043       0x44 ./Core/Src/main.o
 .comment       0x00000043       0x44 ./Core/Src/stm32f1xx_hal_msp.o
 .comment       0x00000043       0x44 ./Core/Src/stm32f1xx_it.o
 .comment       0x00000043       0x44 ./Core/Src/system_stm32f1xx.o
 .comment       0x00000043       0x44 ./Core/Src/tim.o
 .comment       0x00000043       0x44 ./Core/Src/usart.o
 .comment       0x00000043       0x44 ./Core/Src/user_AS_State.o
 .comment       0x00000043       0x44 ./Core/Src/user_adc.o
 .comment       0x00000043       0x44 ./Core/Src/user_can.o
 .comment       0x00000043       0x44 ./Core/Src/user_ebs.o
 .comment       0x00000043       0x44 ./Core/Src/user_peripheral.o
 .comment       0x00000043       0x44 ./Core/Src/user_rgb.o
 .comment       0x00000043       0x44 ./Drivers/STM32F1xx_HAL_Driver/Src/stm32f1xx_hal.o
 .comment       0x00000043       0x44 ./Drivers/STM32F1xx_HAL_Driver/Src/stm32f1xx_hal_adc.o
 .comment       0x00000043       0x44 ./Drivers/STM32F1xx_HAL_Driver/Src/stm32f1xx_hal_can.o
 .comment       0x00000043       0x44 ./Drivers/STM32F1xx_HAL_Driver/Src/stm32f1xx_hal_cortex.o
 .comment       0x00000043       0x44 ./Drivers/STM32F1xx_HAL_Driver/Src/stm32f1xx_hal_dma.o
 .comment       0x00000043       0x44 ./Drivers/STM32F1xx_HAL_Driver/Src/stm32f1xx_hal_gpio.o
 .comment       0x00000043       0x44 ./Drivers/STM32F1xx_HAL_Driver/Src/stm32f1xx_hal_rcc.o
 .comment       0x00000043       0x44 ./Drivers/STM32F1xx_HAL_Driver/Src/stm32f1xx_hal_rcc_ex.o
 .comment       0x00000043       0x44 ./Drivers/STM32F1xx_HAL_Driver/Src/stm32f1xx_hal_tim.o
 .comment       0x00000043       0x44 ./Drivers/STM32F1xx_HAL_Driver/Src/stm32f1xx_hal_tim_ex.o
 .comment       0x00000043       0x44 ./Drivers/STM32F1xx_HAL_Driver/Src/stm32f1xx_hal_uart.o

.debug_frame    0x00000000     0x47b4
 .debug_frame   0x00000000       0x7c ./Core/Src/adc.o
 .debug_frame   0x0000007c       0x74 ./Core/Src/can.o
 .debug_frame   0x000000f0       0x34 ./Core/Src/dma.o
 .debug_frame   0x00000124       0x34 ./Core/Src/gpio.o
 .debug_frame   0x00000158       0xa4 ./Core/Src/main.o
 .debug_frame   0x000001fc       0x38 ./Core/Src/stm32f1xx_hal_msp.o
 .debug_frame   0x00000234      0x158 ./Core/Src/stm32f1xx_it.o
 .debug_frame   0x0000038c       0x58 ./Core/Src/system_stm32f1xx.o
 .debug_frame   0x000003e4       0xe8 ./Core/Src/tim.o
 .debug_frame   0x000004cc       0x74 ./Core/Src/usart.o
 .debug_frame   0x00000540      0x28c ./Core/Src/user_AS_State.o
 .debug_frame   0x000007cc       0x90 ./Core/Src/user_adc.o
 .debug_frame   0x0000085c      0x200 ./Core/Src/user_can.o
 .debug_frame   0x00000a5c      0x14c ./Core/Src/user_ebs.o
 .debug_frame   0x00000ba8      0x194 ./Core/Src/user_peripheral.o
 .debug_frame   0x00000d3c      0x204 ./Core/Src/user_rgb.o
 .debug_frame   0x00000f40      0x334 ./Drivers/STM32F1xx_HAL_Driver/Src/stm32f1xx_hal.o
 .debug_frame   0x00001274      0x40c ./Drivers/STM32F1xx_HAL_Driver/Src/stm32f1xx_hal_adc.o
 .debug_frame   0x00001680      0x5a0 ./Drivers/STM32F1xx_HAL_Driver/Src/stm32f1xx_hal_can.o
 .debug_frame   0x00001c20      0x428 ./Drivers/STM32F1xx_HAL_Driver/Src/stm32f1xx_hal_cortex.o
 .debug_frame   0x00002048      0x208 ./Drivers/STM32F1xx_HAL_Driver/Src/stm32f1xx_hal_dma.o
 .debug_frame   0x00002250      0x14c ./Drivers/STM32F1xx_HAL_Driver/Src/stm32f1xx_hal_gpio.o
 .debug_frame   0x0000239c      0x218 ./Drivers/STM32F1xx_HAL_Driver/Src/stm32f1xx_hal_rcc.o
 .debug_frame   0x000025b4       0x80 ./Drivers/STM32F1xx_HAL_Driver/Src/stm32f1xx_hal_rcc_ex.o
 .debug_frame   0x00002634     0x11b8 ./Drivers/STM32F1xx_HAL_Driver/Src/stm32f1xx_hal_tim.o
 .debug_frame   0x000037ec      0x638 ./Drivers/STM32F1xx_HAL_Driver/Src/stm32f1xx_hal_tim_ex.o
 .debug_frame   0x00003e24      0x944 ./Drivers/STM32F1xx_HAL_Driver/Src/stm32f1xx_hal_uart.o
 .debug_frame   0x00004768       0x20 D:/CubeIDE/STM32CubeIDE_1.17.0/STM32CubeIDE/plugins/com.st.stm32cube.ide.mcu.externaltools.gnu-tools-for-stm32.12.3.rel1.win32_1.1.0.202410251130/tools/bin/../lib/gcc/arm-none-eabi/12.3.1/../../../../arm-none-eabi/lib/thumb/v7-m/nofp\libc_nano.a(libc_a-memset.o)
 .debug_frame   0x00004788       0x2c D:/CubeIDE/STM32CubeIDE_1.17.0/STM32CubeIDE/plugins/com.st.stm32cube.ide.mcu.externaltools.gnu-tools-for-stm32.12.3.rel1.win32_1.1.0.202410251130/tools/bin/../lib/gcc/arm-none-eabi/12.3.1/../../../../arm-none-eabi/lib/thumb/v7-m/nofp\libc_nano.a(libc_a-init.o)

.debug_line_str
                0x00000000       0x41
 .debug_line_str
                0x00000000       0x41 ./Core/Startup/startup_stm32f103c8tx.o
