Archive member included to satisfy reference by file (symbol)

D:/CubeIDE/STM32CubeIDE_1.17.0/STM32CubeIDE/plugins/com.st.stm32cube.ide.mcu.externaltools.gnu-tools-for-stm32.12.3.rel1.win32_1.1.0.202410251130/tools/bin/../lib/gcc/arm-none-eabi/12.3.1/../../../../arm-none-eabi/lib/thumb/v7-m/nofp\libc_nano.a(libc_a-exit.o)
                              D:/CubeIDE/STM32CubeIDE_1.17.0/STM32CubeIDE/plugins/com.st.stm32cube.ide.mcu.externaltools.gnu-tools-for-stm32.12.3.rel1.win32_1.1.0.202410251130/tools/bin/../lib/gcc/arm-none-eabi/12.3.1/../../../../arm-none-eabi/lib/thumb/v7-m/nofp/crt0.o (exit)
D:/CubeIDE/STM32CubeIDE_1.17.0/STM32CubeIDE/plugins/com.st.stm32cube.ide.mcu.externaltools.gnu-tools-for-stm32.12.3.rel1.win32_1.1.0.202410251130/tools/bin/../lib/gcc/arm-none-eabi/12.3.1/../../../../arm-none-eabi/lib/thumb/v7-m/nofp\libc_nano.a(libc_a-findfp.o)
                              D:/CubeIDE/STM32CubeIDE_1.17.0/STM32CubeIDE/plugins/com.st.stm32cube.ide.mcu.externaltools.gnu-tools-for-stm32.12.3.rel1.win32_1.1.0.202410251130/tools/bin/../lib/gcc/arm-none-eabi/12.3.1/../../../../arm-none-eabi/lib/thumb/v7-m/nofp\libc_nano.a(libc_a-exit.o) (__stdio_exit_handler)
D:/CubeIDE/STM32CubeIDE_1.17.0/STM32CubeIDE/plugins/com.st.stm32cube.ide.mcu.externaltools.gnu-tools-for-stm32.12.3.rel1.win32_1.1.0.202410251130/tools/bin/../lib/gcc/arm-none-eabi/12.3.1/../../../../arm-none-eabi/lib/thumb/v7-m/nofp\libc_nano.a(libc_a-fwalk.o)
                              D:/CubeIDE/STM32CubeIDE_1.17.0/STM32CubeIDE/plugins/com.st.stm32cube.ide.mcu.externaltools.gnu-tools-for-stm32.12.3.rel1.win32_1.1.0.202410251130/tools/bin/../lib/gcc/arm-none-eabi/12.3.1/../../../../arm-none-eabi/lib/thumb/v7-m/nofp\libc_nano.a(libc_a-findfp.o) (_fwalk_sglue)
D:/CubeIDE/STM32CubeIDE_1.17.0/STM32CubeIDE/plugins/com.st.stm32cube.ide.mcu.externaltools.gnu-tools-for-stm32.12.3.rel1.win32_1.1.0.202410251130/tools/bin/../lib/gcc/arm-none-eabi/12.3.1/../../../../arm-none-eabi/lib/thumb/v7-m/nofp\libc_nano.a(libc_a-stdio.o)
                              D:/CubeIDE/STM32CubeIDE_1.17.0/STM32CubeIDE/plugins/com.st.stm32cube.ide.mcu.externaltools.gnu-tools-for-stm32.12.3.rel1.win32_1.1.0.202410251130/tools/bin/../lib/gcc/arm-none-eabi/12.3.1/../../../../arm-none-eabi/lib/thumb/v7-m/nofp\libc_nano.a(libc_a-findfp.o) (__sread)
D:/CubeIDE/STM32CubeIDE_1.17.0/STM32CubeIDE/plugins/com.st.stm32cube.ide.mcu.externaltools.gnu-tools-for-stm32.12.3.rel1.win32_1.1.0.202410251130/tools/bin/../lib/gcc/arm-none-eabi/12.3.1/../../../../arm-none-eabi/lib/thumb/v7-m/nofp\libc_nano.a(libc_a-memset.o)
                              D:/CubeIDE/STM32CubeIDE_1.17.0/STM32CubeIDE/plugins/com.st.stm32cube.ide.mcu.externaltools.gnu-tools-for-stm32.12.3.rel1.win32_1.1.0.202410251130/tools/bin/../lib/gcc/arm-none-eabi/12.3.1/../../../../arm-none-eabi/lib/thumb/v7-m/nofp/crt0.o (memset)
D:/CubeIDE/STM32CubeIDE_1.17.0/STM32CubeIDE/plugins/com.st.stm32cube.ide.mcu.externaltools.gnu-tools-for-stm32.12.3.rel1.win32_1.1.0.202410251130/tools/bin/../lib/gcc/arm-none-eabi/12.3.1/../../../../arm-none-eabi/lib/thumb/v7-m/nofp\libc_nano.a(libc_a-closer.o)
                              D:/CubeIDE/STM32CubeIDE_1.17.0/STM32CubeIDE/plugins/com.st.stm32cube.ide.mcu.externaltools.gnu-tools-for-stm32.12.3.rel1.win32_1.1.0.202410251130/tools/bin/../lib/gcc/arm-none-eabi/12.3.1/../../../../arm-none-eabi/lib/thumb/v7-m/nofp\libc_nano.a(libc_a-stdio.o) (_close_r)
D:/CubeIDE/STM32CubeIDE_1.17.0/STM32CubeIDE/plugins/com.st.stm32cube.ide.mcu.externaltools.gnu-tools-for-stm32.12.3.rel1.win32_1.1.0.202410251130/tools/bin/../lib/gcc/arm-none-eabi/12.3.1/../../../../arm-none-eabi/lib/thumb/v7-m/nofp\libc_nano.a(libc_a-reent.o)
                              D:/CubeIDE/STM32CubeIDE_1.17.0/STM32CubeIDE/plugins/com.st.stm32cube.ide.mcu.externaltools.gnu-tools-for-stm32.12.3.rel1.win32_1.1.0.202410251130/tools/bin/../lib/gcc/arm-none-eabi/12.3.1/../../../../arm-none-eabi/lib/thumb/v7-m/nofp\libc_nano.a(libc_a-closer.o) (errno)
D:/CubeIDE/STM32CubeIDE_1.17.0/STM32CubeIDE/plugins/com.st.stm32cube.ide.mcu.externaltools.gnu-tools-for-stm32.12.3.rel1.win32_1.1.0.202410251130/tools/bin/../lib/gcc/arm-none-eabi/12.3.1/../../../../arm-none-eabi/lib/thumb/v7-m/nofp\libc_nano.a(libc_a-impure.o)
                              D:/CubeIDE/STM32CubeIDE_1.17.0/STM32CubeIDE/plugins/com.st.stm32cube.ide.mcu.externaltools.gnu-tools-for-stm32.12.3.rel1.win32_1.1.0.202410251130/tools/bin/../lib/gcc/arm-none-eabi/12.3.1/../../../../arm-none-eabi/lib/thumb/v7-m/nofp\libc_nano.a(libc_a-reent.o) (_impure_ptr)
D:/CubeIDE/STM32CubeIDE_1.17.0/STM32CubeIDE/plugins/com.st.stm32cube.ide.mcu.externaltools.gnu-tools-for-stm32.12.3.rel1.win32_1.1.0.202410251130/tools/bin/../lib/gcc/arm-none-eabi/12.3.1/../../../../arm-none-eabi/lib/thumb/v7-m/nofp\libc_nano.a(libc_a-lseekr.o)
[...]
Memory Configuration

Name             Origin             Length             Attributes
RAM              0x20000000         0x00005000         xrw
FLASH            0x08000000         0x00010000         xr
*default*        0x00000000         0xffffffff

Linker script and memory map

LOAD D:/CubeIDE/STM32CubeIDE_1.17.0/STM32CubeIDE/plugins/com.st.stm32cube.ide.mcu.externaltools.gnu-tools-for-stm32.12.3.rel1.win32_1.1.0.202410251130/tools/bin/../lib/gcc/arm-none-eabi/12.3.1/thumb/v7-m/nofp/crti.o
LOAD D:/CubeIDE/STM32CubeIDE_1.17.0/STM32CubeIDE/plugins/com.st.stm32cube.ide.mcu.externaltools.gnu-tools-for-stm32.12.3.rel1.win32_1.1.0.202410251130/tools/bin/../lib/gcc/arm-none-eabi/12.3.1/thumb/v7-m/nofp/crtbegin.o
LOAD D:/CubeIDE/STM32CubeIDE_1.17.0/STM32CubeIDE/plugins/com.st.stm32cube.ide.mcu.externaltools.gnu-tools-for-stm32.12.3.rel1.win32_1.1.0.202410251130/tools/bin/../lib/gcc/arm-none-eabi/12.3.1/../../../../arm-none-eabi/lib/thumb/v7-m/nofp/crt0.o
LOAD ./Core/Src/adc.o
LOAD ./Core/Src/can.o
LOAD ./Core/Src/dma.o
LOAD ./Core/Src/gpio.o
LOAD ./Core/Src/main.o
LOAD ./Core/Src/stm32f1xx_hal_msp.o
LOAD ./Core/Src/stm32f1xx_it.o
LOAD ./Core/Src/syscalls.o
LOAD ./Core/Src/sysmem.o
LOAD ./Core/Src/system_stm32f1xx.o
LOAD ./Core/Src/tim.o
LOAD ./Core/Src/usart.o
LOAD ./Core/Src/user_AS_State.o
LOAD ./Core/Src/user_adc.o
LOAD ./Core/Src/user_can.o
LOAD ./Core/Src/user_ebs.o
LOAD ./Core/Src/user_peripheral.o
LOAD ./Core/Src/user_rgb.o
LOAD ./Core/Startup/startup_stm32f103c8tx.o
LOAD ./Drivers/STM32F1xx_HAL_Driver/Src/stm32f1xx_hal.o
LOAD ./Drivers/STM32F1xx_HAL_Driver/Src/stm32f1xx_hal_adc.o
LOAD ./Drivers/STM32F1xx_HAL_Driver/Src/stm32f1xx_hal_adc_ex.o
LOAD ./Drivers/STM32F1xx_HAL_Driver/Src/stm32f1xx_hal_can.o
LOAD ./Drivers/STM32F1xx_HAL_Driver/Src/stm32f1xx_hal_cortex.o
LOAD ./Drivers/STM32F1xx_HAL_Driver/Src/stm32f1xx_hal_dma.o
LOAD ./Drivers/STM32F1xx_HAL_Driver/Src/stm32f1xx_hal_exti.o
LOAD ./Drivers/STM32F1xx_HAL_Driver/Src/stm32f1xx_hal_flash.o
LOAD ./Drivers/STM32F1xx_HAL_Driver/Src/stm32f1xx_hal_flash_ex.o
LOAD ./Drivers/STM32F1xx_HAL_Driver/Src/stm32f1xx_hal_gpio.o
LOAD ./Drivers/STM32F1xx_HAL_Driver/Src/stm32f1xx_hal_gpio_ex.o
LOAD ./Drivers/STM32F1xx_HAL_Driver/Src/stm32f1xx_hal_pwr.o
LOAD ./Drivers/STM32F1xx_HAL_Driver/Src/stm32f1xx_hal_rcc.o
LOAD ./Drivers/STM32F1xx_HAL_Driver/Src/stm32f1xx_hal_rcc_ex.o
LOAD ./Drivers/STM32F1xx_HAL_Driver/Src/stm32f1xx_hal_tim.o
LOAD ./Drivers/STM32F1xx_HAL_Driver/Src/stm32f1xx_hal_tim_ex.o
LOAD ./Drivers/STM32F1xx_HAL_Driver/Src/stm32f1xx_hal_uart.o
START GROUP
LOAD D:/CubeIDE/STM32CubeIDE_1.17.0/STM32CubeIDE/plugins/com.st.stm32cube.ide.mcu.externaltools.gnu-tools-for-stm32.12.3.rel1.win32_1.1.0.202410251130/tools/bin/../lib/gcc/arm-none-eabi/12.3.1/../../../../arm-none-eabi/lib/thumb/v7-m/nofp\libc_nano.a
LOAD D:/CubeIDE/STM32CubeIDE_1.17.0/STM32CubeIDE/plugins/com.st.stm32cube.ide.mcu.externaltools.gnu-tools-for-stm32.12.3.rel1.win32_1.1.0.202410251130/tools/bin/../lib/gcc/arm-none-eabi/12.3.1/../../../../arm-none-eabi/lib/thumb/v7-m/nofp\libm.a
END GROUP
START GROUP
LOAD D:/CubeIDE/STM32CubeIDE_1.17.0/STM32CubeIDE/plugins/com.st.stm32cube.ide.mcu.externaltools.gnu-tools-for-stm32.12.3.rel1.win32_1.1.0.202410251130/tools/bin/../lib/gcc/arm-none-eabi/12.3.1/thumb/v7-m/nofp\libgcc.a
LOAD D:/CubeIDE/STM32CubeIDE_1.17.0/STM32CubeIDE/plugins/com.st.stm32cube.ide.mcu.externaltools.gnu-tools-for-stm32.12.3.rel1.win32_1.1.0.202410251130/tools/bin/../lib/gcc/arm-none-eabi/12.3.1/../../../../arm-none-eabi/lib/thumb/v7-m/nofp\libc_nano.a
END GROUP
START GROUP
LOAD D:/CubeIDE/STM32CubeIDE_1.17.0/STM32CubeIDE/plugins/com.st.stm32cube.ide.mcu.externaltools.gnu-tools-for-stm32.12.3.rel1.win32_1.1.0.202410251130/tools/bin/../lib/gcc/arm-none-eabi/12.3.1/thumb/v7-m/nofp\libgcc.a
LOAD D:/CubeIDE/STM32CubeIDE_1.17.0/STM32CubeIDE/plugins/com.st.stm32cube.ide.mcu.externaltools.gnu-tools-for-stm32.12.3.rel1.win32_1.1.0.202410251130/tools/bin/../lib/gcc/arm-none-eabi/12.3.1/../../../../arm-none-eabi/lib/thumb/v7-m/nofp\libc_nano.a
LOAD D:/CubeIDE/STM32CubeIDE_1.17.0/STM32CubeIDE/plugins/com.st.stm32cube.ide.mcu.externaltools.gnu-tools-for-stm32.12.3.rel1.win32_1.1.0.202410251130/tools/bin/../lib/gcc/arm-none-eabi/12.3.1/../../../../arm-none-eabi/lib/thumb/v7-m/nofp\libnosys.a
END GROUP
START GROUP
LOAD D:/CubeIDE/STM32CubeIDE_1.17.0/STM32CubeIDE/plugins/com.st.stm32cube.ide.mcu.externaltools.gnu-tools-for-stm32.12.3.rel1.win32_1.1.0.202410251130/tools/bin/../lib/gcc/arm-none-eabi/12.3.1/thumb/v7-m/nofp\libgcc.a
LOAD D:/CubeIDE/STM32CubeIDE_1.17.0/STM32CubeIDE/plugins/com.st.stm32cube.ide.mcu.externaltools.gnu-tools-for-stm32.12.3.rel1.win32_1.1.0.202410251130/tools/bin/../lib/gcc/arm-none-eabi/12.3.1/../../../../arm-none-eabi/lib/thumb/v7-m/nofp\libc_nano.a
LOAD D:/CubeIDE/STM32CubeIDE_1.17.0/STM32CubeIDE/plugins/com.st.stm32cube.ide.mcu.externaltools.gnu-tools-for-stm32.12.3.rel1.win32_1.1.0.202410251130/tools/bin/../lib/gcc/arm-none-eabi/12.3.1/../../../../arm-none-eabi/lib/thumb/v7-m/nofp\libnosys.a
END GROUP
LOAD D:/CubeIDE/STM32CubeIDE_1.17.0/STM32CubeIDE/plugins/com.st.stm32cube.ide.mcu.externaltools.gnu-tools-for-stm32.12.3.rel1.win32_1.1.0.202410251130/tools/bin/../lib/gcc/arm-none-eabi/12.3.1/thumb/v7-m/nofp/crtend.o
LOAD D:/CubeIDE/STM32CubeIDE_1.17.0/STM32CubeIDE/plugins/com.st.stm32cube.ide.mcu.externaltools.gnu-tools-for-stm32.12.3.rel1.win32_1.1.0.202410251130/tools/bin/../lib/gcc/arm-none-eabi/12.3.1/thumb/v7-m/nofp/crtn.o
                0x20005000                        _estack = (ORIGIN (RAM) + LENGTH (RAM))
                0x00000200                        _Min_Heap_Size = 0x200
                0x00000400                        _Min_Stack_Size = 0x400

.isr_vector     0x08000000      0x10c
                0x08000000                        . = ALIGN (0x4)
 *(.isr_vector)
 .isr_vector    0x08000000      0x10c ./Core/Startup/startup_stm32f103c8tx.o
                0x08000000                g_pfnVectors
                0x0800010c                        . = ALIGN (0x4)

.text           0x0800010c     0x5474
                0x0800010c                        . = ALIGN (0x4)
 *(.text)
 .text          0x0800010c       0x40 D:/CubeIDE/STM32CubeIDE_1.17.0/STM32CubeIDE/plugins/com.st.stm32cube.ide.mcu.externaltools.gnu-tools-for-stm32.12.3.rel1.win32_1.1.0.202410251130/tools/bin/../lib/gcc/arm-none-eabi/12.3.1/thumb/v7-m/nofp/crtbegin.o
 *(.text*)
 .text.MX_ADC1_Init
                0x0800014c       0xd8 ./Core/Src/adc.o
                0x0800014c                MX_ADC1_Init
 .text.HAL_ADC_MspInit
                0x08000224       0x78 ./Core/Src/adc.o
                0x08000224                HAL_ADC_MspInit
 .text.MX_CAN_Init
                0x0800029c       0x6c ./Core/Src/can.o
                0x0800029c                MX_CAN_Init
 .text.HAL_CAN_MspInit
                0x08000308       0xa8 ./Core/Src/can.o
                0x08000308                HAL_CAN_MspInit
 .text.MX_DMA_Init
                0x080003b0       0x3c ./Core/Src/dma.o
                0x080003b0                MX_DMA_Init
 .text.MX_GPIO_Init
                0x080003ec      0x13c ./Core/Src/gpio.o
                0x080003ec                MX_GPIO_Init
 .text.User_Init
                0x08000528       0x14 ./Core/Src/main.o
                0x08000528                User_Init
 .text.main     0x0800053c       0x8c ./Core/Src/main.o
                0x0800053c                main
 .text.SystemClock_Config
                0x080005c8       0xb6 ./Core/Src/main.o
                0x080005c8                SystemClock_Config
 .text.Error_Handler
                0x0800067e        0xc ./Core/Src/main.o
                0x0800067e                Error_Handler
 *fill*         0x0800068a        0x2 
 .text.HAL_MspInit
                0x0800068c       0x64 ./Core/Src/stm32f1xx_hal_msp.o
                0x0800068c                HAL_MspInit
 .text.NMI_Handler
                0x080006f0        0x8 ./Core/Src/stm32f1xx_it.o
                0x080006f0                NMI_Handler
 .text.HardFault_Handler
                0x080006f8        0x8 ./Core/Src/stm32f1xx_it.o
                0x080006f8                HardFault_Handler
 .text.MemManage_Handler
                0x08000700        0x8 ./Core/Src/stm32f1xx_it.o
                0x08000700                MemManage_Handler
 .text.BusFault_Handler
                0x08000708        0x8 ./Core/Src/stm32f1xx_it.o
                0x08000708                BusFault_Handler
 .text.UsageFault_Handler
                0x08000710        0x8 ./Core/Src/stm32f1xx_it.o
                0x08000710                UsageFault_Handler
 .text.SVC_Handler
                0x08000718        0xc ./Core/Src/stm32f1xx_it.o
                0x08000718                SVC_Handler
 .text.DebugMon_Handler
                0x08000724        0xc ./Core/Src/stm32f1xx_it.o
                0x08000724                DebugMon_Handler
 .text.PendSV_Handler
                0x08000730        0xc ./Core/Src/stm32f1xx_it.o
                0x08000730                PendSV_Handler
 .text.SysTick_Handler
                0x0800073c        0xc ./Core/Src/stm32f1xx_it.o
                0x0800073c                SysTick_Handler
 .text.DMA1_Channel1_IRQHandler
                0x08000748       0x14 ./Core/Src/stm32f1xx_it.o
                0x08000748                DMA1_Channel1_IRQHandler
 .text.USB_LP_CAN1_RX0_IRQHandler
                0x0800075c       0x14 ./Core/Src/stm32f1xx_it.o
                0x0800075c                USB_LP_CAN1_RX0_IRQHandler
 .text.TIM3_IRQHandler
                0x08000770       0x14 ./Core/Src/stm32f1xx_it.o
                0x08000770                TIM3_IRQHandler
 .text.SystemInit
                0x08000784        0xc ./Core/Src/system_stm32f1xx.o
                0x08000784                SystemInit
 .text.MX_TIM2_Init
                0x08000790       0x98 ./Core/Src/tim.o
                0x08000790                MX_TIM2_Init
 .text.MX_TIM3_Init
                0x08000828      0x104 ./Core/Src/tim.o
                0x08000828                MX_TIM3_Init
 .text.MX_TIM4_Init
                0x0800092c       0xec ./Core/Src/tim.o
                0x0800092c                MX_TIM4_Init
 .text.HAL_TIM_Base_MspInit
                0x08000a18       0xf0 ./Core/Src/tim.o
                0x08000a18                HAL_TIM_Base_MspInit
 .text.HAL_TIM_MspPostInit
                0x08000b08       0xa8 ./Core/Src/tim.o
                0x08000b08                HAL_TIM_MspPostInit
 .text.MX_USART1_UART_Init
                0x08000bb0       0x54 ./Core/Src/usart.o
                0x08000bb0                MX_USART1_UART_Init
 .text.HAL_UART_MspInit
                0x08000c04       0x98 ./Core/Src/usart.o
                0x08000c04                HAL_UART_MspInit
 .text.TS_State_Detect
                0x08000c9c       0x54 ./Core/Src/user_AS_State.o
                0x08000c9c                TS_State_Detect
 .text.ASMS_State_Detect
                0x08000cf0       0x30 ./Core/Src/user_AS_State.o
                0x08000cf0                ASMS_State_Detect
 .text.get_adc_value
                0x08000d20       0x24 ./Core/Src/user_adc.o
                0x08000d20                get_adc_value
 .text.qiya_compare
                0x08000d44       0x3c ./Core/Src/user_adc.o
                0x08000d44                qiya_compare
 .text.youya_compare
                0x08000d80       0x3c ./Core/Src/user_adc.o
                0x08000d80                youya_compare
 .text.YOUYA_QIYA_Detect
                0x08000dbc       0x3c ./Core/Src/user_adc.o
                0x08000dbc                YOUYA_QIYA_Detect
 .text.CAN_Init
                0x08000df8       0x20 ./Core/Src/user_can.o
                0x08000df8                CAN_Init
 .text.HAL_CAN_RxFifo0MsgPendingCallback
                0x08000e18       0x9c ./Core/Src/user_can.o
                0x08000e18                HAL_CAN_RxFifo0MsgPendingCallback
 .text.CAN_Filter0_Config
                0x08000eb4       0x44 ./Core/Src/user_can.o
                0x08000eb4                CAN_Filter0_Config
 .text.CAN_SendMessage
                0x08000ef8       0x9c ./Core/Src/user_can.o
                0x08000ef8                CAN_SendMessage
 .text.BEE_Activate
                0x08000f94       0x28 ./Core/Src/user_peripheral.o
                0x08000f94                BEE_Activate
 .text.BEE_DeActivate
                0x08000fbc       0x28 ./Core/Src/user_peripheral.o
                0x08000fbc                BEE_DeActivate
 .text.DCF_DeActivate
                0x08000fe4       0x24 ./Core/Src/user_peripheral.o
                0x08000fe4                DCF_DeActivate
 .text.EBS_Error_LED_Activate
                0x08001008       0x18 ./Core/Src/user_peripheral.o
                0x08001008                EBS_Error_LED_Activate
 .text.Reset_Load
                0x08001020       0x38 ./Core/Src/user_rgb.o
                0x08001020                Reset_Load
 .text.RGB_SendArray
                0x08001058       0x20 ./Core/Src/user_rgb.o
                0x08001058                RGB_SendArray
 .text.RGB_Flush
                0x08001078       0x10 ./Core/Src/user_rgb.o
                0x08001078                RGB_Flush
 .text.ASSI_Set_Black
                0x08001088       0x50 ./Core/Src/user_rgb.o
                0x08001088                ASSI_Set_Black
 .text.ASSI_Set_Blue
                0x080010d8       0xa0 ./Core/Src/user_rgb.o
                0x080010d8                ASSI_Set_Blue
 .text.ASSI_Set_Yellow
                0x08001178       0xa0 ./Core/Src/user_rgb.o
                0x08001178                ASSI_Set_Yellow
 .text.HAL_TIM_PeriodElapsedCallback
                0x08001218      0x180 ./Core/Src/user_rgb.o
                0x08001218                HAL_TIM_PeriodElapsedCallback
 .text.Reset_Handler
                0x08001398       0x48 ./Core/Startup/startup_stm32f103c8tx.o
                0x08001398                Reset_Handler
 .text.Default_Handler
                0x080013e0        0x2 ./Core/Startup/startup_stm32f103c8tx.o
                0x080013e0                RTC_Alarm_IRQHandler
                0x080013e0                EXTI2_IRQHandler
                0x080013e0                TIM1_CC_IRQHandler
                0x080013e0                PVD_IRQHandler
                0x080013e0                EXTI3_IRQHandler
                0x080013e0                EXTI0_IRQHandler
                0x080013e0                I2C2_EV_IRQHandler
                0x080013e0                ADC1_2_IRQHandler
                0x080013e0                SPI1_IRQHandler
                0x080013e0                TAMPER_IRQHandler
                0x080013e0                DMA1_Channel4_IRQHandler
                0x080013e0                USART3_IRQHandler
                0x080013e0                RTC_IRQHandler
                0x080013e0                DMA1_Channel7_IRQHandler
                0x080013e0                CAN1_RX1_IRQHandler
                0x080013e0                TIM4_IRQHandler
                0x080013e0                I2C1_EV_IRQHandler
                0x080013e0                DMA1_Channel6_IRQHandler
                0x080013e0                RCC_IRQHandler
                0x080013e0                TIM1_TRG_COM_IRQHandler
                0x080013e0                Default_Handler
                0x080013e0                EXTI15_10_IRQHandler
                0x080013e0                EXTI9_5_IRQHandler
                0x080013e0                SPI2_IRQHandler
                0x080013e0                DMA1_Channel5_IRQHandler
                0x080013e0                EXTI4_IRQHandler
                0x080013e0                USB_HP_CAN1_TX_IRQHandler
                0x080013e0                DMA1_Channel3_IRQHandler
                0x080013e0                TIM1_UP_IRQHandler
                0x080013e0                WWDG_IRQHandler
                0x080013e0                TIM2_IRQHandler
                0x080013e0                TIM1_BRK_IRQHandler
                0x080013e0                EXTI1_IRQHandler
                0x080013e0                USART2_IRQHandler
                0x080013e0                I2C2_ER_IRQHandler
                0x080013e0                DMA1_Channel2_IRQHandler
                0x080013e0                CAN1_SCE_IRQHandler
                0x080013e0                FLASH_IRQHandler
                0x080013e0                USART1_IRQHandler
                0x080013e0                I2C1_ER_IRQHandler
                0x080013e0                USBWakeUp_IRQHandler
 *fill*         0x080013e2        0x2 
 .text.HAL_Init
                0x080013e4       0x2c ./Drivers/STM32F1xx_HAL_Driver/Src/stm32f1xx_hal.o
                0x080013e4                HAL_Init
 .text.HAL_InitTick
                0x08001410       0x60 ./Drivers/STM32F1xx_HAL_Driver/Src/stm32f1xx_hal.o
                0x08001410                HAL_InitTick
 .text.HAL_IncTick
                0x08001470       0x24 ./Drivers/STM32F1xx_HAL_Driver/Src/stm32f1xx_hal.o
                0x08001470                HAL_IncTick
 .text.HAL_GetTick
                0x08001494       0x14 ./Drivers/STM32F1xx_HAL_Driver/Src/stm32f1xx_hal.o
                0x08001494                HAL_GetTick
 .text.HAL_Delay
                0x080014a8       0x48 ./Drivers/STM32F1xx_HAL_Driver/Src/stm32f1xx_hal.o
                0x080014a8                HAL_Delay
 .text.HAL_ADC_Init
                0x080014f0      0x1b0 ./Drivers/STM32F1xx_HAL_Driver/Src/stm32f1xx_hal_adc.o
                0x080014f0                HAL_ADC_Init
 .text.HAL_ADC_Start
                0x080016a0      0x15c ./Drivers/STM32F1xx_HAL_Driver/Src/stm32f1xx_hal_adc.o
                0x080016a0                HAL_ADC_Start
 .text.HAL_ADC_PollForConversion
                0x080017fc      0x20c ./Drivers/STM32F1xx_HAL_Driver/Src/stm32f1xx_hal_adc.o
                0x080017fc                HAL_ADC_PollForConversion
 .text.HAL_ADC_GetValue
                0x08001a08       0x18 ./Drivers/STM32F1xx_HAL_Driver/Src/stm32f1xx_hal_adc.o
                0x08001a08                HAL_ADC_GetValue
 .text.HAL_ADC_ConfigChannel
                0x08001a20      0x1f0 ./Drivers/STM32F1xx_HAL_Driver/Src/stm32f1xx_hal_adc.o
                0x08001a20                HAL_ADC_ConfigChannel
 .text.ADC_Enable
                0x08001c10       0xb4 ./Drivers/STM32F1xx_HAL_Driver/Src/stm32f1xx_hal_adc.o
                0x08001c10                ADC_Enable
 .text.ADC_ConversionStop_Disable
                0x08001cc4       0x82 ./Drivers/STM32F1xx_HAL_Driver/Src/stm32f1xx_hal_adc.o
                0x08001cc4                ADC_ConversionStop_Disable
 .text.HAL_CAN_Init
                0x08001d46      0x1f6 ./Drivers/STM32F1xx_HAL_Driver/Src/stm32f1xx_hal_can.o
                0x08001d46                HAL_CAN_Init
 .text.HAL_CAN_ConfigFilter
                0x08001f3c      0x192 ./Drivers/STM32F1xx_HAL_Driver/Src/stm32f1xx_hal_can.o
                0x08001f3c                HAL_CAN_ConfigFilter
 .text.HAL_CAN_Start
                0x080020ce       0x88 ./Drivers/STM32F1xx_HAL_Driver/Src/stm32f1xx_hal_can.o
                0x080020ce                HAL_CAN_Start
 .text.HAL_CAN_AddTxMessage
                0x08002156      0x19e ./Drivers/STM32F1xx_HAL_Driver/Src/stm32f1xx_hal_can.o
                0x08002156                HAL_CAN_AddTxMessage
 .text.HAL_CAN_GetRxMessage
                0x080022f4      0x242 ./Drivers/STM32F1xx_HAL_Driver/Src/stm32f1xx_hal_can.o
                0x080022f4                HAL_CAN_GetRxMessage
 .text.HAL_CAN_ActivateNotification
                0x08002536       0x4a ./Drivers/STM32F1xx_HAL_Driver/Src/stm32f1xx_hal_can.o
                0x08002536                HAL_CAN_ActivateNotification
 .text.HAL_CAN_IRQHandler
                0x08002580      0x36e ./Drivers/STM32F1xx_HAL_Driver/Src/stm32f1xx_hal_can.o
                0x08002580                HAL_CAN_IRQHandler
 .text.HAL_CAN_TxMailbox0CompleteCallback
                0x080028ee       0x12 ./Drivers/STM32F1xx_HAL_Driver/Src/stm32f1xx_hal_can.o
                0x080028ee                HAL_CAN_TxMailbox0CompleteCallback
 .text.HAL_CAN_TxMailbox1CompleteCallback
                0x08002900       0x12 ./Drivers/STM32F1xx_HAL_Driver/Src/stm32f1xx_hal_can.o
                0x08002900                HAL_CAN_TxMailbox1CompleteCallback
 .text.HAL_CAN_TxMailbox2CompleteCallback
                0x08002912       0x12 ./Drivers/STM32F1xx_HAL_Driver/Src/stm32f1xx_hal_can.o
                0x08002912                HAL_CAN_TxMailbox2CompleteCallback
 .text.HAL_CAN_TxMailbox0AbortCallback
                0x08002924       0x12 ./Drivers/STM32F1xx_HAL_Driver/Src/stm32f1xx_hal_can.o
                0x08002924                HAL_CAN_TxMailbox0AbortCallback
 .text.HAL_CAN_TxMailbox1AbortCallback
                0x08002936       0x12 ./Drivers/STM32F1xx_HAL_Driver/Src/stm32f1xx_hal_can.o
                0x08002936                HAL_CAN_TxMailbox1AbortCallback
 .text.HAL_CAN_TxMailbox2AbortCallback
                0x08002948       0x12 ./Drivers/STM32F1xx_HAL_Driver/Src/stm32f1xx_hal_can.o
                0x08002948                HAL_CAN_TxMailbox2AbortCallback
 .text.HAL_CAN_RxFifo0FullCallback
                0x0800295a       0x12 ./Drivers/STM32F1xx_HAL_Driver/Src/stm32f1xx_hal_can.o
                0x0800295a                HAL_CAN_RxFifo0FullCallback
 .text.HAL_CAN_RxFifo1MsgPendingCallback
                0x0800296c       0x12 ./Drivers/STM32F1xx_HAL_Driver/Src/stm32f1xx_hal_can.o
                0x0800296c                HAL_CAN_RxFifo1MsgPendingCallback
 .text.HAL_CAN_RxFifo1FullCallback
                0x0800297e       0x12 ./Drivers/STM32F1xx_HAL_Driver/Src/stm32f1xx_hal_can.o
                0x0800297e                HAL_CAN_RxFifo1FullCallback
 .text.HAL_CAN_SleepCallback
                0x08002990       0x12 ./Drivers/STM32F1xx_HAL_Driver/Src/stm32f1xx_hal_can.o
                0x08002990                HAL_CAN_SleepCallback
 .text.HAL_CAN_WakeUpFromRxMsgCallback
                0x080029a2       0x12 ./Drivers/STM32F1xx_HAL_Driver/Src/stm32f1xx_hal_can.o
                0x080029a2                HAL_CAN_WakeUpFromRxMsgCallback
 .text.HAL_CAN_ErrorCallback
                0x080029b4       0x12 ./Drivers/STM32F1xx_HAL_Driver/Src/stm32f1xx_hal_can.o
                0x080029b4                HAL_CAN_ErrorCallback
 *fill*         0x080029c6        0x2 
 .text.__NVIC_SetPriorityGrouping
                0x080029c8       0x48 ./Drivers/STM32F1xx_HAL_Driver/Src/stm32f1xx_hal_cortex.o
 .text.__NVIC_GetPriorityGrouping
                0x08002a10       0x1c ./Drivers/STM32F1xx_HAL_Driver/Src/stm32f1xx_hal_cortex.o
 .text.__NVIC_EnableIRQ
                0x08002a2c       0x38 ./Drivers/STM32F1xx_HAL_Driver/Src/stm32f1xx_hal_cortex.o
 .text.__NVIC_SetPriority
                0x08002a64       0x54 ./Drivers/STM32F1xx_HAL_Driver/Src/stm32f1xx_hal_cortex.o
 .text.NVIC_EncodePriority
                0x08002ab8       0x64 ./Drivers/STM32F1xx_HAL_Driver/Src/stm32f1xx_hal_cortex.o
 .text.SysTick_Config
                0x08002b1c       0x44 ./Drivers/STM32F1xx_HAL_Driver/Src/stm32f1xx_hal_cortex.o
 .text.HAL_NVIC_SetPriorityGrouping
                0x08002b60       0x16 ./Drivers/STM32F1xx_HAL_Driver/Src/stm32f1xx_hal_cortex.o
                0x08002b60                HAL_NVIC_SetPriorityGrouping
 .text.HAL_NVIC_SetPriority
                0x08002b76       0x38 ./Drivers/STM32F1xx_HAL_Driver/Src/stm32f1xx_hal_cortex.o
                0x08002b76                HAL_NVIC_SetPriority
 .text.HAL_NVIC_EnableIRQ
                0x08002bae       0x1c ./Drivers/STM32F1xx_HAL_Driver/Src/stm32f1xx_hal_cortex.o
                0x08002bae                HAL_NVIC_EnableIRQ
 .text.HAL_SYSTICK_Config
                0x08002bca       0x18 ./Drivers/STM32F1xx_HAL_Driver/Src/stm32f1xx_hal_cortex.o
                0x08002bca                HAL_SYSTICK_Config
 *fill*         0x08002be2        0x2 
 .text.HAL_DMA_Init
                0x08002be4       0xb4 ./Drivers/STM32F1xx_HAL_Driver/Src/stm32f1xx_hal_dma.o
                0x08002be4                HAL_DMA_Init
 .text.HAL_DMA_Start_IT
                0x08002c98       0xc0 ./Drivers/STM32F1xx_HAL_Driver/Src/stm32f1xx_hal_dma.o
                0x08002c98                HAL_DMA_Start_IT
 .text.HAL_DMA_IRQHandler
                0x08002d58      0x20c ./Drivers/STM32F1xx_HAL_Driver/Src/stm32f1xx_hal_dma.o
                0x08002d58                HAL_DMA_IRQHandler
 .text.DMA_SetConfig
                0x08002f64       0x5a ./Drivers/STM32F1xx_HAL_Driver/Src/stm32f1xx_hal_dma.o
 *fill*         0x08002fbe        0x2 
 .text.HAL_GPIO_Init
                0x08002fc0      0x308 ./Drivers/STM32F1xx_HAL_Driver/Src/stm32f1xx_hal_gpio.o
                0x08002fc0                HAL_GPIO_Init
 .text.HAL_GPIO_ReadPin
                0x080032c8       0x2e ./Drivers/STM32F1xx_HAL_Driver/Src/stm32f1xx_hal_gpio.o
                0x080032c8                HAL_GPIO_ReadPin
 .text.HAL_GPIO_WritePin
                0x080032f6       0x30 ./Drivers/STM32F1xx_HAL_Driver/Src/stm32f1xx_hal_gpio.o
                0x080032f6                HAL_GPIO_WritePin
 .text.HAL_GPIO_TogglePin
                0x08003326       0x32 ./Drivers/STM32F1xx_HAL_Driver/Src/stm32f1xx_hal_gpio.o
                0x08003326                HAL_GPIO_TogglePin
 .text.HAL_RCC_OscConfig
                0x08003358      0x504 ./Drivers/STM32F1xx_HAL_Driver/Src/stm32f1xx_hal_rcc.o
                0x08003358                HAL_RCC_OscConfig
 .text.HAL_RCC_ClockConfig
                0x0800385c      0x1d4 ./Drivers/STM32F1xx_HAL_Driver/Src/stm32f1xx_hal_rcc.o
                0x0800385c                HAL_RCC_ClockConfig
 .text.HAL_RCC_GetSysClockFreq
                0x08003a30       0xa8 ./Drivers/STM32F1xx_HAL_Driver/Src/stm32f1xx_hal_rcc.o
                0x08003a30                HAL_RCC_GetSysClockFreq
 .text.HAL_RCC_GetHCLKFreq
                0x08003ad8       0x14 ./Drivers/STM32F1xx_HAL_Driver/Src/stm32f1xx_hal_rcc.o
                0x08003ad8                HAL_RCC_GetHCLKFreq
 .text.HAL_RCC_GetPCLK1Freq
                0x08003aec       0x28 ./Drivers/STM32F1xx_HAL_Driver/Src/stm32f1xx_hal_rcc.o
                0x08003aec                HAL_RCC_GetPCLK1Freq
 .text.HAL_RCC_GetPCLK2Freq
                0x08003b14       0x28 ./Drivers/STM32F1xx_HAL_Driver/Src/stm32f1xx_hal_rcc.o
                0x08003b14                HAL_RCC_GetPCLK2Freq
 .text.RCC_Delay
                0x08003b3c       0x3c ./Drivers/STM32F1xx_HAL_Driver/Src/stm32f1xx_hal_rcc.o
 .text.HAL_RCCEx_PeriphCLKConfig
                0x08003b78      0x16c ./Drivers/STM32F1xx_HAL_Driver/Src/stm32f1xx_hal_rcc_ex.o
                0x08003b78                HAL_RCCEx_PeriphCLKConfig
 .text.HAL_RCCEx_GetPeriphCLKFreq
                0x08003ce4      0x16c ./Drivers/STM32F1xx_HAL_Driver/Src/stm32f1xx_hal_rcc_ex.o
                0x08003ce4                HAL_RCCEx_GetPeriphCLKFreq
 .text.HAL_TIM_Base_Init
                0x08003e50       0x9e ./Drivers/STM32F1xx_HAL_Driver/Src/stm32f1xx_hal_tim.o
                0x08003e50                HAL_TIM_Base_Init
 *fill*         0x08003eee        0x2 
 .text.HAL_TIM_Base_Start_IT
                0x08003ef0       0xa4 ./Drivers/STM32F1xx_HAL_Driver/Src/stm32f1xx_hal_tim.o
                0x08003ef0                HAL_TIM_Base_Start_IT
 .text.HAL_TIM_PWM_Init
                0x08003f94       0x9e ./Drivers/STM32F1xx_HAL_Driver/Src/stm32f1xx_hal_tim.o
                0x08003f94                HAL_TIM_PWM_Init
 .text.HAL_TIM_PWM_MspInit
                0x08004032       0x12 ./Drivers/STM32F1xx_HAL_Driver/Src/stm32f1xx_hal_tim.o
                0x08004032                HAL_TIM_PWM_MspInit
 .text.HAL_TIM_PWM_Start_DMA
                0x08004044      0x344 ./Drivers/STM32F1xx_HAL_Driver/Src/stm32f1xx_hal_tim.o
                0x08004044                HAL_TIM_PWM_Start_DMA
 .text.HAL_TIM_IRQHandler
                0x08004388      0x1e0 ./Drivers/STM32F1xx_HAL_Driver/Src/stm32f1xx_hal_tim.o
                0x08004388                HAL_TIM_IRQHandler
 .text.HAL_TIM_PWM_ConfigChannel
                0x08004568      0x184 ./Drivers/STM32F1xx_HAL_Driver/Src/stm32f1xx_hal_tim.o
                0x08004568                HAL_TIM_PWM_ConfigChannel
 .text.HAL_TIM_ConfigClockSource
                0x080046ec      0x18e ./Drivers/STM32F1xx_HAL_Driver/Src/stm32f1xx_hal_tim.o
                0x080046ec                HAL_TIM_ConfigClockSource
 .text.HAL_TIM_OC_DelayElapsedCallback
                0x0800487a       0x12 ./Drivers/STM32F1xx_HAL_Driver/Src/stm32f1xx_hal_tim.o
                0x0800487a                HAL_TIM_OC_DelayElapsedCallback
 .text.HAL_TIM_IC_CaptureCallback
                0x0800488c       0x12 ./Drivers/STM32F1xx_HAL_Driver/Src/stm32f1xx_hal_tim.o
                0x0800488c                HAL_TIM_IC_CaptureCallback
 .text.HAL_TIM_PWM_PulseFinishedCallback
                0x0800489e       0x12 ./Drivers/STM32F1xx_HAL_Driver/Src/stm32f1xx_hal_tim.o
                0x0800489e                HAL_TIM_PWM_PulseFinishedCallback
 .text.HAL_TIM_PWM_PulseFinishedHalfCpltCallback
                0x080048b0       0x12 ./Drivers/STM32F1xx_HAL_Driver/Src/stm32f1xx_hal_tim.o
                0x080048b0                HAL_TIM_PWM_PulseFinishedHalfCpltCallback
 .text.HAL_TIM_TriggerCallback
                0x080048c2       0x12 ./Drivers/STM32F1xx_HAL_Driver/Src/stm32f1xx_hal_tim.o
                0x080048c2                HAL_TIM_TriggerCallback
 .text.HAL_TIM_ErrorCallback
                0x080048d4       0x12 ./Drivers/STM32F1xx_HAL_Driver/Src/stm32f1xx_hal_tim.o
                0x080048d4                HAL_TIM_ErrorCallback
 .text.TIM_DMAError
                0x080048e6       0x92 ./Drivers/STM32F1xx_HAL_Driver/Src/stm32f1xx_hal_tim.o
                0x080048e6                TIM_DMAError
 .text.TIM_DMADelayPulseCplt
                0x08004978       0xa8 ./Drivers/STM32F1xx_HAL_Driver/Src/stm32f1xx_hal_tim.o
 .text.TIM_DMADelayPulseHalfCplt
                0x08004a20       0x68 ./Drivers/STM32F1xx_HAL_Driver/Src/stm32f1xx_hal_tim.o
                0x08004a20                TIM_DMADelayPulseHalfCplt
 .text.TIM_Base_SetConfig
                0x08004a88       0xdc ./Drivers/STM32F1xx_HAL_Driver/Src/stm32f1xx_hal_tim.o
                0x08004a88                TIM_Base_SetConfig
 .text.TIM_OC1_SetConfig
                0x08004b64       0xcc ./Drivers/STM32F1xx_HAL_Driver/Src/stm32f1xx_hal_tim.o
 .text.TIM_OC2_SetConfig
                0x08004c30       0xd4 ./Drivers/STM32F1xx_HAL_Driver/Src/stm32f1xx_hal_tim.o
                0x08004c30                TIM_OC2_SetConfig
 .text.TIM_OC3_SetConfig
                0x08004d04       0xd4 ./Drivers/STM32F1xx_HAL_Driver/Src/stm32f1xx_hal_tim.o
 .text.TIM_OC4_SetConfig
                0x08004dd8       0x9c ./Drivers/STM32F1xx_HAL_Driver/Src/stm32f1xx_hal_tim.o
 .text.TIM_TI1_ConfigInputStage
                0x08004e74       0x5c ./Drivers/STM32F1xx_HAL_Driver/Src/stm32f1xx_hal_tim.o
 .text.TIM_TI2_ConfigInputStage
                0x08004ed0       0x5e ./Drivers/STM32F1xx_HAL_Driver/Src/stm32f1xx_hal_tim.o
 .text.TIM_ITRx_SetConfig
                0x08004f2e       0x34 ./Drivers/STM32F1xx_HAL_Driver/Src/stm32f1xx_hal_tim.o
 .text.TIM_ETR_SetConfig
                0x08004f62       0x3e ./Drivers/STM32F1xx_HAL_Driver/Src/stm32f1xx_hal_tim.o
                0x08004f62                TIM_ETR_SetConfig
 .text.TIM_CCxChannelCmd
                0x08004fa0       0x48 ./Drivers/STM32F1xx_HAL_Driver/Src/stm32f1xx_hal_tim.o
                0x08004fa0                TIM_CCxChannelCmd
 .text.HAL_TIMEx_MasterConfigSynchronization
                0x08004fe8       0xbc ./Drivers/STM32F1xx_HAL_Driver/Src/stm32f1xx_hal_tim_ex.o
                0x08004fe8                HAL_TIMEx_MasterConfigSynchronization
 .text.HAL_TIMEx_CommutCallback
                0x080050a4       0x12 ./Drivers/STM32F1xx_HAL_Driver/Src/stm32f1xx_hal_tim_ex.o
                0x080050a4                HAL_TIMEx_CommutCallback
 .text.HAL_TIMEx_BreakCallback
                0x080050b6       0x12 ./Drivers/STM32F1xx_HAL_Driver/Src/stm32f1xx_hal_tim_ex.o
                0x080050b6                HAL_TIMEx_BreakCallback
 .text.HAL_UART_Init
                0x080050c8       0xa0 ./Drivers/STM32F1xx_HAL_Driver/Src/stm32f1xx_hal_uart.o
                0x080050c8                HAL_UART_Init
 .text.HAL_UART_Transmit
                0x08005168      0x116 ./Drivers/STM32F1xx_HAL_Driver/Src/stm32f1xx_hal_uart.o
                0x08005168                HAL_UART_Transmit
 .text.UART_WaitOnFlagUntilTimeout
                0x0800527e       0xb2 ./Drivers/STM32F1xx_HAL_Driver/Src/stm32f1xx_hal_uart.o
 .text.UART_EndRxTransfer
                0x08005330       0xc4 ./Drivers/STM32F1xx_HAL_Driver/Src/stm32f1xx_hal_uart.o
 .text.UART_SetConfig
                0x080053f4      0x11c ./Drivers/STM32F1xx_HAL_Driver/Src/stm32f1xx_hal_uart.o
 .text.memset   0x08005510       0x10 D:/CubeIDE/STM32CubeIDE_1.17.0/STM32CubeIDE/plugins/com.st.stm32cube.ide.mcu.externaltools.gnu-tools-for-stm32.12.3.rel1.win32_1.1.0.202410251130/tools/bin/../lib/gcc/arm-none-eabi/12.3.1/../../../../arm-none-eabi/lib/thumb/v7-m/nofp\libc_nano.a(libc_a-memset.o)
                0x08005510                memset
 .text.__libc_init_array
                0x08005520       0x48 D:/CubeIDE/STM32CubeIDE_1.17.0/STM32CubeIDE/plugins/com.st.stm32cube.ide.mcu.externaltools.gnu-tools-for-stm32.12.3.rel1.win32_1.1.0.202410251130/tools/bin/../lib/gcc/arm-none-eabi/12.3.1/../../../../arm-none-eabi/lib/thumb/v7-m/nofp\libc_nano.a(libc_a-init.o)
                0x08005520                __libc_init_array
 *(.glue_7)
 .glue_7        0x08005568        0x0 linker stubs
 *(.glue_7t)
 .glue_7t       0x08005568        0x0 linker stubs
 *(.eh_frame)
 .eh_frame      0x08005568        0x0 D:/CubeIDE/STM32CubeIDE_1.17.0/STM32CubeIDE/plugins/com.st.stm32cube.ide.mcu.externaltools.gnu-tools-for-stm32.12.3.rel1.win32_1.1.0.202410251130/tools/bin/../lib/gcc/arm-none-eabi/12.3.1/thumb/v7-m/nofp/crtbegin.o
 *(.init)
 .init          0x08005568        0x4 D:/CubeIDE/STM32CubeIDE_1.17.0/STM32CubeIDE/plugins/com.st.stm32cube.ide.mcu.externaltools.gnu-tools-for-stm32.12.3.rel1.win32_1.1.0.202410251130/tools/bin/../lib/gcc/arm-none-eabi/12.3.1/thumb/v7-m/nofp/crti.o
                0x08005568                _init
 .init          0x0800556c        0x8 D:/CubeIDE/STM32CubeIDE_1.17.0/STM32CubeIDE/plugins/com.st.stm32cube.ide.mcu.externaltools.gnu-tools-for-stm32.12.3.rel1.win32_1.1.0.202410251130/tools/bin/../lib/gcc/arm-none-eabi/12.3.1/thumb/v7-m/nofp/crtn.o
 *(.fini)
 .fini          0x08005574        0x4 D:/CubeIDE/STM32CubeIDE_1.17.0/STM32CubeIDE/plugins/com.st.stm32cube.ide.mcu.externaltools.gnu-tools-for-stm32.12.3.rel1.win32_1.1.0.202410251130/tools/bin/../lib/gcc/arm-none-eabi/12.3.1/thumb/v7-m/nofp/crti.o
                0x08005574                _fini
 .fini          0x08005578        0x8 D:/CubeIDE/STM32CubeIDE_1.17.0/STM32CubeIDE/plugins/com.st.stm32cube.ide.mcu.externaltools.gnu-tools-for-stm32.12.3.rel1.win32_1.1.0.202410251130/tools/bin/../lib/gcc/arm-none-eabi/12.3.1/thumb/v7-m/nofp/crtn.o
                0x08005580                        . = ALIGN (0x4)
                0x08005580                        _etext = .

.vfp11_veneer   0x08005580        0x0
 .vfp11_veneer  0x08005580        0x0 linker stubs

.v4_bx          0x08005580        0x0
 .v4_bx         0x08005580        0x0 linker stubs

.iplt           0x08005580        0x0
 .iplt          0x08005580        0x0 D:/CubeIDE/STM32CubeIDE_1.17.0/STM32CubeIDE/plugins/com.st.stm32cube.ide.mcu.externaltools.gnu-tools-for-stm32.12.3.rel1.win32_1.1.0.202410251130/tools/bin/../lib/gcc/arm-none-eabi/12.3.1/thumb/v7-m/nofp/crtbegin.o

.rodata         0x08005580       0x64
                0x08005580                        . = ALIGN (0x4)
 *(.rodata)
 .rodata        0x08005580       0x21 ./Core/Src/user_can.o
 *(.rodata*)
 *fill*         0x080055a1        0x3 
 .rodata.AHBPrescTable
                0x080055a4       0x10 ./Core/Src/system_stm32f1xx.o
                0x080055a4                AHBPrescTable
 .rodata.APBPrescTable
                0x080055b4        0x8 ./Core/Src/system_stm32f1xx.o
                0x080055b4                APBPrescTable
 .rodata.aPLLMULFactorTable.1
                0x080055bc       0x10 ./Drivers/STM32F1xx_HAL_Driver/Src/stm32f1xx_hal_rcc.o
 .rodata.aPredivFactorTable.0
                0x080055cc        0x2 ./Drivers/STM32F1xx_HAL_Driver/Src/stm32f1xx_hal_rcc.o
 *fill*         0x080055ce        0x2 
 .rodata.aPLLMULFactorTable.1
                0x080055d0       0x10 ./Drivers/STM32F1xx_HAL_Driver/Src/stm32f1xx_hal_rcc_ex.o
 .rodata.aPredivFactorTable.0
                0x080055e0        0x2 ./Drivers/STM32F1xx_HAL_Driver/Src/stm32f1xx_hal_rcc_ex.o
                0x080055e4                        . = ALIGN (0x4)
 *fill*         0x080055e2        0x2 

.ARM.extab      0x080055e4        0x0
                0x080055e4                        . = ALIGN (0x4)
 *(.ARM.extab* .gnu.linkonce.armextab.*)
                0x080055e4                        . = ALIGN (0x4)

.ARM            0x080055e4        0x0
                0x080055e4                        . = ALIGN (0x4)
                0x080055e4                        __exidx_start = .
 *(.ARM.exidx*)
                0x080055e4                        __exidx_end = .
                0x080055e4                        . = ALIGN (0x4)

.preinit_array  0x080055e4        0x0
                0x080055e4                        . = ALIGN (0x4)
                0x080055e4                        PROVIDE (__preinit_array_start = .)
 *(.preinit_array*)
                0x080055e4                        PROVIDE (__preinit_array_end = .)
                0x080055e4                        . = ALIGN (0x4)

.init_array     0x080055e4        0x4
                0x080055e4                        . = ALIGN (0x4)
                0x080055e4                        PROVIDE (__init_array_start = .)
 *(SORT_BY_NAME(.init_array.*))
 *(.init_array*)
 .init_array    0x080055e4        0x4 D:/CubeIDE/STM32CubeIDE_1.17.0/STM32CubeIDE/plugins/com.st.stm32cube.ide.mcu.externaltools.gnu-tools-for-stm32.12.3.rel1.win32_1.1.0.202410251130/tools/bin/../lib/gcc/arm-none-eabi/12.3.1/thumb/v7-m/nofp/crtbegin.o
                0x080055e8                        PROVIDE (__init_array_end = .)
                0x080055e8                        . = ALIGN (0x4)

.fini_array     0x080055e8        0x4
                0x080055e8                        . = ALIGN (0x4)
                [!provide]                        PROVIDE (__fini_array_start = .)
 *(SORT_BY_NAME(.fini_array.*))
 *(.fini_array*)
 .fini_array    0x080055e8        0x4 D:/CubeIDE/STM32CubeIDE_1.17.0/STM32CubeIDE/plugins/com.st.stm32cube.ide.mcu.externaltools.gnu-tools-for-stm32.12.3.rel1.win32_1.1.0.202410251130/tools/bin/../lib/gcc/arm-none-eabi/12.3.1/thumb/v7-m/nofp/crtbegin.o
                [!provide]                        PROVIDE (__fini_array_end = .)
                0x080055ec                        . = ALIGN (0x4)
                0x080055ec                        _sidata = LOADADDR (.data)

.rel.dyn        0x080055ec        0x0
 .rel.iplt      0x080055ec        0x0 D:/CubeIDE/STM32CubeIDE_1.17.0/STM32CubeIDE/plugins/com.st.stm32cube.ide.mcu.externaltools.gnu-tools-for-stm32.12.3.rel1.win32_1.1.0.202410251130/tools/bin/../lib/gcc/arm-none-eabi/12.3.1/thumb/v7-m/nofp/crtbegin.o

.data           0x20000000        0xc load address 0x080055ec
                0x20000000                        . = ALIGN (0x4)
                0x20000000                        _sdata = .
 *(.data)
 *(.data*)
 .data.SystemCoreClock
                0x20000000        0x4 ./Core/Src/system_stm32f1xx.o
                0x20000000                SystemCoreClock
 .data.uwTickPrio
                0x20000004        0x4 ./Drivers/STM32F1xx_HAL_Driver/Src/stm32f1xx_hal.o
                0x20000004                uwTickPrio
 .data.uwTickFreq
                0x20000008        0x1 ./Drivers/STM32F1xx_HAL_Driver/Src/stm32f1xx_hal.o
                0x20000008                uwTickFreq
 *(.RamFunc)
 *(.RamFunc*)
                0x2000000c                        . = ALIGN (0x4)
 *fill*         0x20000009        0x3 
                0x2000000c                        _edata = .

.igot.plt       0x2000000c        0x0 load address 0x080055f8
 .igot.plt      0x2000000c        0x0 D:/CubeIDE/STM32CubeIDE_1.17.0/STM32CubeIDE/plugins/com.st.stm32cube.ide.mcu.externaltools.gnu-tools-for-stm32.12.3.rel1.win32_1.1.0.202410251130/tools/bin/../lib/gcc/arm-none-eabi/12.3.1/thumb/v7-m/nofp/crtbegin.o
                0x2000000c                        . = ALIGN (0x4)

.bss            0x2000000c      0xe2c load address 0x080055f8
                0x2000000c                        _sbss = .
                0x2000000c                        __bss_start__ = _sbss
 *(.bss)
 .bss           0x2000000c       0x1c D:/CubeIDE/STM32CubeIDE_1.17.0/STM32CubeIDE/plugins/com.st.stm32cube.ide.mcu.externaltools.gnu-tools-for-stm32.12.3.rel1.win32_1.1.0.202410251130/tools/bin/../lib/gcc/arm-none-eabi/12.3.1/thumb/v7-m/nofp/crtbegin.o
 *(.bss*)
 .bss.hadc1     0x20000028       0x30 ./Core/Src/adc.o
                0x20000028                hadc1
 .bss.hcan      0x20000058       0x28 ./Core/Src/can.o
                0x20000058                hcan
 .bss.adc_value
                0x20000080        0x8 ./Core/Src/main.o
                0x20000080                adc_value
 .bss.YOUYA_State
                0x20000088        0x1 ./Core/Src/main.o
                0x20000088                YOUYA_State
 .bss.QIYA_State
                0x20000089        0x1 ./Core/Src/main.o
                0x20000089                QIYA_State
 .bss.Driving_Mode_From_ACU
                0x2000008a        0x1 ./Core/Src/main.o
                0x2000008a                Driving_Mode_From_ACU
 .bss.Go_valid  0x2000008b        0x1 ./Core/Src/main.o
                0x2000008b                Go_valid
 .bss.TS_State  0x2000008c        0x1 ./Core/Src/main.o
                0x2000008c                TS_State
 .bss.ASMS_State
                0x2000008d        0x1 ./Core/Src/main.o
                0x2000008d                ASMS_State
 .bss.adc_to_convert
                0x2000008e        0x1 ./Core/Src/main.o
                0x2000008e                adc_to_convert
 .bss.blink_enabled
                0x2000008f        0x1 ./Core/Src/main.o
                0x2000008f                blink_enabled
 .bss.BEE_enabled
                0x20000090        0x1 ./Core/Src/main.o
                0x20000090                BEE_enabled
 .bss.GO_Wait_State
                0x20000091        0x1 ./Core/Src/main.o
                0x20000091                GO_Wait_State
 .bss.GO_Wait_Count_State
                0x20000092        0x1 ./Core/Src/main.o
                0x20000092                GO_Wait_Count_State
 .bss.led_state
                0x20000093        0x1 ./Core/Src/main.o
                0x20000093                led_state
 .bss.BEE_Sparkle_state
                0x20000094        0x1 ./Core/Src/main.o
                0x20000094                BEE_Sparkle_state
 *fill*         0x20000095        0x3 
 .bss.WDOG_num  0x20000098        0x4 ./Core/Src/main.o
                0x20000098                WDOG_num
 .bss.GO_WAIT_num
                0x2000009c        0x4 ./Core/Src/main.o
                0x2000009c                GO_WAIT_num
 .bss.htim2     0x200000a0       0x48 ./Core/Src/tim.o
                0x200000a0                htim2
 .bss.htim3     0x200000e8       0x48 ./Core/Src/tim.o
                0x200000e8                htim3
 .bss.htim4     0x20000130       0x48 ./Core/Src/tim.o
                0x20000130                htim4
 .bss.hdma_tim4_ch1
                0x20000178       0x44 ./Core/Src/tim.o
                0x20000178                hdma_tim4_ch1
 .bss.huart1    0x200001bc       0x48 ./Core/Src/usart.o
                0x200001bc                huart1
 .bss.Pixel_Buf
                0x20000204      0xc30 ./Core/Src/user_rgb.o
 .bss.uwTick    0x20000e34        0x4 ./Drivers/STM32F1xx_HAL_Driver/Src/stm32f1xx_hal.o
                0x20000e34                uwTick
 *(COMMON)
                0x20000e38                        . = ALIGN (0x4)
                0x20000e38                        _ebss = .
                0x20000e38                        __bss_end__ = _ebss

._user_heap_stack
                0x20000e38      0x600 load address 0x080055f8
                0x20000e38                        . = ALIGN (0x8)
                [!provide]                        PROVIDE (end = .)
                0x20000e38                        PROVIDE (_end = .)
                0x20001038                        . = (. + _Min_Heap_Size)
 *fill*         0x20000e38      0x200 
                0x20001438                        . = (. + _Min_Stack_Size)
 *fill*         0x20001038      0x400 
                0x20001438                        . = ALIGN (0x8)

/DISCARD/
 libc.a(*)
 libm.a(*)
 libgcc.a(*)

.ARM.attributes
                0x00000000       0x29
 *(.ARM.attributes)
 .ARM.attributes
                0x00000000       0x1d D:/CubeIDE/STM32CubeIDE_1.17.0/STM32CubeIDE/plugins/com.st.stm32cube.ide.mcu.externaltools.gnu-tools-for-stm32.12.3.rel1.win32_1.1.0.202410251130/tools/bin/../lib/gcc/arm-none-eabi/12.3.1/thumb/v7-m/nofp/crti.o
 .ARM.attributes
                0x0000001d       0x2d D:/CubeIDE/STM32CubeIDE_1.17.0/STM32CubeIDE/plugins/com.st.stm32cube.ide.mcu.externaltools.gnu-tools-for-stm32.12.3.rel1.win32_1.1.0.202410251130/tools/bin/../lib/gcc/arm-none-eabi/12.3.1/thumb/v7-m/nofp/crtbegin.o
 .ARM.attributes
                0x0000004a       0x2d ./Core/Src/adc.o
 .ARM.attributes
                0x00000077       0x2d ./Core/Src/can.o
 .ARM.attributes
                0x000000a4       0x2d ./Core/Src/dma.o
 .ARM.attributes
                0x000000d1       0x2d ./Core/Src/gpio.o
 .ARM.attributes
                0x000000fe       0x2d ./Core/Src/main.o
 .ARM.attributes
                0x0000012b       0x2d ./Core/Src/stm32f1xx_hal_msp.o
 .ARM.attributes
                0x00000158       0x2d ./Core/Src/stm32f1xx_it.o
 .ARM.attributes
                0x00000185       0x2d ./Core/Src/system_stm32f1xx.o
 .ARM.attributes
                0x000001b2       0x2d ./Core/Src/tim.o
 .ARM.attributes
                0x000001df       0x2d ./Core/Src/usart.o
 .ARM.attributes
                0x0000020c       0x2d ./Core/Src/user_AS_State.o
 .ARM.attributes
                0x00000239       0x2d ./Core/Src/user_adc.o
 .ARM.attributes
                0x00000266       0x2d ./Core/Src/user_can.o
 .ARM.attributes
                0x00000293       0x2d ./Core/Src/user_peripheral.o
 .ARM.attributes
                0x000002c0       0x2d ./Core/Src/user_rgb.o
 .ARM.attributes
                0x000002ed       0x21 ./Core/Startup/startup_stm32f103c8tx.o
 .ARM.attributes
                0x0000030e       0x2d ./Drivers/STM32F1xx_HAL_Driver/Src/stm32f1xx_hal.o
 .ARM.attributes
                0x0000033b       0x2d ./Drivers/STM32F1xx_HAL_Driver/Src/stm32f1xx_hal_adc.o
 .ARM.attributes
                0x00000368       0x2d ./Drivers/STM32F1xx_HAL_Driver/Src/stm32f1xx_hal_can.o
 .ARM.attributes
                0x00000395       0x2d ./Drivers/STM32F1xx_HAL_Driver/Src/stm32f1xx_hal_cortex.o
 .ARM.attributes
                0x000003c2       0x2d ./Drivers/STM32F1xx_HAL_Driver/Src/stm32f1xx_hal_dma.o
 .ARM.attributes
                0x000003ef       0x2d ./Drivers/STM32F1xx_HAL_Driver/Src/stm32f1xx_hal_gpio.o
 .ARM.attributes
                0x0000041c       0x2d ./Drivers/STM32F1xx_HAL_Driver/Src/stm32f1xx_hal_rcc.o
 .ARM.attributes
                0x00000449       0x2d ./Drivers/STM32F1xx_HAL_Driver/Src/stm32f1xx_hal_rcc_ex.o
 .ARM.attributes
                0x00000476       0x2d ./Drivers/STM32F1xx_HAL_Driver/Src/stm32f1xx_hal_tim.o
 .ARM.attributes
                0x000004a3       0x2d ./Drivers/STM32F1xx_HAL_Driver/Src/stm32f1xx_hal_tim_ex.o
 .ARM.attributes
                0x000004d0       0x2d ./Drivers/STM32F1xx_HAL_Driver/Src/stm32f1xx_hal_uart.o
 .ARM.attributes
                0x000004fd       0x2d D:/CubeIDE/STM32CubeIDE_1.17.0/STM32CubeIDE/plugins/com.st.stm32cube.ide.mcu.externaltools.gnu-tools-for-stm32.12.3.rel1.win32_1.1.0.202410251130/tools/bin/../lib/gcc/arm-none-eabi/12.3.1/../../../../arm-none-eabi/lib/thumb/v7-m/nofp\libc_nano.a(libc_a-memset.o)
 .ARM.attributes
                0x0000052a       0x2d D:/CubeIDE/STM32CubeIDE_1.17.0/STM32CubeIDE/plugins/com.st.stm32cube.ide.mcu.externaltools.gnu-tools-for-stm32.12.3.rel1.win32_1.1.0.202410251130/tools/bin/../lib/gcc/arm-none-eabi/12.3.1/../../../../arm-none-eabi/lib/thumb/v7-m/nofp\libc_nano.a(libc_a-init.o)
 .ARM.attributes
                0x00000557       0x1d D:/CubeIDE/STM32CubeIDE_1.17.0/STM32CubeIDE/plugins/com.st.stm32cube.ide.mcu.externaltools.gnu-tools-for-stm32.12.3.rel1.win32_1.1.0.202410251130/tools/bin/../lib/gcc/arm-none-eabi/12.3.1/thumb/v7-m/nofp/crtn.o
OUTPUT(EBS_ECU.elf elf32-littlearm)
LOAD linker stubs
LOAD D:/CubeIDE/STM32CubeIDE_1.17.0/STM32CubeIDE/plugins/com.st.stm32cube.ide.mcu.externaltools.gnu-tools-for-stm32.12.3.rel1.win32_1.1.0.202410251130/tools/bin/../lib/gcc/arm-none-eabi/12.3.1/../../../../arm-none-eabi/lib/thumb/v7-m/nofp\libc.a
LOAD D:/CubeIDE/STM32CubeIDE_1.17.0/STM32CubeIDE/plugins/com.st.stm32cube.ide.mcu.externaltools.gnu-tools-for-stm32.12.3.rel1.win32_1.1.0.202410251130/tools/bin/../lib/gcc/arm-none-eabi/12.3.1/../../../../arm-none-eabi/lib/thumb/v7-m/nofp\libm.a
LOAD D:/CubeIDE/STM32CubeIDE_1.17.0/STM32CubeIDE/plugins/com.st.stm32cube.ide.mcu.externaltools.gnu-tools-for-stm32.12.3.rel1.win32_1.1.0.202410251130/tools/bin/../lib/gcc/arm-none-eabi/12.3.1/thumb/v7-m/nofp\libgcc.a

.debug_info     0x00000000    0x120e2
 .debug_info    0x00000000      0x7bf ./Core/Src/adc.o
 .debug_info    0x000007bf      0x86e ./Core/Src/can.o
 .debug_info    0x0000102d      0x2d6 ./Core/Src/dma.o
 .debug_info    0x00001303      0x2da ./Core/Src/gpio.o
 .debug_info    0x000015dd      0xc8d ./Core/Src/main.o
 .debug_info    0x0000226a      0x1f8 ./Core/Src/stm32f1xx_hal_msp.o
 .debug_info    0x00002462      0xaa4 ./Core/Src/stm32f1xx_it.o
 .debug_info    0x00002f06      0x222 ./Core/Src/system_stm32f1xx.o
 .debug_info    0x00003128      0xced ./Core/Src/tim.o
 .debug_info    0x00003e15      0x79f ./Core/Src/usart.o
 .debug_info    0x000045b4      0x6ea ./Core/Src/user_AS_State.o
 .debug_info    0x00004c9e      0x606 ./Core/Src/user_adc.o
 .debug_info    0x000052a4      0xeb5 ./Core/Src/user_can.o
 .debug_info    0x00006159      0x254 ./Core/Src/user_peripheral.o
 .debug_info    0x000063ad      0xb24 ./Core/Src/user_rgb.o
 .debug_info    0x00006ed1       0x30 ./Core/Startup/startup_stm32f103c8tx.o
 .debug_info    0x00006f01      0x704 ./Drivers/STM32F1xx_HAL_Driver/Src/stm32f1xx_hal.o
 .debug_info    0x00007605      0xc50 ./Drivers/STM32F1xx_HAL_Driver/Src/stm32f1xx_hal_adc.o
 .debug_info    0x00008255      0xf13 ./Drivers/STM32F1xx_HAL_Driver/Src/stm32f1xx_hal_can.o
 .debug_info    0x00009168      0xa87 ./Drivers/STM32F1xx_HAL_Driver/Src/stm32f1xx_hal_cortex.o
 .debug_info    0x00009bef      0x6d2 ./Drivers/STM32F1xx_HAL_Driver/Src/stm32f1xx_hal_dma.o
 .debug_info    0x0000a2c1      0x5ab ./Drivers/STM32F1xx_HAL_Driver/Src/stm32f1xx_hal_gpio.o
 .debug_info    0x0000a86c      0x7d5 ./Drivers/STM32F1xx_HAL_Driver/Src/stm32f1xx_hal_rcc.o
 .debug_info    0x0000b041      0x3c0 ./Drivers/STM32F1xx_HAL_Driver/Src/stm32f1xx_hal_rcc_ex.o
 .debug_info    0x0000b401     0x2959 ./Drivers/STM32F1xx_HAL_Driver/Src/stm32f1xx_hal_tim.o
 .debug_info    0x0000dd5a     0x149b ./Drivers/STM32F1xx_HAL_Driver/Src/stm32f1xx_hal_tim_ex.o
 .debug_info    0x0000f1f5     0x2eed ./Drivers/STM32F1xx_HAL_Driver/Src/stm32f1xx_hal_uart.o

.debug_abbrev   0x00000000     0x34b4
 .debug_abbrev  0x00000000      0x1e1 ./Core/Src/adc.o
 .debug_abbrev  0x000001e1      0x232 ./Core/Src/can.o
 .debug_abbrev  0x00000413       0xfc ./Core/Src/dma.o
 .debug_abbrev  0x0000050f      0x13f ./Core/Src/gpio.o
 .debug_abbrev  0x0000064e      0x29e ./Core/Src/main.o
 .debug_abbrev  0x000008ec       0xdb ./Core/Src/stm32f1xx_hal_msp.o
 .debug_abbrev  0x000009c7      0x1ea ./Core/Src/stm32f1xx_it.o
 .debug_abbrev  0x00000bb1      0x13f ./Core/Src/system_stm32f1xx.o
 .debug_abbrev  0x00000cf0      0x292 ./Core/Src/tim.o
 .debug_abbrev  0x00000f82      0x1e6 ./Core/Src/usart.o
 .debug_abbrev  0x00001168      0x21a ./Core/Src/user_AS_State.o
 .debug_abbrev  0x00001382      0x1ba ./Core/Src/user_adc.o
 .debug_abbrev  0x0000153c      0x21e ./Core/Src/user_can.o
 .debug_abbrev  0x0000175a      0x12d ./Core/Src/user_peripheral.o
 .debug_abbrev  0x00001887      0x2ce ./Core/Src/user_rgb.o
 .debug_abbrev  0x00001b55       0x24 ./Core/Startup/startup_stm32f103c8tx.o
 .debug_abbrev  0x00001b79      0x201 ./Drivers/STM32F1xx_HAL_Driver/Src/stm32f1xx_hal.o
 .debug_abbrev  0x00001d7a      0x225 ./Drivers/STM32F1xx_HAL_Driver/Src/stm32f1xx_hal_adc.o
 .debug_abbrev  0x00001f9f      0x21c ./Drivers/STM32F1xx_HAL_Driver/Src/stm32f1xx_hal_can.o
 .debug_abbrev  0x000021bb      0x2f8 ./Drivers/STM32F1xx_HAL_Driver/Src/stm32f1xx_hal_cortex.o
 .debug_abbrev  0x000024b3      0x20b ./Drivers/STM32F1xx_HAL_Driver/Src/stm32f1xx_hal_dma.o
 .debug_abbrev  0x000026be      0x1ca ./Drivers/STM32F1xx_HAL_Driver/Src/stm32f1xx_hal_gpio.o
 .debug_abbrev  0x00002888      0x2b3 ./Drivers/STM32F1xx_HAL_Driver/Src/stm32f1xx_hal_rcc.o
 .debug_abbrev  0x00002b3b      0x188 ./Drivers/STM32F1xx_HAL_Driver/Src/stm32f1xx_hal_rcc_ex.o
 .debug_abbrev  0x00002cc3      0x277 ./Drivers/STM32F1xx_HAL_Driver/Src/stm32f1xx_hal_tim.o
 .debug_abbrev  0x00002f3a      0x282 ./Drivers/STM32F1xx_HAL_Driver/Src/stm32f1xx_hal_tim_ex.o
 .debug_abbrev  0x000031bc      0x2f8 ./Drivers/STM32F1xx_HAL_Driver/Src/stm32f1xx_hal_uart.o

.debug_aranges  0x00000000     0x11b8
 .debug_aranges
                0x00000000       0x30 ./Core/Src/adc.o
 .debug_aranges
                0x00000030       0x30 ./Core/Src/can.o
 .debug_aranges
                0x00000060       0x20 ./Core/Src/dma.o
 .debug_aranges
                0x00000080       0x20 ./Core/Src/gpio.o
 .debug_aranges
                0x000000a0       0x40 ./Core/Src/main.o
 .debug_aranges
                0x000000e0       0x20 ./Core/Src/stm32f1xx_hal_msp.o
 .debug_aranges
                0x00000100       0x78 ./Core/Src/stm32f1xx_it.o
 .debug_aranges
                0x00000178       0x28 ./Core/Src/system_stm32f1xx.o
 .debug_aranges
                0x000001a0       0x48 ./Core/Src/tim.o
 .debug_aranges
                0x000001e8       0x30 ./Core/Src/usart.o
 .debug_aranges
                0x00000218       0xb8 ./Core/Src/user_AS_State.o
 .debug_aranges
                0x000002d0       0x38 ./Core/Src/user_adc.o
 .debug_aranges
                0x00000308       0x98 ./Core/Src/user_can.o
 .debug_aranges
                0x000003a0       0x80 ./Core/Src/user_peripheral.o
 .debug_aranges
                0x00000420       0x90 ./Core/Src/user_rgb.o
 .debug_aranges
                0x000004b0       0x28 ./Core/Startup/startup_stm32f103c8tx.o
 .debug_aranges
                0x000004d8       0xe0 ./Drivers/STM32F1xx_HAL_Driver/Src/stm32f1xx_hal.o
 .debug_aranges
                0x000005b8       0xf0 ./Drivers/STM32F1xx_HAL_Driver/Src/stm32f1xx_hal_adc.o
 .debug_aranges
                0x000006a8      0x138 ./Drivers/STM32F1xx_HAL_Driver/Src/stm32f1xx_hal_can.o
 .debug_aranges
                0x000007e0      0x100 ./Drivers/STM32F1xx_HAL_Driver/Src/stm32f1xx_hal_cortex.o
 .debug_aranges
                0x000008e0       0x80 ./Drivers/STM32F1xx_HAL_Driver/Src/stm32f1xx_hal_dma.o
 .debug_aranges
                0x00000960       0x58 ./Drivers/STM32F1xx_HAL_Driver/Src/stm32f1xx_hal_gpio.o
 .debug_aranges
                0x000009b8       0x90 ./Drivers/STM32F1xx_HAL_Driver/Src/stm32f1xx_hal_rcc.o
 .debug_aranges
                0x00000a48       0x30 ./Drivers/STM32F1xx_HAL_Driver/Src/stm32f1xx_hal_rcc_ex.o
 .debug_aranges
                0x00000a78      0x3d0 ./Drivers/STM32F1xx_HAL_Driver/Src/stm32f1xx_hal_tim.o
 .debug_aranges
                0x00000e48      0x168 ./Drivers/STM32F1xx_HAL_Driver/Src/stm32f1xx_hal_tim_ex.o
 .debug_aranges
                0x00000fb0      0x208 ./Drivers/STM32F1xx_HAL_Driver/Src/stm32f1xx_hal_uart.o

.debug_rnglists
                0x00000000      0xd9b
 .debug_rnglists
                0x00000000       0x20 ./Core/Src/adc.o
 .debug_rnglists
                0x00000020       0x20 ./Core/Src/can.o
 .debug_rnglists
                0x00000040       0x13 ./Core/Src/dma.o
 .debug_rnglists
                0x00000053       0x14 ./Core/Src/gpio.o
 .debug_rnglists
                0x00000067       0x2d ./Core/Src/main.o
 .debug_rnglists
                0x00000094       0x13 ./Core/Src/stm32f1xx_hal_msp.o
 .debug_rnglists
                0x000000a7       0x55 ./Core/Src/stm32f1xx_it.o
 .debug_rnglists
                0x000000fc       0x1a ./Core/Src/system_stm32f1xx.o
 .debug_rnglists
                0x00000116       0x36 ./Core/Src/tim.o
 .debug_rnglists
                0x0000014c       0x20 ./Core/Src/usart.o
 .debug_rnglists
                0x0000016c       0x88 ./Core/Src/user_AS_State.o
 .debug_rnglists
                0x000001f4       0x25 ./Core/Src/user_adc.o
 .debug_rnglists
                0x00000219       0x71 ./Core/Src/user_can.o
 .debug_rnglists
                0x0000028a       0x5b ./Core/Src/user_peripheral.o
 .debug_rnglists
                0x000002e5       0x6b ./Core/Src/user_rgb.o
 .debug_rnglists
                0x00000350       0x19 ./Core/Startup/startup_stm32f103c8tx.o
 .debug_rnglists
                0x00000369       0xa3 ./Drivers/STM32F1xx_HAL_Driver/Src/stm32f1xx_hal.o
 .debug_rnglists
                0x0000040c       0xbc ./Drivers/STM32F1xx_HAL_Driver/Src/stm32f1xx_hal_adc.o
 .debug_rnglists
                0x000004c8       0xed ./Drivers/STM32F1xx_HAL_Driver/Src/stm32f1xx_hal_can.o
 .debug_rnglists
                0x000005b5       0xbb ./Drivers/STM32F1xx_HAL_Driver/Src/stm32f1xx_hal_cortex.o
 .debug_rnglists
                0x00000670       0x64 ./Drivers/STM32F1xx_HAL_Driver/Src/stm32f1xx_hal_dma.o
 .debug_rnglists
                0x000006d4       0x3f ./Drivers/STM32F1xx_HAL_Driver/Src/stm32f1xx_hal_gpio.o
 .debug_rnglists
                0x00000713       0x6c ./Drivers/STM32F1xx_HAL_Driver/Src/stm32f1xx_hal_rcc.o
 .debug_rnglists
                0x0000077f       0x21 ./Drivers/STM32F1xx_HAL_Driver/Src/stm32f1xx_hal_rcc_ex.o
 .debug_rnglists
                0x000007a0      0x31a ./Drivers/STM32F1xx_HAL_Driver/Src/stm32f1xx_hal_tim.o
 .debug_rnglists
                0x00000aba      0x125 ./Drivers/STM32F1xx_HAL_Driver/Src/stm32f1xx_hal_tim_ex.o
 .debug_rnglists
                0x00000bdf      0x1bc ./Drivers/STM32F1xx_HAL_Driver/Src/stm32f1xx_hal_uart.o

.debug_macro    0x00000000    0x1ad5d
 .debug_macro   0x00000000      0x2ff ./Core/Src/adc.o
 .debug_macro   0x000002ff      0xaa8 ./Core/Src/adc.o
 .debug_macro   0x00000da7      0x22d ./Core/Src/adc.o
 .debug_macro   0x00000fd4       0x2e ./Core/Src/adc.o
 .debug_macro   0x00001002       0x22 ./Core/Src/adc.o
 .debug_macro   0x00001024       0x22 ./Core/Src/adc.o
 .debug_macro   0x00001046       0x8e ./Core/Src/adc.o
 .debug_macro   0x000010d4       0x51 ./Core/Src/adc.o
 .debug_macro   0x00001125      0x103 ./Core/Src/adc.o
 .debug_macro   0x00001228       0x6a ./Core/Src/adc.o
 .debug_macro   0x00001292      0x1df ./Core/Src/adc.o
 .debug_macro   0x00001471       0x1c ./Core/Src/adc.o
 .debug_macro   0x0000148d       0x22 ./Core/Src/adc.o
 .debug_macro   0x000014af       0xbd ./Core/Src/adc.o
 .debug_macro   0x0000156c      0xd23 ./Core/Src/adc.o
 .debug_macro   0x0000228f     0xe09e ./Core/Src/adc.o
 .debug_macro   0x0001032d       0x6d ./Core/Src/adc.o
 .debug_macro   0x0001039a     0x34a2 ./Core/Src/adc.o
 .debug_macro   0x0001383c      0x189 ./Core/Src/adc.o
 .debug_macro   0x000139c5       0x5c ./Core/Src/adc.o
 .debug_macro   0x00013a21      0x5bc ./Core/Src/adc.o
 .debug_macro   0x00013fdd      0x289 ./Core/Src/adc.o
 .debug_macro   0x00014266      0x1cb ./Core/Src/adc.o
 .debug_macro   0x00014431      0x114 ./Core/Src/adc.o
 .debug_macro   0x00014545      0x1b2 ./Core/Src/adc.o
 .debug_macro   0x000146f7       0x27 ./Core/Src/adc.o
 .debug_macro   0x0001471e      0x136 ./Core/Src/adc.o
 .debug_macro   0x00014854      0x1bc ./Core/Src/adc.o
 .debug_macro   0x00014a10       0x34 ./Core/Src/adc.o
 .debug_macro   0x00014a44       0x3c ./Core/Src/adc.o
 .debug_macro   0x00014a80      0x408 ./Core/Src/adc.o
 .debug_macro   0x00014e88       0x57 ./Core/Src/adc.o
 .debug_macro   0x00014edf      0x46a ./Core/Src/adc.o
 .debug_macro   0x00015349      0x1b5 ./Core/Src/adc.o
 .debug_macro   0x000154fe       0x87 ./Core/Src/adc.o
 .debug_macro   0x00015585      0x240 ./Core/Src/adc.o
 .debug_macro   0x000157c5      0x140 ./Core/Src/adc.o
 .debug_macro   0x00015905      0x8ed ./Core/Src/adc.o
 .debug_macro   0x000161f2      0x28e ./Core/Src/adc.o
 .debug_macro   0x00016480       0x83 ./Core/Src/adc.o
 .debug_macro   0x00016503       0x1c ./Core/Src/adc.o
 .debug_macro   0x0001651f       0x61 ./Core/Src/adc.o
 .debug_macro   0x00016580       0x24 ./Core/Src/adc.o
 .debug_macro   0x000165a4       0x43 ./Core/Src/adc.o
 .debug_macro   0x000165e7       0x34 ./Core/Src/adc.o
 .debug_macro   0x0001661b       0x16 ./Core/Src/adc.o
 .debug_macro   0x00016631       0x35 ./Core/Src/adc.o
 .debug_macro   0x00016666      0x369 ./Core/Src/adc.o
 .debug_macro   0x000169cf       0x10 ./Core/Src/adc.o
 .debug_macro   0x000169df       0x16 ./Core/Src/adc.o
 .debug_macro   0x000169f5       0x43 ./Core/Src/adc.o
 .debug_macro   0x00016a38       0x34 ./Core/Src/adc.o
 .debug_macro   0x00016a6c       0x10 ./Core/Src/adc.o
 .debug_macro   0x00016a7c       0x58 ./Core/Src/adc.o
 .debug_macro   0x00016ad4       0x8e ./Core/Src/adc.o
 .debug_macro   0x00016b62       0x1c ./Core/Src/adc.o
 .debug_macro   0x00016b7e      0x177 ./Core/Src/adc.o
 .debug_macro   0x00016cf5       0x16 ./Core/Src/adc.o
 .debug_macro   0x00016d0b       0x16 ./Core/Src/adc.o
 .debug_macro   0x00016d21      0x146 ./Core/Src/adc.o
 .debug_macro   0x00016e67      0x16a ./Core/Src/adc.o
 .debug_macro   0x00016fd1      0x2ff ./Core/Src/can.o
 .debug_macro   0x000172d0      0x305 ./Core/Src/dma.o
 .debug_macro   0x000175d5      0x2ff ./Core/Src/gpio.o
 .debug_macro   0x000178d4      0x343 ./Core/Src/main.o
 .debug_macro   0x00017c17      0x2fb ./Core/Src/stm32f1xx_hal_msp.o
 .debug_macro   0x00017f12      0x305 ./Core/Src/stm32f1xx_it.o
 .debug_macro   0x00018217      0x1c1 ./Core/Src/system_stm32f1xx.o
 .debug_macro   0x000183d8      0x2ff ./Core/Src/tim.o
 .debug_macro   0x000186d7      0x305 ./Core/Src/usart.o
 .debug_macro   0x000189dc      0x305 ./Core/Src/user_AS_State.o
 .debug_macro   0x00018ce1      0x2ff ./Core/Src/user_adc.o
 .debug_macro   0x00018fe0      0x2ff ./Core/Src/user_can.o
 .debug_macro   0x000192df      0x2ff ./Core/Src/user_peripheral.o
 .debug_macro   0x000195de      0x34f ./Core/Src/user_rgb.o
 .debug_macro   0x0001992d       0x16 ./Core/Src/user_rgb.o
 .debug_macro   0x00019943      0x1e5 ./Drivers/STM32F1xx_HAL_Driver/Src/stm32f1xx_hal.o
 .debug_macro   0x00019b28      0x1de ./Drivers/STM32F1xx_HAL_Driver/Src/stm32f1xx_hal_adc.o
 .debug_macro   0x00019d06      0x1d0 ./Drivers/STM32F1xx_HAL_Driver/Src/stm32f1xx_hal_can.o
 .debug_macro   0x00019ed6      0x1c1 ./Drivers/STM32F1xx_HAL_Driver/Src/stm32f1xx_hal_cortex.o
 .debug_macro   0x0001a097      0x1c1 ./Drivers/STM32F1xx_HAL_Driver/Src/stm32f1xx_hal_dma.o
 .debug_macro   0x0001a258      0x22c ./Drivers/STM32F1xx_HAL_Driver/Src/stm32f1xx_hal_gpio.o
 .debug_macro   0x0001a484      0x1d3 ./Drivers/STM32F1xx_HAL_Driver/Src/stm32f1xx_hal_rcc.o
 .debug_macro   0x0001a657      0x1c1 ./Drivers/STM32F1xx_HAL_Driver/Src/stm32f1xx_hal_rcc_ex.o
 .debug_macro   0x0001a818      0x1c2 ./Drivers/STM32F1xx_HAL_Driver/Src/stm32f1xx_hal_tim.o
 .debug_macro   0x0001a9da      0x1c1 ./Drivers/STM32F1xx_HAL_Driver/Src/stm32f1xx_hal_tim_ex.o
 .debug_macro   0x0001ab9b      0x1c2 ./Drivers/STM32F1xx_HAL_Driver/Src/stm32f1xx_hal_uart.o

.debug_line     0x00000000    0x179ac
 .debug_line    0x00000000      0x9a9 ./Core/Src/adc.o
 .debug_line    0x000009a9      0x980 ./Core/Src/can.o
 .debug_line    0x00001329      0x90e ./Core/Src/dma.o
 .debug_line    0x00001c37      0x945 ./Core/Src/gpio.o
 .debug_line    0x0000257c      0xa19 ./Core/Src/main.o
 .debug_line    0x00002f95      0x913 ./Core/Src/stm32f1xx_hal_msp.o
 .debug_line    0x000038a8      0xa1d ./Core/Src/stm32f1xx_it.o
 .debug_line    0x000042c5      0x7d7 ./Core/Src/system_stm32f1xx.o
 .debug_line    0x00004a9c      0xb10 ./Core/Src/tim.o
 .debug_line    0x000055ac      0x982 ./Core/Src/usart.o
 .debug_line    0x00005f2e      0xd88 ./Core/Src/user_AS_State.o
 .debug_line    0x00006cb6      0x99e ./Core/Src/user_adc.o
 .debug_line    0x00007654      0xb61 ./Core/Src/user_can.o
 .debug_line    0x000081b5      0xa22 ./Core/Src/user_peripheral.o
 .debug_line    0x00008bd7      0xd4e ./Core/Src/user_rgb.o
 .debug_line    0x00009925       0x78 ./Core/Startup/startup_stm32f103c8tx.o
 .debug_line    0x0000999d      0xa04 ./Drivers/STM32F1xx_HAL_Driver/Src/stm32f1xx_hal.o
 .debug_line    0x0000a3a1     0x1081 ./Drivers/STM32F1xx_HAL_Driver/Src/stm32f1xx_hal_adc.o
 .debug_line    0x0000b422     0x11e6 ./Drivers/STM32F1xx_HAL_Driver/Src/stm32f1xx_hal_can.o
 .debug_line    0x0000c608      0xbf0 ./Drivers/STM32F1xx_HAL_Driver/Src/stm32f1xx_hal_cortex.o
 .debug_line    0x0000d1f8      0xe5d ./Drivers/STM32F1xx_HAL_Driver/Src/stm32f1xx_hal_dma.o
 .debug_line    0x0000e055      0xa9d ./Drivers/STM32F1xx_HAL_Driver/Src/stm32f1xx_hal_gpio.o
 .debug_line    0x0000eaf2      0xe0d ./Drivers/STM32F1xx_HAL_Driver/Src/stm32f1xx_hal_rcc.o
 .debug_line    0x0000f8ff      0x94e ./Drivers/STM32F1xx_HAL_Driver/Src/stm32f1xx_hal_rcc_ex.o
 .debug_line    0x0001024d     0x3529 ./Drivers/STM32F1xx_HAL_Driver/Src/stm32f1xx_hal_tim.o
 .debug_line    0x00013776     0x1953 ./Drivers/STM32F1xx_HAL_Driver/Src/stm32f1xx_hal_tim_ex.o
 .debug_line    0x000150c9     0x28e3 ./Drivers/STM32F1xx_HAL_Driver/Src/stm32f1xx_hal_uart.o

.debug_str      0x00000000    0x9298a
 .debug_str     0x00000000    0x8df95 ./Core/Src/adc.o
                              0x8e34e (size before relaxing)
 .debug_str     0x0008df95      0x53b ./Core/Src/can.o
                              0x8e59a (size before relaxing)
 .debug_str     0x0008e4d0       0x29 ./Core/Src/dma.o
                              0x8e212 (size before relaxing)
 .debug_str     0x0008e4f9       0x5c ./Core/Src/gpio.o
                              0x8dfa8 (size before relaxing)
 .debug_str     0x0008e555      0x739 ./Core/Src/main.o
                              0x8e8d2 (size before relaxing)
 .debug_str     0x0008ec8e       0x50 ./Core/Src/stm32f1xx_hal_msp.o
                              0x8df3c (size before relaxing)
 .debug_str     0x0008ecde      0x139 ./Core/Src/stm32f1xx_it.o
                              0x8e708 (size before relaxing)
 .debug_str     0x0008ee17       0x7e ./Core/Src/system_stm32f1xx.o
                              0x8a27e (size before relaxing)
 .debug_str     0x0008ee95      0x212 ./Core/Src/tim.o
                              0x8e9b5 (size before relaxing)
 .debug_str     0x0008f0a7      0x236 ./Core/Src/usart.o
                              0x8e3fc (size before relaxing)
 .debug_str     0x0008f2dd      0x3de ./Core/Src/user_AS_State.o
                              0x8e3f3 (size before relaxing)
 .debug_str     0x0008f6bb       0x79 ./Core/Src/user_adc.o
                              0x8e2b0 (size before relaxing)
 .debug_str     0x0008f734      0x366 ./Core/Src/user_can.o
                              0x8e9bf (size before relaxing)
 .debug_str     0x0008fa9a       0x58 ./Core/Src/user_peripheral.o
                              0x8e020 (size before relaxing)
 .debug_str     0x0008faf2      0x224 ./Core/Src/user_rgb.o
                              0x8e70e (size before relaxing)
 .debug_str     0x0008fd16       0x44 ./Core/Startup/startup_stm32f103c8tx.o
                                 0x5d (size before relaxing)
 .debug_str     0x0008fd5a      0x384 ./Drivers/STM32F1xx_HAL_Driver/Src/stm32f1xx_hal.o
                              0x8a9b1 (size before relaxing)
 .debug_str     0x000900de      0x35a ./Drivers/STM32F1xx_HAL_Driver/Src/stm32f1xx_hal_adc.o
                              0x8a962 (size before relaxing)
 .debug_str     0x00090438      0x3f5 ./Drivers/STM32F1xx_HAL_Driver/Src/stm32f1xx_hal_can.o
                              0x8aa86 (size before relaxing)
 .debug_str     0x0009082d      0x26c ./Drivers/STM32F1xx_HAL_Driver/Src/stm32f1xx_hal_cortex.o
                              0x8a8fd (size before relaxing)
 .debug_str     0x00090a99      0x1e7 ./Drivers/STM32F1xx_HAL_Driver/Src/stm32f1xx_hal_dma.o
                              0x8a627 (size before relaxing)
 .debug_str     0x00090c80      0x2bd ./Drivers/STM32F1xx_HAL_Driver/Src/stm32f1xx_hal_gpio.o
                              0x8a604 (size before relaxing)
 .debug_str     0x00090f3d      0x229 ./Drivers/STM32F1xx_HAL_Driver/Src/stm32f1xx_hal_rcc.o
                              0x8a6ad (size before relaxing)
 .debug_str     0x00091166       0x84 ./Drivers/STM32F1xx_HAL_Driver/Src/stm32f1xx_hal_rcc_ex.o
                              0x8a3fd (size before relaxing)
 .debug_str     0x000911ea      0xd09 ./Drivers/STM32F1xx_HAL_Driver/Src/stm32f1xx_hal_tim.o
                              0x8b6af (size before relaxing)
 .debug_str     0x00091ef3      0x493 ./Drivers/STM32F1xx_HAL_Driver/Src/stm32f1xx_hal_tim_ex.o
                              0x8aebb (size before relaxing)
 .debug_str     0x00092386      0x604 ./Drivers/STM32F1xx_HAL_Driver/Src/stm32f1xx_hal_uart.o
                              0x8ad1e (size before relaxing)

.comment        0x00000000       0x43
 .comment       0x00000000       0x43 ./Core/Src/adc.o
                                 0x44 (size before relaxing)
 .comment       0x00000043       0x44 ./Core/Src/can.o
 .comment       0x00000043       0x44 ./Core/Src/dma.o
 .comment       0x00000043       0x44 ./Core/Src/gpio.o
 .comment       0x00000043       0x44 ./Core/Src/main.o
 .comment       0x00000043       0x44 ./Core/Src/stm32f1xx_hal_msp.o
 .comment       0x00000043       0x44 ./Core/Src/stm32f1xx_it.o
 .comment       0x00000043       0x44 ./Core/Src/system_stm32f1xx.o
 .comment       0x00000043       0x44 ./Core/Src/tim.o
 .comment       0x00000043       0x44 ./Core/Src/usart.o
 .comment       0x00000043       0x44 ./Core/Src/user_AS_State.o
 .comment       0x00000043       0x44 ./Core/Src/user_adc.o
 .comment       0x00000043       0x44 ./Core/Src/user_can.o
 .comment       0x00000043       0x44 ./Core/Src/user_peripheral.o
 .comment       0x00000043       0x44 ./Core/Src/user_rgb.o
 .comment       0x00000043       0x44 ./Drivers/STM32F1xx_HAL_Driver/Src/stm32f1xx_hal.o
 .comment       0x00000043       0x44 ./Drivers/STM32F1xx_HAL_Driver/Src/stm32f1xx_hal_adc.o
 .comment       0x00000043       0x44 ./Drivers/STM32F1xx_HAL_Driver/Src/stm32f1xx_hal_can.o
 .comment       0x00000043       0x44 ./Drivers/STM32F1xx_HAL_Driver/Src/stm32f1xx_hal_cortex.o
 .comment       0x00000043       0x44 ./Drivers/STM32F1xx_HAL_Driver/Src/stm32f1xx_hal_dma.o
 .comment       0x00000043       0x44 ./Drivers/STM32F1xx_HAL_Driver/Src/stm32f1xx_hal_gpio.o
 .comment       0x00000043       0x44 ./Drivers/STM32F1xx_HAL_Driver/Src/stm32f1xx_hal_rcc.o
 .comment       0x00000043       0x44 ./Drivers/STM32F1xx_HAL_Driver/Src/stm32f1xx_hal_rcc_ex.o
 .comment       0x00000043       0x44 ./Drivers/STM32F1xx_HAL_Driver/Src/stm32f1xx_hal_tim.o
 .comment       0x00000043       0x44 ./Drivers/STM32F1xx_HAL_Driver/Src/stm32f1xx_hal_tim_ex.o
 .comment       0x00000043       0x44 ./Drivers/STM32F1xx_HAL_Driver/Src/stm32f1xx_hal_uart.o

.debug_frame    0x00000000     0x4634
 .debug_frame   0x00000000       0x7c ./Core/Src/adc.o
 .debug_frame   0x0000007c       0x74 ./Core/Src/can.o
 .debug_frame   0x000000f0       0x34 ./Core/Src/dma.o
 .debug_frame   0x00000124       0x34 ./Core/Src/gpio.o
 .debug_frame   0x00000158       0xa4 ./Core/Src/main.o
 .debug_frame   0x000001fc       0x38 ./Core/Src/stm32f1xx_hal_msp.o
 .debug_frame   0x00000234      0x158 ./Core/Src/stm32f1xx_it.o
 .debug_frame   0x0000038c       0x58 ./Core/Src/system_stm32f1xx.o
 .debug_frame   0x000003e4       0xe8 ./Core/Src/tim.o
 .debug_frame   0x000004cc       0x74 ./Core/Src/usart.o
 .debug_frame   0x00000540      0x25c ./Core/Src/user_AS_State.o
 .debug_frame   0x0000079c       0x90 ./Core/Src/user_adc.o
 .debug_frame   0x0000082c      0x200 ./Core/Src/user_can.o
 .debug_frame   0x00000a2c      0x194 ./Core/Src/user_peripheral.o
 .debug_frame   0x00000bc0      0x200 ./Core/Src/user_rgb.o
 .debug_frame   0x00000dc0      0x334 ./Drivers/STM32F1xx_HAL_Driver/Src/stm32f1xx_hal.o
 .debug_frame   0x000010f4      0x40c ./Drivers/STM32F1xx_HAL_Driver/Src/stm32f1xx_hal_adc.o
 .debug_frame   0x00001500      0x5a0 ./Drivers/STM32F1xx_HAL_Driver/Src/stm32f1xx_hal_can.o
 .debug_frame   0x00001aa0      0x428 ./Drivers/STM32F1xx_HAL_Driver/Src/stm32f1xx_hal_cortex.o
 .debug_frame   0x00001ec8      0x208 ./Drivers/STM32F1xx_HAL_Driver/Src/stm32f1xx_hal_dma.o
 .debug_frame   0x000020d0      0x14c ./Drivers/STM32F1xx_HAL_Driver/Src/stm32f1xx_hal_gpio.o
 .debug_frame   0x0000221c      0x218 ./Drivers/STM32F1xx_HAL_Driver/Src/stm32f1xx_hal_rcc.o
 .debug_frame   0x00002434       0x80 ./Drivers/STM32F1xx_HAL_Driver/Src/stm32f1xx_hal_rcc_ex.o
 .debug_frame   0x000024b4     0x11b8 ./Drivers/STM32F1xx_HAL_Driver/Src/stm32f1xx_hal_tim.o
 .debug_frame   0x0000366c      0x638 ./Drivers/STM32F1xx_HAL_Driver/Src/stm32f1xx_hal_tim_ex.o
 .debug_frame   0x00003ca4      0x944 ./Drivers/STM32F1xx_HAL_Driver/Src/stm32f1xx_hal_uart.o
 .debug_frame   0x000045e8       0x20 D:/CubeIDE/STM32CubeIDE_1.17.0/STM32CubeIDE/plugins/com.st.stm32cube.ide.mcu.externaltools.gnu-tools-for-stm32.12.3.rel1.win32_1.1.0.202410251130/tools/bin/../lib/gcc/arm-none-eabi/12.3.1/../../../../arm-none-eabi/lib/thumb/v7-m/nofp\libc_nano.a(libc_a-memset.o)
 .debug_frame   0x00004608       0x2c D:/CubeIDE/STM32CubeIDE_1.17.0/STM32CubeIDE/plugins/com.st.stm32cube.ide.mcu.externaltools.gnu-tools-for-stm32.12.3.rel1.win32_1.1.0.202410251130/tools/bin/../lib/gcc/arm-none-eabi/12.3.1/../../../../arm-none-eabi/lib/thumb/v7-m/nofp\libc_nano.a(libc_a-init.o)

.debug_line_str
                0x00000000       0x41
 .debug_line_str
                0x00000000       0x41 ./Core/Startup/startup_stm32f103c8tx.o
