Archive member included to satisfy reference by file (symbol)

D:/CubeIDE/STM32CubeIDE_1.17.0/STM32CubeIDE/plugins/com.st.stm32cube.ide.mcu.externaltools.gnu-tools-for-stm32.12.3.rel1.win32_1.1.0.202410251130/tools/bin/../lib/gcc/arm-none-eabi/12.3.1/../../../../arm-none-eabi/lib/thumb/v7-m/nofp\libc_nano.a(libc_a-exit.o)
                              D:/CubeIDE/STM32CubeIDE_1.17.0/STM32CubeIDE/plugins/com.st.stm32cube.ide.mcu.externaltools.gnu-tools-for-stm32.12.3.rel1.win32_1.1.0.202410251130/tools/bin/../lib/gcc/arm-none-eabi/12.3.1/../../../../arm-none-eabi/lib/thumb/v7-m/nofp/crt0.o (exit)
D:/CubeIDE/STM32CubeIDE_1.17.0/STM32CubeIDE/plugins/com.st.stm32cube.ide.mcu.externaltools.gnu-tools-for-stm32.12.3.rel1.win32_1.1.0.202410251130/tools/bin/../lib/gcc/arm-none-eabi/12.3.1/../../../../arm-none-eabi/lib/thumb/v7-m/nofp\libc_nano.a(libc_a-findfp.o)
                              D:/CubeIDE/STM32CubeIDE_1.17.0/STM32CubeIDE/plugins/com.st.stm32cube.ide.mcu.externaltools.gnu-tools-for-stm32.12.3.rel1.win32_1.1.0.202410251130/tools/bin/../lib/gcc/arm-none-eabi/12.3.1/../../../../arm-none-eabi/lib/thumb/v7-m/nofp\libc_nano.a(libc_a-exit.o) (__stdio_exit_handler)
D:/CubeIDE/STM32CubeIDE_1.17.0/STM32CubeIDE/plugins/com.st.stm32cube.ide.mcu.externaltools.gnu-tools-for-stm32.12.3.rel1.win32_1.1.0.202410251130/tools/bin/../lib/gcc/arm-none-eabi/12.3.1/../../../../arm-none-eabi/lib/thumb/v7-m/nofp\libc_nano.a(libc_a-fwalk.o)
                              D:/CubeIDE/STM32CubeIDE_1.17.0/STM32CubeIDE/plugins/com.st.stm32cube.ide.mcu.externaltools.gnu-tools-for-stm32.12.3.rel1.win32_1.1.0.202410251130/tools/bin/../lib/gcc/arm-none-eabi/12.3.1/../../../../arm-none-eabi/lib/thumb/v7-m/nofp\libc_nano.a(libc_a-findfp.o) (_fwalk_sglue)
D:/CubeIDE/STM32CubeIDE_1.17.0/STM32CubeIDE/plugins/com.st.stm32cube.ide.mcu.externaltools.gnu-tools-for-stm32.12.3.rel1.win32_1.1.0.202410251130/tools/bin/../lib/gcc/arm-none-eabi/12.3.1/../../../../arm-none-eabi/lib/thumb/v7-m/nofp\libc_nano.a(libc_a-stdio.o)
                              D:/CubeIDE/STM32CubeIDE_1.17.0/STM32CubeIDE/plugins/com.st.stm32cube.ide.mcu.externaltools.gnu-tools-for-stm32.12.3.rel1.win32_1.1.0.202410251130/tools/bin/../lib/gcc/arm-none-eabi/12.3.1/../../../../arm-none-eabi/lib/thumb/v7-m/nofp\libc_nano.a(libc_a-findfp.o) (__sread)
D:/CubeIDE/STM32CubeIDE_1.17.0/STM32CubeIDE/plugins/com.st.stm32cube.ide.mcu.externaltools.gnu-tools-for-stm32.12.3.rel1.win32_1.1.0.202410251130/tools/bin/../lib/gcc/arm-none-eabi/12.3.1/../../../../arm-none-eabi/lib/thumb/v7-m/nofp\libc_nano.a(libc_a-memset.o)
                              D:/CubeIDE/STM32CubeIDE_1.17.0/STM32CubeIDE/plugins/com.st.stm32cube.ide.mcu.externaltools.gnu-tools-for-stm32.12.3.rel1.win32_1.1.0.202410251130/tools/bin/../lib/gcc/arm-none-eabi/12.3.1/../../../../arm-none-eabi/lib/thumb/v7-m/nofp/crt0.o (memset)
D:/CubeIDE/STM32CubeIDE_1.17.0/STM32CubeIDE/plugins/com.st.stm32cube.ide.mcu.externaltools.gnu-tools-for-stm32.12.3.rel1.win32_1.1.0.202410251130/tools/bin/../lib/gcc/arm-none-eabi/12.3.1/../../../../arm-none-eabi/lib/thumb/v7-m/nofp\libc_nano.a(libc_a-closer.o)
                              D:/CubeIDE/STM32CubeIDE_1.17.0/STM32CubeIDE/plugins/com.st.stm32cube.ide.mcu.externaltools.gnu-tools-for-stm32.12.3.rel1.win32_1.1.0.202410251130/tools/bin/../lib/gcc/arm-none-eabi/12.3.1/../../../../arm-none-eabi/lib/thumb/v7-m/nofp\libc_nano.a(libc_a-stdio.o) (_close_r)
D:/CubeIDE/STM32CubeIDE_1.17.0/STM32CubeIDE/plugins/com.st.stm32cube.ide.mcu.externaltools.gnu-tools-for-stm32.12.3.rel1.win32_1.1.0.202410251130/tools/bin/../lib/gcc/arm-none-eabi/12.3.1/../../../../arm-none-eabi/lib/thumb/v7-m/nofp\libc_nano.a(libc_a-reent.o)
                              D:/CubeIDE/STM32CubeIDE_1.17.0/STM32CubeIDE/plugins/com.st.stm32cube.ide.mcu.externaltools.gnu-tools-for-stm32.12.3.rel1.win32_1.1.0.202410251130/tools/bin/../lib/gcc/arm-none-eabi/12.3.1/../../../../arm-none-eabi/lib/thumb/v7-m/nofp\libc_nano.a(libc_a-closer.o) (errno)
D:/CubeIDE/STM32CubeIDE_1.17.0/STM32CubeIDE/plugins/com.st.stm32cube.ide.mcu.externaltools.gnu-tools-for-stm32.12.3.rel1.win32_1.1.0.202410251130/tools/bin/../lib/gcc/arm-none-eabi/12.3.1/../../../../arm-none-eabi/lib/thumb/v7-m/nofp\libc_nano.a(libc_a-impure.o)
                              D:/CubeIDE/STM32CubeIDE_1.17.0/STM32CubeIDE/plugins/com.st.stm32cube.ide.mcu.externaltools.gnu-tools-for-stm32.12.3.rel1.win32_1.1.0.202410251130/tools/bin/../lib/gcc/arm-none-eabi/12.3.1/../../../../arm-none-eabi/lib/thumb/v7-m/nofp\libc_nano.a(libc_a-reent.o) (_impure_ptr)
D:/CubeIDE/STM32CubeIDE_1.17.0/STM32CubeIDE/plugins/com.st.stm32cube.ide.mcu.externaltools.gnu-tools-for-stm32.12.3.rel1.win32_1.1.0.202410251130/tools/bin/../lib/gcc/arm-none-eabi/12.3.1/../../../../arm-none-eabi/lib/thumb/v7-m/nofp\libc_nano.a(libc_a-lseekr.o)
[...]
Memory Configuration

Name             Origin             Length             Attributes
RAM              0x20000000         0x00005000         xrw
FLASH            0x08000000         0x00010000         xr
*default*        0x00000000         0xffffffff

Linker script and memory map

LOAD D:/CubeIDE/STM32CubeIDE_1.17.0/STM32CubeIDE/plugins/com.st.stm32cube.ide.mcu.externaltools.gnu-tools-for-stm32.12.3.rel1.win32_1.1.0.202410251130/tools/bin/../lib/gcc/arm-none-eabi/12.3.1/thumb/v7-m/nofp/crti.o
LOAD D:/CubeIDE/STM32CubeIDE_1.17.0/STM32CubeIDE/plugins/com.st.stm32cube.ide.mcu.externaltools.gnu-tools-for-stm32.12.3.rel1.win32_1.1.0.202410251130/tools/bin/../lib/gcc/arm-none-eabi/12.3.1/thumb/v7-m/nofp/crtbegin.o
LOAD D:/CubeIDE/STM32CubeIDE_1.17.0/STM32CubeIDE/plugins/com.st.stm32cube.ide.mcu.externaltools.gnu-tools-for-stm32.12.3.rel1.win32_1.1.0.202410251130/tools/bin/../lib/gcc/arm-none-eabi/12.3.1/../../../../arm-none-eabi/lib/thumb/v7-m/nofp/crt0.o
LOAD ./Core/Src/adc.o
LOAD ./Core/Src/can.o
LOAD ./Core/Src/dma.o
LOAD ./Core/Src/gpio.o
LOAD ./Core/Src/i2c.o
LOAD ./Core/Src/main.o
LOAD ./Core/Src/stm32f1xx_hal_msp.o
LOAD ./Core/Src/stm32f1xx_it.o
LOAD ./Core/Src/syscalls.o
LOAD ./Core/Src/sysmem.o
LOAD ./Core/Src/system_stm32f1xx.o
LOAD ./Core/Src/tim.o
LOAD ./Core/Src/usart.o
LOAD ./Core/Src/user_AS_State.o
LOAD ./Core/Src/user_adc.o
LOAD ./Core/Src/user_can.o
LOAD ./Core/Src/user_ebs.o
LOAD ./Core/Src/user_peripheral.o
LOAD ./Core/Src/user_rgb.o
LOAD ./Core/Startup/startup_stm32f103c8tx.o
LOAD ./Drivers/STM32F1xx_HAL_Driver/Src/stm32f1xx_hal.o
LOAD ./Drivers/STM32F1xx_HAL_Driver/Src/stm32f1xx_hal_adc.o
LOAD ./Drivers/STM32F1xx_HAL_Driver/Src/stm32f1xx_hal_adc_ex.o
LOAD ./Drivers/STM32F1xx_HAL_Driver/Src/stm32f1xx_hal_can.o
LOAD ./Drivers/STM32F1xx_HAL_Driver/Src/stm32f1xx_hal_cortex.o
LOAD ./Drivers/STM32F1xx_HAL_Driver/Src/stm32f1xx_hal_dma.o
LOAD ./Drivers/STM32F1xx_HAL_Driver/Src/stm32f1xx_hal_exti.o
LOAD ./Drivers/STM32F1xx_HAL_Driver/Src/stm32f1xx_hal_flash.o
LOAD ./Drivers/STM32F1xx_HAL_Driver/Src/stm32f1xx_hal_flash_ex.o
LOAD ./Drivers/STM32F1xx_HAL_Driver/Src/stm32f1xx_hal_gpio.o
LOAD ./Drivers/STM32F1xx_HAL_Driver/Src/stm32f1xx_hal_gpio_ex.o
LOAD ./Drivers/STM32F1xx_HAL_Driver/Src/stm32f1xx_hal_i2c.o
LOAD ./Drivers/STM32F1xx_HAL_Driver/Src/stm32f1xx_hal_pwr.o
LOAD ./Drivers/STM32F1xx_HAL_Driver/Src/stm32f1xx_hal_rcc.o
LOAD ./Drivers/STM32F1xx_HAL_Driver/Src/stm32f1xx_hal_rcc_ex.o
LOAD ./Drivers/STM32F1xx_HAL_Driver/Src/stm32f1xx_hal_tim.o
LOAD ./Drivers/STM32F1xx_HAL_Driver/Src/stm32f1xx_hal_tim_ex.o
LOAD ./Drivers/STM32F1xx_HAL_Driver/Src/stm32f1xx_hal_uart.o
START GROUP
LOAD D:/CubeIDE/STM32CubeIDE_1.17.0/STM32CubeIDE/plugins/com.st.stm32cube.ide.mcu.externaltools.gnu-tools-for-stm32.12.3.rel1.win32_1.1.0.202410251130/tools/bin/../lib/gcc/arm-none-eabi/12.3.1/../../../../arm-none-eabi/lib/thumb/v7-m/nofp\libc_nano.a
LOAD D:/CubeIDE/STM32CubeIDE_1.17.0/STM32CubeIDE/plugins/com.st.stm32cube.ide.mcu.externaltools.gnu-tools-for-stm32.12.3.rel1.win32_1.1.0.202410251130/tools/bin/../lib/gcc/arm-none-eabi/12.3.1/../../../../arm-none-eabi/lib/thumb/v7-m/nofp\libm.a
END GROUP
START GROUP
LOAD D:/CubeIDE/STM32CubeIDE_1.17.0/STM32CubeIDE/plugins/com.st.stm32cube.ide.mcu.externaltools.gnu-tools-for-stm32.12.3.rel1.win32_1.1.0.202410251130/tools/bin/../lib/gcc/arm-none-eabi/12.3.1/thumb/v7-m/nofp\libgcc.a
LOAD D:/CubeIDE/STM32CubeIDE_1.17.0/STM32CubeIDE/plugins/com.st.stm32cube.ide.mcu.externaltools.gnu-tools-for-stm32.12.3.rel1.win32_1.1.0.202410251130/tools/bin/../lib/gcc/arm-none-eabi/12.3.1/../../../../arm-none-eabi/lib/thumb/v7-m/nofp\libc_nano.a
END GROUP
START GROUP
LOAD D:/CubeIDE/STM32CubeIDE_1.17.0/STM32CubeIDE/plugins/com.st.stm32cube.ide.mcu.externaltools.gnu-tools-for-stm32.12.3.rel1.win32_1.1.0.202410251130/tools/bin/../lib/gcc/arm-none-eabi/12.3.1/thumb/v7-m/nofp\libgcc.a
LOAD D:/CubeIDE/STM32CubeIDE_1.17.0/STM32CubeIDE/plugins/com.st.stm32cube.ide.mcu.externaltools.gnu-tools-for-stm32.12.3.rel1.win32_1.1.0.202410251130/tools/bin/../lib/gcc/arm-none-eabi/12.3.1/../../../../arm-none-eabi/lib/thumb/v7-m/nofp\libc_nano.a
LOAD D:/CubeIDE/STM32CubeIDE_1.17.0/STM32CubeIDE/plugins/com.st.stm32cube.ide.mcu.externaltools.gnu-tools-for-stm32.12.3.rel1.win32_1.1.0.202410251130/tools/bin/../lib/gcc/arm-none-eabi/12.3.1/../../../../arm-none-eabi/lib/thumb/v7-m/nofp\libnosys.a
END GROUP
START GROUP
LOAD D:/CubeIDE/STM32CubeIDE_1.17.0/STM32CubeIDE/plugins/com.st.stm32cube.ide.mcu.externaltools.gnu-tools-for-stm32.12.3.rel1.win32_1.1.0.202410251130/tools/bin/../lib/gcc/arm-none-eabi/12.3.1/thumb/v7-m/nofp\libgcc.a
LOAD D:/CubeIDE/STM32CubeIDE_1.17.0/STM32CubeIDE/plugins/com.st.stm32cube.ide.mcu.externaltools.gnu-tools-for-stm32.12.3.rel1.win32_1.1.0.202410251130/tools/bin/../lib/gcc/arm-none-eabi/12.3.1/../../../../arm-none-eabi/lib/thumb/v7-m/nofp\libc_nano.a
LOAD D:/CubeIDE/STM32CubeIDE_1.17.0/STM32CubeIDE/plugins/com.st.stm32cube.ide.mcu.externaltools.gnu-tools-for-stm32.12.3.rel1.win32_1.1.0.202410251130/tools/bin/../lib/gcc/arm-none-eabi/12.3.1/../../../../arm-none-eabi/lib/thumb/v7-m/nofp\libnosys.a
END GROUP
LOAD D:/CubeIDE/STM32CubeIDE_1.17.0/STM32CubeIDE/plugins/com.st.stm32cube.ide.mcu.externaltools.gnu-tools-for-stm32.12.3.rel1.win32_1.1.0.202410251130/tools/bin/../lib/gcc/arm-none-eabi/12.3.1/thumb/v7-m/nofp/crtend.o
LOAD D:/CubeIDE/STM32CubeIDE_1.17.0/STM32CubeIDE/plugins/com.st.stm32cube.ide.mcu.externaltools.gnu-tools-for-stm32.12.3.rel1.win32_1.1.0.202410251130/tools/bin/../lib/gcc/arm-none-eabi/12.3.1/thumb/v7-m/nofp/crtn.o
                0x20005000                        _estack = (ORIGIN (RAM) + LENGTH (RAM))
                0x00000200                        _Min_Heap_Size = 0x200
                0x00000400                        _Min_Stack_Size = 0x400

.isr_vector     0x08000000      0x10c
                0x08000000                        . = ALIGN (0x4)
 *(.isr_vector)
 .isr_vector    0x08000000      0x10c ./Core/Startup/startup_stm32f103c8tx.o
                0x08000000                g_pfnVectors
                0x0800010c                        . = ALIGN (0x4)

.text           0x0800010c     0x4fe8
                0x0800010c                        . = ALIGN (0x4)
 *(.text)
 .text          0x0800010c       0x40 D:/CubeIDE/STM32CubeIDE_1.17.0/STM32CubeIDE/plugins/com.st.stm32cube.ide.mcu.externaltools.gnu-tools-for-stm32.12.3.rel1.win32_1.1.0.202410251130/tools/bin/../lib/gcc/arm-none-eabi/12.3.1/thumb/v7-m/nofp/crtbegin.o
 *(.text*)
 .text.MX_ADC1_Init
                0x0800014c       0xd8 ./Core/Src/adc.o
                0x0800014c                MX_ADC1_Init
 .text.HAL_ADC_MspInit
                0x08000224       0xa8 ./Core/Src/adc.o
                0x08000224                HAL_ADC_MspInit
 .text.MX_CAN_Init
                0x080002cc       0x6c ./Core/Src/can.o
                0x080002cc                MX_CAN_Init
 .text.HAL_CAN_MspInit
                0x08000338       0xa8 ./Core/Src/can.o
                0x08000338                HAL_CAN_MspInit
 .text.MX_DMA_Init
                0x080003e0       0x3c ./Core/Src/dma.o
                0x080003e0                MX_DMA_Init
 .text.MX_GPIO_Init
                0x0800041c      0x168 ./Core/Src/gpio.o
                0x0800041c                MX_GPIO_Init
 .text.MX_I2C1_Init
                0x08000584       0x5c ./Core/Src/i2c.o
                0x08000584                MX_I2C1_Init
 .text.HAL_I2C_MspInit
                0x080005e0       0x7c ./Core/Src/i2c.o
                0x080005e0                HAL_I2C_MspInit
 .text.User_Init
                0x0800065c       0x14 ./Core/Src/main.o
                0x0800065c                User_Init
 .text.main     0x08000670       0x54 ./Core/Src/main.o
                0x08000670                main
 .text.SystemClock_Config
                0x080006c4       0xb6 ./Core/Src/main.o
                0x080006c4                SystemClock_Config
 .text.Error_Handler
                0x0800077a        0xc ./Core/Src/main.o
                0x0800077a                Error_Handler
 *fill*         0x08000786        0x2 
 .text.HAL_MspInit
                0x08000788       0x64 ./Core/Src/stm32f1xx_hal_msp.o
                0x08000788                HAL_MspInit
 .text.NMI_Handler
                0x080007ec        0x8 ./Core/Src/stm32f1xx_it.o
                0x080007ec                NMI_Handler
 .text.HardFault_Handler
                0x080007f4        0x8 ./Core/Src/stm32f1xx_it.o
                0x080007f4                HardFault_Handler
 .text.MemManage_Handler
                0x080007fc        0x8 ./Core/Src/stm32f1xx_it.o
                0x080007fc                MemManage_Handler
 .text.BusFault_Handler
                0x08000804        0x8 ./Core/Src/stm32f1xx_it.o
                0x08000804                BusFault_Handler
 .text.UsageFault_Handler
                0x0800080c        0x8 ./Core/Src/stm32f1xx_it.o
                0x0800080c                UsageFault_Handler
 .text.SVC_Handler
                0x08000814        0xc ./Core/Src/stm32f1xx_it.o
                0x08000814                SVC_Handler
 .text.DebugMon_Handler
                0x08000820        0xc ./Core/Src/stm32f1xx_it.o
                0x08000820                DebugMon_Handler
 .text.PendSV_Handler
                0x0800082c        0xc ./Core/Src/stm32f1xx_it.o
                0x0800082c                PendSV_Handler
 .text.SysTick_Handler
                0x08000838        0xc ./Core/Src/stm32f1xx_it.o
                0x08000838                SysTick_Handler
 .text.DMA1_Channel5_IRQHandler
                0x08000844       0x14 ./Core/Src/stm32f1xx_it.o
                0x08000844                DMA1_Channel5_IRQHandler
 .text.USB_LP_CAN1_RX0_IRQHandler
                0x08000858       0x14 ./Core/Src/stm32f1xx_it.o
                0x08000858                USB_LP_CAN1_RX0_IRQHandler
 .text.TIM3_IRQHandler
                0x0800086c       0x14 ./Core/Src/stm32f1xx_it.o
                0x0800086c                TIM3_IRQHandler
 .text.TIM4_IRQHandler
                0x08000880       0x14 ./Core/Src/stm32f1xx_it.o
                0x08000880                TIM4_IRQHandler
 .text.EXTI15_10_IRQHandler
                0x08000894       0x10 ./Core/Src/stm32f1xx_it.o
                0x08000894                EXTI15_10_IRQHandler
 .text.SystemInit
                0x080008a4        0xc ./Core/Src/system_stm32f1xx.o
                0x080008a4                SystemInit
 .text.MX_TIM2_Init
                0x080008b0       0xe8 ./Core/Src/tim.o
                0x080008b0                MX_TIM2_Init
 .text.MX_TIM3_Init
                0x08000998       0x9c ./Core/Src/tim.o
                0x08000998                MX_TIM3_Init
 .text.MX_TIM4_Init
                0x08000a34       0x9c ./Core/Src/tim.o
                0x08000a34                MX_TIM4_Init
 .text.HAL_TIM_Base_MspInit
                0x08000ad0      0x100 ./Core/Src/tim.o
                0x08000ad0                HAL_TIM_Base_MspInit
 .text.HAL_TIM_MspPostInit
                0x08000bd0       0x60 ./Core/Src/tim.o
                0x08000bd0                HAL_TIM_MspPostInit
 .text.MX_USART1_UART_Init
                0x08000c30       0x54 ./Core/Src/usart.o
                0x08000c30                MX_USART1_UART_Init
 .text.HAL_UART_MspInit
                0x08000c84       0x98 ./Core/Src/usart.o
                0x08000c84                HAL_UART_MspInit
 .text.CAN_Init
                0x08000d1c       0x20 ./Core/Src/user_can.o
                0x08000d1c                CAN_Init
 .text.HAL_CAN_RxFifo0MsgPendingCallback
                0x08000d3c       0xa8 ./Core/Src/user_can.o
                0x08000d3c                HAL_CAN_RxFifo0MsgPendingCallback
 .text.CAN_Filter0_Config
                0x08000de4       0x44 ./Core/Src/user_can.o
                0x08000de4                CAN_Filter0_Config
 .text.CAN_SendMessage
                0x08000e28       0x9c ./Core/Src/user_can.o
                0x08000e28                CAN_SendMessage
 .text.CAN_Send_AS_Emergency
                0x08000ec4       0x12 ./Core/Src/user_can.o
                0x08000ec4                CAN_Send_AS_Emergency
 .text.CAN_Send_EBS_Disable
                0x08000ed6       0x12 ./Core/Src/user_can.o
                0x08000ed6                CAN_Send_EBS_Disable
 .text.HAL_GPIO_EXTI_Callback
                0x08000ee8       0x50 ./Core/Src/user_ebs.o
                0x08000ee8                HAL_GPIO_EXTI_Callback
 .text.BEE_DeActivate
                0x08000f38       0x28 ./Core/Src/user_peripheral.o
                0x08000f38                BEE_DeActivate
 .text.DCF_DeActivate
                0x08000f60       0x24 ./Core/Src/user_peripheral.o
                0x08000f60                DCF_DeActivate
 .text.EBS_Error_LED_Activate
                0x08000f84       0x18 ./Core/Src/user_peripheral.o
                0x08000f84                EBS_Error_LED_Activate
 .text.Reset_Load
                0x08000f9c       0x38 ./Core/Src/user_rgb.o
                0x08000f9c                Reset_Load
 .text.RGB_SendArray
                0x08000fd4       0x20 ./Core/Src/user_rgb.o
                0x08000fd4                RGB_SendArray
 .text.RGB_Flush
                0x08000ff4       0x10 ./Core/Src/user_rgb.o
                0x08000ff4                RGB_Flush
 .text.ASSI_Set_Black
                0x08001004       0x50 ./Core/Src/user_rgb.o
                0x08001004                ASSI_Set_Black
 .text.ASSI_Set_Blue
                0x08001054       0xa0 ./Core/Src/user_rgb.o
                0x08001054                ASSI_Set_Blue
 .text.ASSI_Set_Yellow
                0x080010f4       0xa0 ./Core/Src/user_rgb.o
                0x080010f4                ASSI_Set_Yellow
 .text.ASSI_OFF
                0x08001194       0x18 ./Core/Src/user_rgb.o
                0x08001194                ASSI_OFF
 .text.HAL_TIM_PeriodElapsedCallback
                0x080011ac       0xc0 ./Core/Src/user_rgb.o
                0x080011ac                HAL_TIM_PeriodElapsedCallback
 .text.Reset_Handler
                0x0800126c       0x48 ./Core/Startup/startup_stm32f103c8tx.o
                0x0800126c                Reset_Handler
 .text.Default_Handler
                0x080012b4        0x2 ./Core/Startup/startup_stm32f103c8tx.o
                0x080012b4                RTC_Alarm_IRQHandler
                0x080012b4                EXTI2_IRQHandler
                0x080012b4                TIM1_CC_IRQHandler
                0x080012b4                PVD_IRQHandler
                0x080012b4                EXTI3_IRQHandler
                0x080012b4                EXTI0_IRQHandler
                0x080012b4                I2C2_EV_IRQHandler
                0x080012b4                ADC1_2_IRQHandler
                0x080012b4                SPI1_IRQHandler
                0x080012b4                TAMPER_IRQHandler
                0x080012b4                DMA1_Channel4_IRQHandler
                0x080012b4                USART3_IRQHandler
                0x080012b4                RTC_IRQHandler
                0x080012b4                DMA1_Channel7_IRQHandler
                0x080012b4                CAN1_RX1_IRQHandler
                0x080012b4                I2C1_EV_IRQHandler
                0x080012b4                DMA1_Channel6_IRQHandler
                0x080012b4                RCC_IRQHandler
                0x080012b4                TIM1_TRG_COM_IRQHandler
                0x080012b4                DMA1_Channel1_IRQHandler
                0x080012b4                Default_Handler
                0x080012b4                EXTI9_5_IRQHandler
                0x080012b4                SPI2_IRQHandler
                0x080012b4                EXTI4_IRQHandler
                0x080012b4                USB_HP_CAN1_TX_IRQHandler
                0x080012b4                DMA1_Channel3_IRQHandler
                0x080012b4                TIM1_UP_IRQHandler
                0x080012b4                WWDG_IRQHandler
                0x080012b4                TIM2_IRQHandler
                0x080012b4                TIM1_BRK_IRQHandler
                0x080012b4                EXTI1_IRQHandler
                0x080012b4                USART2_IRQHandler
                0x080012b4                I2C2_ER_IRQHandler
                0x080012b4                DMA1_Channel2_IRQHandler
                0x080012b4                CAN1_SCE_IRQHandler
                0x080012b4                FLASH_IRQHandler
                0x080012b4                USART1_IRQHandler
                0x080012b4                I2C1_ER_IRQHandler
                0x080012b4                USBWakeUp_IRQHandler
 *fill*         0x080012b6        0x2 
 .text.HAL_Init
                0x080012b8       0x2c ./Drivers/STM32F1xx_HAL_Driver/Src/stm32f1xx_hal.o
                0x080012b8                HAL_Init
 .text.HAL_InitTick
                0x080012e4       0x60 ./Drivers/STM32F1xx_HAL_Driver/Src/stm32f1xx_hal.o
                0x080012e4                HAL_InitTick
 .text.HAL_IncTick
                0x08001344       0x24 ./Drivers/STM32F1xx_HAL_Driver/Src/stm32f1xx_hal.o
                0x08001344                HAL_IncTick
 .text.HAL_GetTick
                0x08001368       0x14 ./Drivers/STM32F1xx_HAL_Driver/Src/stm32f1xx_hal.o
                0x08001368                HAL_GetTick
 .text.HAL_ADC_Init
                0x0800137c      0x1b0 ./Drivers/STM32F1xx_HAL_Driver/Src/stm32f1xx_hal_adc.o
                0x0800137c                HAL_ADC_Init
 .text.HAL_ADC_ConfigChannel
                0x0800152c      0x1f0 ./Drivers/STM32F1xx_HAL_Driver/Src/stm32f1xx_hal_adc.o
                0x0800152c                HAL_ADC_ConfigChannel
 .text.ADC_ConversionStop_Disable
                0x0800171c       0x82 ./Drivers/STM32F1xx_HAL_Driver/Src/stm32f1xx_hal_adc.o
                0x0800171c                ADC_ConversionStop_Disable
 .text.HAL_CAN_Init
                0x0800179e      0x1f6 ./Drivers/STM32F1xx_HAL_Driver/Src/stm32f1xx_hal_can.o
                0x0800179e                HAL_CAN_Init
 .text.HAL_CAN_ConfigFilter
                0x08001994      0x192 ./Drivers/STM32F1xx_HAL_Driver/Src/stm32f1xx_hal_can.o
                0x08001994                HAL_CAN_ConfigFilter
 .text.HAL_CAN_Start
                0x08001b26       0x88 ./Drivers/STM32F1xx_HAL_Driver/Src/stm32f1xx_hal_can.o
                0x08001b26                HAL_CAN_Start
 .text.HAL_CAN_AddTxMessage
                0x08001bae      0x19e ./Drivers/STM32F1xx_HAL_Driver/Src/stm32f1xx_hal_can.o
                0x08001bae                HAL_CAN_AddTxMessage
 .text.HAL_CAN_GetRxMessage
                0x08001d4c      0x242 ./Drivers/STM32F1xx_HAL_Driver/Src/stm32f1xx_hal_can.o
                0x08001d4c                HAL_CAN_GetRxMessage
 .text.HAL_CAN_ActivateNotification
                0x08001f8e       0x4a ./Drivers/STM32F1xx_HAL_Driver/Src/stm32f1xx_hal_can.o
                0x08001f8e                HAL_CAN_ActivateNotification
 .text.HAL_CAN_IRQHandler
                0x08001fd8      0x36e ./Drivers/STM32F1xx_HAL_Driver/Src/stm32f1xx_hal_can.o
                0x08001fd8                HAL_CAN_IRQHandler
 .text.HAL_CAN_TxMailbox0CompleteCallback
                0x08002346       0x12 ./Drivers/STM32F1xx_HAL_Driver/Src/stm32f1xx_hal_can.o
                0x08002346                HAL_CAN_TxMailbox0CompleteCallback
 .text.HAL_CAN_TxMailbox1CompleteCallback
                0x08002358       0x12 ./Drivers/STM32F1xx_HAL_Driver/Src/stm32f1xx_hal_can.o
                0x08002358                HAL_CAN_TxMailbox1CompleteCallback
 .text.HAL_CAN_TxMailbox2CompleteCallback
                0x0800236a       0x12 ./Drivers/STM32F1xx_HAL_Driver/Src/stm32f1xx_hal_can.o
                0x0800236a                HAL_CAN_TxMailbox2CompleteCallback
 .text.HAL_CAN_TxMailbox0AbortCallback
                0x0800237c       0x12 ./Drivers/STM32F1xx_HAL_Driver/Src/stm32f1xx_hal_can.o
                0x0800237c                HAL_CAN_TxMailbox0AbortCallback
 .text.HAL_CAN_TxMailbox1AbortCallback
                0x0800238e       0x12 ./Drivers/STM32F1xx_HAL_Driver/Src/stm32f1xx_hal_can.o
                0x0800238e                HAL_CAN_TxMailbox1AbortCallback
 .text.HAL_CAN_TxMailbox2AbortCallback
                0x080023a0       0x12 ./Drivers/STM32F1xx_HAL_Driver/Src/stm32f1xx_hal_can.o
                0x080023a0                HAL_CAN_TxMailbox2AbortCallback
 .text.HAL_CAN_RxFifo0FullCallback
                0x080023b2       0x12 ./Drivers/STM32F1xx_HAL_Driver/Src/stm32f1xx_hal_can.o
                0x080023b2                HAL_CAN_RxFifo0FullCallback
 .text.HAL_CAN_RxFifo1MsgPendingCallback
                0x080023c4       0x12 ./Drivers/STM32F1xx_HAL_Driver/Src/stm32f1xx_hal_can.o
                0x080023c4                HAL_CAN_RxFifo1MsgPendingCallback
 .text.HAL_CAN_RxFifo1FullCallback
                0x080023d6       0x12 ./Drivers/STM32F1xx_HAL_Driver/Src/stm32f1xx_hal_can.o
                0x080023d6                HAL_CAN_RxFifo1FullCallback
 .text.HAL_CAN_SleepCallback
                0x080023e8       0x12 ./Drivers/STM32F1xx_HAL_Driver/Src/stm32f1xx_hal_can.o
                0x080023e8                HAL_CAN_SleepCallback
 .text.HAL_CAN_WakeUpFromRxMsgCallback
                0x080023fa       0x12 ./Drivers/STM32F1xx_HAL_Driver/Src/stm32f1xx_hal_can.o
                0x080023fa                HAL_CAN_WakeUpFromRxMsgCallback
 .text.HAL_CAN_ErrorCallback
                0x0800240c       0x12 ./Drivers/STM32F1xx_HAL_Driver/Src/stm32f1xx_hal_can.o
                0x0800240c                HAL_CAN_ErrorCallback
 *fill*         0x0800241e        0x2 
 .text.__NVIC_SetPriorityGrouping
                0x08002420       0x48 ./Drivers/STM32F1xx_HAL_Driver/Src/stm32f1xx_hal_cortex.o
 .text.__NVIC_GetPriorityGrouping
                0x08002468       0x1c ./Drivers/STM32F1xx_HAL_Driver/Src/stm32f1xx_hal_cortex.o
 .text.__NVIC_EnableIRQ
                0x08002484       0x38 ./Drivers/STM32F1xx_HAL_Driver/Src/stm32f1xx_hal_cortex.o
 .text.__NVIC_SetPriority
                0x080024bc       0x54 ./Drivers/STM32F1xx_HAL_Driver/Src/stm32f1xx_hal_cortex.o
 .text.NVIC_EncodePriority
                0x08002510       0x64 ./Drivers/STM32F1xx_HAL_Driver/Src/stm32f1xx_hal_cortex.o
 .text.SysTick_Config
                0x08002574       0x44 ./Drivers/STM32F1xx_HAL_Driver/Src/stm32f1xx_hal_cortex.o
 .text.HAL_NVIC_SetPriorityGrouping
                0x080025b8       0x16 ./Drivers/STM32F1xx_HAL_Driver/Src/stm32f1xx_hal_cortex.o
                0x080025b8                HAL_NVIC_SetPriorityGrouping
 .text.HAL_NVIC_SetPriority
                0x080025ce       0x38 ./Drivers/STM32F1xx_HAL_Driver/Src/stm32f1xx_hal_cortex.o
                0x080025ce                HAL_NVIC_SetPriority
 .text.HAL_NVIC_EnableIRQ
                0x08002606       0x1c ./Drivers/STM32F1xx_HAL_Driver/Src/stm32f1xx_hal_cortex.o
                0x08002606                HAL_NVIC_EnableIRQ
 .text.HAL_SYSTICK_Config
                0x08002622       0x18 ./Drivers/STM32F1xx_HAL_Driver/Src/stm32f1xx_hal_cortex.o
                0x08002622                HAL_SYSTICK_Config
 *fill*         0x0800263a        0x2 
 .text.HAL_DMA_Init
                0x0800263c       0xb4 ./Drivers/STM32F1xx_HAL_Driver/Src/stm32f1xx_hal_dma.o
                0x0800263c                HAL_DMA_Init
 .text.HAL_DMA_Start_IT
                0x080026f0       0xc0 ./Drivers/STM32F1xx_HAL_Driver/Src/stm32f1xx_hal_dma.o
                0x080026f0                HAL_DMA_Start_IT
 .text.HAL_DMA_IRQHandler
                0x080027b0      0x20c ./Drivers/STM32F1xx_HAL_Driver/Src/stm32f1xx_hal_dma.o
                0x080027b0                HAL_DMA_IRQHandler
 .text.DMA_SetConfig
                0x080029bc       0x5a ./Drivers/STM32F1xx_HAL_Driver/Src/stm32f1xx_hal_dma.o
 *fill*         0x08002a16        0x2 
 .text.HAL_GPIO_Init
                0x08002a18      0x308 ./Drivers/STM32F1xx_HAL_Driver/Src/stm32f1xx_hal_gpio.o
                0x08002a18                HAL_GPIO_Init
 .text.HAL_GPIO_ReadPin
                0x08002d20       0x2e ./Drivers/STM32F1xx_HAL_Driver/Src/stm32f1xx_hal_gpio.o
                0x08002d20                HAL_GPIO_ReadPin
 .text.HAL_GPIO_WritePin
                0x08002d4e       0x30 ./Drivers/STM32F1xx_HAL_Driver/Src/stm32f1xx_hal_gpio.o
                0x08002d4e                HAL_GPIO_WritePin
 *fill*         0x08002d7e        0x2 
 .text.HAL_GPIO_EXTI_IRQHandler
                0x08002d80       0x30 ./Drivers/STM32F1xx_HAL_Driver/Src/stm32f1xx_hal_gpio.o
                0x08002d80                HAL_GPIO_EXTI_IRQHandler
 .text.HAL_I2C_Init
                0x08002db0      0x288 ./Drivers/STM32F1xx_HAL_Driver/Src/stm32f1xx_hal_i2c.o
                0x08002db0                HAL_I2C_Init
 .text.HAL_RCC_OscConfig
                0x08003038      0x504 ./Drivers/STM32F1xx_HAL_Driver/Src/stm32f1xx_hal_rcc.o
                0x08003038                HAL_RCC_OscConfig
 .text.HAL_RCC_ClockConfig
                0x0800353c      0x1d4 ./Drivers/STM32F1xx_HAL_Driver/Src/stm32f1xx_hal_rcc.o
                0x0800353c                HAL_RCC_ClockConfig
 .text.HAL_RCC_GetSysClockFreq
                0x08003710       0xa8 ./Drivers/STM32F1xx_HAL_Driver/Src/stm32f1xx_hal_rcc.o
                0x08003710                HAL_RCC_GetSysClockFreq
 .text.HAL_RCC_GetHCLKFreq
                0x080037b8       0x14 ./Drivers/STM32F1xx_HAL_Driver/Src/stm32f1xx_hal_rcc.o
                0x080037b8                HAL_RCC_GetHCLKFreq
 .text.HAL_RCC_GetPCLK1Freq
                0x080037cc       0x28 ./Drivers/STM32F1xx_HAL_Driver/Src/stm32f1xx_hal_rcc.o
                0x080037cc                HAL_RCC_GetPCLK1Freq
 .text.HAL_RCC_GetPCLK2Freq
                0x080037f4       0x28 ./Drivers/STM32F1xx_HAL_Driver/Src/stm32f1xx_hal_rcc.o
                0x080037f4                HAL_RCC_GetPCLK2Freq
 .text.RCC_Delay
                0x0800381c       0x3c ./Drivers/STM32F1xx_HAL_Driver/Src/stm32f1xx_hal_rcc.o
 .text.HAL_RCCEx_PeriphCLKConfig
                0x08003858      0x16c ./Drivers/STM32F1xx_HAL_Driver/Src/stm32f1xx_hal_rcc_ex.o
                0x08003858                HAL_RCCEx_PeriphCLKConfig
 .text.HAL_TIM_Base_Init
                0x080039c4       0x9e ./Drivers/STM32F1xx_HAL_Driver/Src/stm32f1xx_hal_tim.o
                0x080039c4                HAL_TIM_Base_Init
 *fill*         0x08003a62        0x2 
 .text.HAL_TIM_Base_Start_IT
                0x08003a64       0xa4 ./Drivers/STM32F1xx_HAL_Driver/Src/stm32f1xx_hal_tim.o
                0x08003a64                HAL_TIM_Base_Start_IT
 .text.HAL_TIM_PWM_Init
                0x08003b08       0x9e ./Drivers/STM32F1xx_HAL_Driver/Src/stm32f1xx_hal_tim.o
                0x08003b08                HAL_TIM_PWM_Init
 .text.HAL_TIM_PWM_MspInit
                0x08003ba6       0x12 ./Drivers/STM32F1xx_HAL_Driver/Src/stm32f1xx_hal_tim.o
                0x08003ba6                HAL_TIM_PWM_MspInit
 .text.HAL_TIM_PWM_Start_DMA
                0x08003bb8      0x344 ./Drivers/STM32F1xx_HAL_Driver/Src/stm32f1xx_hal_tim.o
                0x08003bb8                HAL_TIM_PWM_Start_DMA
 .text.HAL_TIM_IRQHandler
                0x08003efc      0x1e0 ./Drivers/STM32F1xx_HAL_Driver/Src/stm32f1xx_hal_tim.o
                0x08003efc                HAL_TIM_IRQHandler
 .text.HAL_TIM_PWM_ConfigChannel
                0x080040dc      0x184 ./Drivers/STM32F1xx_HAL_Driver/Src/stm32f1xx_hal_tim.o
                0x080040dc                HAL_TIM_PWM_ConfigChannel
 .text.HAL_TIM_ConfigClockSource
                0x08004260      0x18e ./Drivers/STM32F1xx_HAL_Driver/Src/stm32f1xx_hal_tim.o
                0x08004260                HAL_TIM_ConfigClockSource
 .text.HAL_TIM_OC_DelayElapsedCallback
                0x080043ee       0x12 ./Drivers/STM32F1xx_HAL_Driver/Src/stm32f1xx_hal_tim.o
                0x080043ee                HAL_TIM_OC_DelayElapsedCallback
 .text.HAL_TIM_IC_CaptureCallback
                0x08004400       0x12 ./Drivers/STM32F1xx_HAL_Driver/Src/stm32f1xx_hal_tim.o
                0x08004400                HAL_TIM_IC_CaptureCallback
 .text.HAL_TIM_PWM_PulseFinishedCallback
                0x08004412       0x12 ./Drivers/STM32F1xx_HAL_Driver/Src/stm32f1xx_hal_tim.o
                0x08004412                HAL_TIM_PWM_PulseFinishedCallback
 .text.HAL_TIM_PWM_PulseFinishedHalfCpltCallback
                0x08004424       0x12 ./Drivers/STM32F1xx_HAL_Driver/Src/stm32f1xx_hal_tim.o
                0x08004424                HAL_TIM_PWM_PulseFinishedHalfCpltCallback
 .text.HAL_TIM_TriggerCallback
                0x08004436       0x12 ./Drivers/STM32F1xx_HAL_Driver/Src/stm32f1xx_hal_tim.o
                0x08004436                HAL_TIM_TriggerCallback
 .text.HAL_TIM_ErrorCallback
                0x08004448       0x12 ./Drivers/STM32F1xx_HAL_Driver/Src/stm32f1xx_hal_tim.o
                0x08004448                HAL_TIM_ErrorCallback
 .text.TIM_DMAError
                0x0800445a       0x92 ./Drivers/STM32F1xx_HAL_Driver/Src/stm32f1xx_hal_tim.o
                0x0800445a                TIM_DMAError
 .text.TIM_DMADelayPulseCplt
                0x080044ec       0xa8 ./Drivers/STM32F1xx_HAL_Driver/Src/stm32f1xx_hal_tim.o
 .text.TIM_DMADelayPulseHalfCplt
                0x08004594       0x68 ./Drivers/STM32F1xx_HAL_Driver/Src/stm32f1xx_hal_tim.o
                0x08004594                TIM_DMADelayPulseHalfCplt
 .text.TIM_Base_SetConfig
                0x080045fc       0xdc ./Drivers/STM32F1xx_HAL_Driver/Src/stm32f1xx_hal_tim.o
                0x080045fc                TIM_Base_SetConfig
 .text.TIM_OC1_SetConfig
                0x080046d8       0xcc ./Drivers/STM32F1xx_HAL_Driver/Src/stm32f1xx_hal_tim.o
 .text.TIM_OC2_SetConfig
                0x080047a4       0xd4 ./Drivers/STM32F1xx_HAL_Driver/Src/stm32f1xx_hal_tim.o
                0x080047a4                TIM_OC2_SetConfig
 .text.TIM_OC3_SetConfig
                0x08004878       0xd4 ./Drivers/STM32F1xx_HAL_Driver/Src/stm32f1xx_hal_tim.o
 .text.TIM_OC4_SetConfig
                0x0800494c       0x9c ./Drivers/STM32F1xx_HAL_Driver/Src/stm32f1xx_hal_tim.o
 .text.TIM_TI1_ConfigInputStage
                0x080049e8       0x5c ./Drivers/STM32F1xx_HAL_Driver/Src/stm32f1xx_hal_tim.o
 .text.TIM_TI2_ConfigInputStage
                0x08004a44       0x5e ./Drivers/STM32F1xx_HAL_Driver/Src/stm32f1xx_hal_tim.o
 .text.TIM_ITRx_SetConfig
                0x08004aa2       0x34 ./Drivers/STM32F1xx_HAL_Driver/Src/stm32f1xx_hal_tim.o
 .text.TIM_ETR_SetConfig
                0x08004ad6       0x3e ./Drivers/STM32F1xx_HAL_Driver/Src/stm32f1xx_hal_tim.o
                0x08004ad6                TIM_ETR_SetConfig
 .text.TIM_CCxChannelCmd
                0x08004b14       0x48 ./Drivers/STM32F1xx_HAL_Driver/Src/stm32f1xx_hal_tim.o
                0x08004b14                TIM_CCxChannelCmd
 .text.HAL_TIMEx_MasterConfigSynchronization
                0x08004b5c       0xbc ./Drivers/STM32F1xx_HAL_Driver/Src/stm32f1xx_hal_tim_ex.o
                0x08004b5c                HAL_TIMEx_MasterConfigSynchronization
 .text.HAL_TIMEx_CommutCallback
                0x08004c18       0x12 ./Drivers/STM32F1xx_HAL_Driver/Src/stm32f1xx_hal_tim_ex.o
                0x08004c18                HAL_TIMEx_CommutCallback
 .text.HAL_TIMEx_BreakCallback
                0x08004c2a       0x12 ./Drivers/STM32F1xx_HAL_Driver/Src/stm32f1xx_hal_tim_ex.o
                0x08004c2a                HAL_TIMEx_BreakCallback
 .text.HAL_UART_Init
                0x08004c3c       0xa0 ./Drivers/STM32F1xx_HAL_Driver/Src/stm32f1xx_hal_uart.o
                0x08004c3c                HAL_UART_Init
 .text.HAL_UART_Transmit
                0x08004cdc      0x116 ./Drivers/STM32F1xx_HAL_Driver/Src/stm32f1xx_hal_uart.o
                0x08004cdc                HAL_UART_Transmit
 .text.UART_WaitOnFlagUntilTimeout
                0x08004df2       0xb2 ./Drivers/STM32F1xx_HAL_Driver/Src/stm32f1xx_hal_uart.o
 .text.UART_EndRxTransfer
                0x08004ea4       0xc4 ./Drivers/STM32F1xx_HAL_Driver/Src/stm32f1xx_hal_uart.o
 .text.UART_SetConfig
                0x08004f68      0x11c ./Drivers/STM32F1xx_HAL_Driver/Src/stm32f1xx_hal_uart.o
 .text.memset   0x08005084       0x10 D:/CubeIDE/STM32CubeIDE_1.17.0/STM32CubeIDE/plugins/com.st.stm32cube.ide.mcu.externaltools.gnu-tools-for-stm32.12.3.rel1.win32_1.1.0.202410251130/tools/bin/../lib/gcc/arm-none-eabi/12.3.1/../../../../arm-none-eabi/lib/thumb/v7-m/nofp\libc_nano.a(libc_a-memset.o)
                0x08005084                memset
 .text.__libc_init_array
                0x08005094       0x48 D:/CubeIDE/STM32CubeIDE_1.17.0/STM32CubeIDE/plugins/com.st.stm32cube.ide.mcu.externaltools.gnu-tools-for-stm32.12.3.rel1.win32_1.1.0.202410251130/tools/bin/../lib/gcc/arm-none-eabi/12.3.1/../../../../arm-none-eabi/lib/thumb/v7-m/nofp\libc_nano.a(libc_a-init.o)
                0x08005094                __libc_init_array
 *(.glue_7)
 .glue_7        0x080050dc        0x0 linker stubs
 *(.glue_7t)
 .glue_7t       0x080050dc        0x0 linker stubs
 *(.eh_frame)
 .eh_frame      0x080050dc        0x0 D:/CubeIDE/STM32CubeIDE_1.17.0/STM32CubeIDE/plugins/com.st.stm32cube.ide.mcu.externaltools.gnu-tools-for-stm32.12.3.rel1.win32_1.1.0.202410251130/tools/bin/../lib/gcc/arm-none-eabi/12.3.1/thumb/v7-m/nofp/crtbegin.o
 *(.init)
 .init          0x080050dc        0x4 D:/CubeIDE/STM32CubeIDE_1.17.0/STM32CubeIDE/plugins/com.st.stm32cube.ide.mcu.externaltools.gnu-tools-for-stm32.12.3.rel1.win32_1.1.0.202410251130/tools/bin/../lib/gcc/arm-none-eabi/12.3.1/thumb/v7-m/nofp/crti.o
                0x080050dc                _init
 .init          0x080050e0        0x8 D:/CubeIDE/STM32CubeIDE_1.17.0/STM32CubeIDE/plugins/com.st.stm32cube.ide.mcu.externaltools.gnu-tools-for-stm32.12.3.rel1.win32_1.1.0.202410251130/tools/bin/../lib/gcc/arm-none-eabi/12.3.1/thumb/v7-m/nofp/crtn.o
 *(.fini)
 .fini          0x080050e8        0x4 D:/CubeIDE/STM32CubeIDE_1.17.0/STM32CubeIDE/plugins/com.st.stm32cube.ide.mcu.externaltools.gnu-tools-for-stm32.12.3.rel1.win32_1.1.0.202410251130/tools/bin/../lib/gcc/arm-none-eabi/12.3.1/thumb/v7-m/nofp/crti.o
                0x080050e8                _fini
 .fini          0x080050ec        0x8 D:/CubeIDE/STM32CubeIDE_1.17.0/STM32CubeIDE/plugins/com.st.stm32cube.ide.mcu.externaltools.gnu-tools-for-stm32.12.3.rel1.win32_1.1.0.202410251130/tools/bin/../lib/gcc/arm-none-eabi/12.3.1/thumb/v7-m/nofp/crtn.o
                0x080050f4                        . = ALIGN (0x4)
                0x080050f4                        _etext = .

.vfp11_veneer   0x080050f4        0x0
 .vfp11_veneer  0x080050f4        0x0 linker stubs

.v4_bx          0x080050f4        0x0
 .v4_bx         0x080050f4        0x0 linker stubs

.iplt           0x080050f4        0x0
 .iplt          0x080050f4        0x0 D:/CubeIDE/STM32CubeIDE_1.17.0/STM32CubeIDE/plugins/com.st.stm32cube.ide.mcu.externaltools.gnu-tools-for-stm32.12.3.rel1.win32_1.1.0.202410251130/tools/bin/../lib/gcc/arm-none-eabi/12.3.1/thumb/v7-m/nofp/crtbegin.o

.rodata         0x080050f4       0x7c
                0x080050f4                        . = ALIGN (0x4)
 *(.rodata)
 .rodata        0x080050f4       0x4d ./Core/Src/user_can.o
 *(.rodata*)
 *fill*         0x08005141        0x3 
 .rodata.AHBPrescTable
                0x08005144       0x10 ./Core/Src/system_stm32f1xx.o
                0x08005144                AHBPrescTable
 .rodata.APBPrescTable
                0x08005154        0x8 ./Core/Src/system_stm32f1xx.o
                0x08005154                APBPrescTable
 .rodata.aPLLMULFactorTable.1
                0x0800515c       0x10 ./Drivers/STM32F1xx_HAL_Driver/Src/stm32f1xx_hal_rcc.o
 .rodata.aPredivFactorTable.0
                0x0800516c        0x2 ./Drivers/STM32F1xx_HAL_Driver/Src/stm32f1xx_hal_rcc.o
                0x08005170                        . = ALIGN (0x4)
 *fill*         0x0800516e        0x2 

.ARM.extab      0x08005170        0x0
                0x08005170                        . = ALIGN (0x4)
 *(.ARM.extab* .gnu.linkonce.armextab.*)
                0x08005170                        . = ALIGN (0x4)

.ARM            0x08005170        0x0
                0x08005170                        . = ALIGN (0x4)
                0x08005170                        __exidx_start = .
 *(.ARM.exidx*)
                0x08005170                        __exidx_end = .
                0x08005170                        . = ALIGN (0x4)

.preinit_array  0x08005170        0x0
                0x08005170                        . = ALIGN (0x4)
                0x08005170                        PROVIDE (__preinit_array_start = .)
 *(.preinit_array*)
                0x08005170                        PROVIDE (__preinit_array_end = .)
                0x08005170                        . = ALIGN (0x4)

.init_array     0x08005170        0x4
                0x08005170                        . = ALIGN (0x4)
                0x08005170                        PROVIDE (__init_array_start = .)
 *(SORT_BY_NAME(.init_array.*))
 *(.init_array*)
 .init_array    0x08005170        0x4 D:/CubeIDE/STM32CubeIDE_1.17.0/STM32CubeIDE/plugins/com.st.stm32cube.ide.mcu.externaltools.gnu-tools-for-stm32.12.3.rel1.win32_1.1.0.202410251130/tools/bin/../lib/gcc/arm-none-eabi/12.3.1/thumb/v7-m/nofp/crtbegin.o
                0x08005174                        PROVIDE (__init_array_end = .)
                0x08005174                        . = ALIGN (0x4)

.fini_array     0x08005174        0x4
                0x08005174                        . = ALIGN (0x4)
                [!provide]                        PROVIDE (__fini_array_start = .)
 *(SORT_BY_NAME(.fini_array.*))
 *(.fini_array*)
 .fini_array    0x08005174        0x4 D:/CubeIDE/STM32CubeIDE_1.17.0/STM32CubeIDE/plugins/com.st.stm32cube.ide.mcu.externaltools.gnu-tools-for-stm32.12.3.rel1.win32_1.1.0.202410251130/tools/bin/../lib/gcc/arm-none-eabi/12.3.1/thumb/v7-m/nofp/crtbegin.o
                [!provide]                        PROVIDE (__fini_array_end = .)
                0x08005178                        . = ALIGN (0x4)
                0x08005178                        _sidata = LOADADDR (.data)

.rel.dyn        0x08005178        0x0
 .rel.iplt      0x08005178        0x0 D:/CubeIDE/STM32CubeIDE_1.17.0/STM32CubeIDE/plugins/com.st.stm32cube.ide.mcu.externaltools.gnu-tools-for-stm32.12.3.rel1.win32_1.1.0.202410251130/tools/bin/../lib/gcc/arm-none-eabi/12.3.1/thumb/v7-m/nofp/crtbegin.o

.data           0x20000000        0xc load address 0x08005178
                0x20000000                        . = ALIGN (0x4)
                0x20000000                        _sdata = .
 *(.data)
 *(.data*)
 .data.SystemCoreClock
                0x20000000        0x4 ./Core/Src/system_stm32f1xx.o
                0x20000000                SystemCoreClock
 .data.uwTickPrio
                0x20000004        0x4 ./Drivers/STM32F1xx_HAL_Driver/Src/stm32f1xx_hal.o
                0x20000004                uwTickPrio
 .data.uwTickFreq
                0x20000008        0x1 ./Drivers/STM32F1xx_HAL_Driver/Src/stm32f1xx_hal.o
                0x20000008                uwTickFreq
 *(.RamFunc)
 *(.RamFunc*)
                0x2000000c                        . = ALIGN (0x4)
 *fill*         0x20000009        0x3 
                0x2000000c                        _edata = .

.igot.plt       0x2000000c        0x0 load address 0x08005184
 .igot.plt      0x2000000c        0x0 D:/CubeIDE/STM32CubeIDE_1.17.0/STM32CubeIDE/plugins/com.st.stm32cube.ide.mcu.externaltools.gnu-tools-for-stm32.12.3.rel1.win32_1.1.0.202410251130/tools/bin/../lib/gcc/arm-none-eabi/12.3.1/thumb/v7-m/nofp/crtbegin.o
                0x2000000c                        . = ALIGN (0x4)

.bss            0x2000000c      0xe64 load address 0x08005184
                0x2000000c                        _sbss = .
                0x2000000c                        __bss_start__ = _sbss
 *(.bss)
 .bss           0x2000000c       0x1c D:/CubeIDE/STM32CubeIDE_1.17.0/STM32CubeIDE/plugins/com.st.stm32cube.ide.mcu.externaltools.gnu-tools-for-stm32.12.3.rel1.win32_1.1.0.202410251130/tools/bin/../lib/gcc/arm-none-eabi/12.3.1/thumb/v7-m/nofp/crtbegin.o
 *(.bss*)
 .bss.hadc1     0x20000028       0x30 ./Core/Src/adc.o
                0x20000028                hadc1
 .bss.hcan      0x20000058       0x28 ./Core/Src/can.o
                0x20000058                hcan
 .bss.hi2c1     0x20000080       0x54 ./Core/Src/i2c.o
                0x20000080                hi2c1
 .bss.EBS_Able_State
                0x200000d4        0x1 ./Core/Src/main.o
                0x200000d4                EBS_Able_State
 .bss.AS_State  0x200000d5        0x1 ./Core/Src/main.o
                0x200000d5                AS_State
 .bss.blink_enabled
                0x200000d6        0x1 ./Core/Src/main.o
                0x200000d6                blink_enabled
 .bss.led_state
                0x200000d7        0x1 ./Core/Src/main.o
                0x200000d7                led_state
 .bss.htim2     0x200000d8       0x48 ./Core/Src/tim.o
                0x200000d8                htim2
 .bss.htim3     0x20000120       0x48 ./Core/Src/tim.o
                0x20000120                htim3
 .bss.htim4     0x20000168       0x48 ./Core/Src/tim.o
                0x20000168                htim4
 .bss.hdma_tim2_ch1
                0x200001b0       0x44 ./Core/Src/tim.o
                0x200001b0                hdma_tim2_ch1
 .bss.huart1    0x200001f4       0x48 ./Core/Src/usart.o
                0x200001f4                huart1
 .bss.Pixel_Buf
                0x2000023c      0xc30 ./Core/Src/user_rgb.o
 .bss.uwTick    0x20000e6c        0x4 ./Drivers/STM32F1xx_HAL_Driver/Src/stm32f1xx_hal.o
                0x20000e6c                uwTick
 *(COMMON)
                0x20000e70                        . = ALIGN (0x4)
                0x20000e70                        _ebss = .
                0x20000e70                        __bss_end__ = _ebss

._user_heap_stack
                0x20000e70      0x600 load address 0x08005184
                0x20000e70                        . = ALIGN (0x8)
                [!provide]                        PROVIDE (end = .)
                0x20000e70                        PROVIDE (_end = .)
                0x20001070                        . = (. + _Min_Heap_Size)
 *fill*         0x20000e70      0x200 
                0x20001470                        . = (. + _Min_Stack_Size)
 *fill*         0x20001070      0x400 
                0x20001470                        . = ALIGN (0x8)

/DISCARD/
 libc.a(*)
 libm.a(*)
 libgcc.a(*)

.ARM.attributes
                0x00000000       0x29
 *(.ARM.attributes)
 .ARM.attributes
                0x00000000       0x1d D:/CubeIDE/STM32CubeIDE_1.17.0/STM32CubeIDE/plugins/com.st.stm32cube.ide.mcu.externaltools.gnu-tools-for-stm32.12.3.rel1.win32_1.1.0.202410251130/tools/bin/../lib/gcc/arm-none-eabi/12.3.1/thumb/v7-m/nofp/crti.o
 .ARM.attributes
                0x0000001d       0x2d D:/CubeIDE/STM32CubeIDE_1.17.0/STM32CubeIDE/plugins/com.st.stm32cube.ide.mcu.externaltools.gnu-tools-for-stm32.12.3.rel1.win32_1.1.0.202410251130/tools/bin/../lib/gcc/arm-none-eabi/12.3.1/thumb/v7-m/nofp/crtbegin.o
 .ARM.attributes
                0x0000004a       0x2d ./Core/Src/adc.o
 .ARM.attributes
                0x00000077       0x2d ./Core/Src/can.o
 .ARM.attributes
                0x000000a4       0x2d ./Core/Src/dma.o
 .ARM.attributes
                0x000000d1       0x2d ./Core/Src/gpio.o
 .ARM.attributes
                0x000000fe       0x2d ./Core/Src/i2c.o
 .ARM.attributes
                0x0000012b       0x2d ./Core/Src/main.o
 .ARM.attributes
                0x00000158       0x2d ./Core/Src/stm32f1xx_hal_msp.o
 .ARM.attributes
                0x00000185       0x2d ./Core/Src/stm32f1xx_it.o
 .ARM.attributes
                0x000001b2       0x2d ./Core/Src/system_stm32f1xx.o
 .ARM.attributes
                0x000001df       0x2d ./Core/Src/tim.o
 .ARM.attributes
                0x0000020c       0x2d ./Core/Src/usart.o
 .ARM.attributes
                0x00000239       0x2d ./Core/Src/user_can.o
 .ARM.attributes
                0x00000266       0x2d ./Core/Src/user_ebs.o
 .ARM.attributes
                0x00000293       0x2d ./Core/Src/user_peripheral.o
 .ARM.attributes
                0x000002c0       0x2d ./Core/Src/user_rgb.o
 .ARM.attributes
                0x000002ed       0x21 ./Core/Startup/startup_stm32f103c8tx.o
 .ARM.attributes
                0x0000030e       0x2d ./Drivers/STM32F1xx_HAL_Driver/Src/stm32f1xx_hal.o
 .ARM.attributes
                0x0000033b       0x2d ./Drivers/STM32F1xx_HAL_Driver/Src/stm32f1xx_hal_adc.o
 .ARM.attributes
                0x00000368       0x2d ./Drivers/STM32F1xx_HAL_Driver/Src/stm32f1xx_hal_can.o
 .ARM.attributes
                0x00000395       0x2d ./Drivers/STM32F1xx_HAL_Driver/Src/stm32f1xx_hal_cortex.o
 .ARM.attributes
                0x000003c2       0x2d ./Drivers/STM32F1xx_HAL_Driver/Src/stm32f1xx_hal_dma.o
 .ARM.attributes
                0x000003ef       0x2d ./Drivers/STM32F1xx_HAL_Driver/Src/stm32f1xx_hal_gpio.o
 .ARM.attributes
                0x0000041c       0x2d ./Drivers/STM32F1xx_HAL_Driver/Src/stm32f1xx_hal_i2c.o
 .ARM.attributes
                0x00000449       0x2d ./Drivers/STM32F1xx_HAL_Driver/Src/stm32f1xx_hal_rcc.o
 .ARM.attributes
                0x00000476       0x2d ./Drivers/STM32F1xx_HAL_Driver/Src/stm32f1xx_hal_rcc_ex.o
 .ARM.attributes
                0x000004a3       0x2d ./Drivers/STM32F1xx_HAL_Driver/Src/stm32f1xx_hal_tim.o
 .ARM.attributes
                0x000004d0       0x2d ./Drivers/STM32F1xx_HAL_Driver/Src/stm32f1xx_hal_tim_ex.o
 .ARM.attributes
                0x000004fd       0x2d ./Drivers/STM32F1xx_HAL_Driver/Src/stm32f1xx_hal_uart.o
 .ARM.attributes
                0x0000052a       0x2d D:/CubeIDE/STM32CubeIDE_1.17.0/STM32CubeIDE/plugins/com.st.stm32cube.ide.mcu.externaltools.gnu-tools-for-stm32.12.3.rel1.win32_1.1.0.202410251130/tools/bin/../lib/gcc/arm-none-eabi/12.3.1/../../../../arm-none-eabi/lib/thumb/v7-m/nofp\libc_nano.a(libc_a-memset.o)
 .ARM.attributes
                0x00000557       0x2d D:/CubeIDE/STM32CubeIDE_1.17.0/STM32CubeIDE/plugins/com.st.stm32cube.ide.mcu.externaltools.gnu-tools-for-stm32.12.3.rel1.win32_1.1.0.202410251130/tools/bin/../lib/gcc/arm-none-eabi/12.3.1/../../../../arm-none-eabi/lib/thumb/v7-m/nofp\libc_nano.a(libc_a-init.o)
 .ARM.attributes
                0x00000584       0x1d D:/CubeIDE/STM32CubeIDE_1.17.0/STM32CubeIDE/plugins/com.st.stm32cube.ide.mcu.externaltools.gnu-tools-for-stm32.12.3.rel1.win32_1.1.0.202410251130/tools/bin/../lib/gcc/arm-none-eabi/12.3.1/thumb/v7-m/nofp/crtn.o
OUTPUT(EBS_1.elf elf32-littlearm)
LOAD linker stubs
LOAD D:/CubeIDE/STM32CubeIDE_1.17.0/STM32CubeIDE/plugins/com.st.stm32cube.ide.mcu.externaltools.gnu-tools-for-stm32.12.3.rel1.win32_1.1.0.202410251130/tools/bin/../lib/gcc/arm-none-eabi/12.3.1/../../../../arm-none-eabi/lib/thumb/v7-m/nofp\libc.a
LOAD D:/CubeIDE/STM32CubeIDE_1.17.0/STM32CubeIDE/plugins/com.st.stm32cube.ide.mcu.externaltools.gnu-tools-for-stm32.12.3.rel1.win32_1.1.0.202410251130/tools/bin/../lib/gcc/arm-none-eabi/12.3.1/../../../../arm-none-eabi/lib/thumb/v7-m/nofp\libm.a
LOAD D:/CubeIDE/STM32CubeIDE_1.17.0/STM32CubeIDE/plugins/com.st.stm32cube.ide.mcu.externaltools.gnu-tools-for-stm32.12.3.rel1.win32_1.1.0.202410251130/tools/bin/../lib/gcc/arm-none-eabi/12.3.1/thumb/v7-m/nofp\libgcc.a

.debug_info     0x00000000    0x1409d
 .debug_info    0x00000000      0x7db ./Core/Src/adc.o
 .debug_info    0x000007db      0x86e ./Core/Src/can.o
 .debug_info    0x00001049      0x2d6 ./Core/Src/dma.o
 .debug_info    0x0000131f      0x455 ./Core/Src/gpio.o
 .debug_info    0x00001774      0x7ea ./Core/Src/i2c.o
 .debug_info    0x00001f5e      0xa99 ./Core/Src/main.o
 .debug_info    0x000029f7      0x1f8 ./Core/Src/stm32f1xx_hal_msp.o
 .debug_info    0x00002bef      0xafc ./Core/Src/stm32f1xx_it.o
 .debug_info    0x000036eb      0x222 ./Core/Src/system_stm32f1xx.o
 .debug_info    0x0000390d      0xcc1 ./Core/Src/tim.o
 .debug_info    0x000045ce      0x79f ./Core/Src/usart.o
 .debug_info    0x00004d6d      0xcd7 ./Core/Src/user_can.o
 .debug_info    0x00005a44      0x299 ./Core/Src/user_ebs.o
 .debug_info    0x00005cdd      0x204 ./Core/Src/user_peripheral.o
 .debug_info    0x00005ee1      0xa87 ./Core/Src/user_rgb.o
 .debug_info    0x00006968       0x30 ./Core/Startup/startup_stm32f103c8tx.o
 .debug_info    0x00006998      0x704 ./Drivers/STM32F1xx_HAL_Driver/Src/stm32f1xx_hal.o
 .debug_info    0x0000709c      0xc50 ./Drivers/STM32F1xx_HAL_Driver/Src/stm32f1xx_hal_adc.o
 .debug_info    0x00007cec      0xf13 ./Drivers/STM32F1xx_HAL_Driver/Src/stm32f1xx_hal_can.o
 .debug_info    0x00008bff      0xa87 ./Drivers/STM32F1xx_HAL_Driver/Src/stm32f1xx_hal_cortex.o
 .debug_info    0x00009686      0x6d2 ./Drivers/STM32F1xx_HAL_Driver/Src/stm32f1xx_hal_dma.o
 .debug_info    0x00009d58      0x5ab ./Drivers/STM32F1xx_HAL_Driver/Src/stm32f1xx_hal_gpio.o
 .debug_info    0x0000a303     0x2524 ./Drivers/STM32F1xx_HAL_Driver/Src/stm32f1xx_hal_i2c.o
 .debug_info    0x0000c827      0x7d5 ./Drivers/STM32F1xx_HAL_Driver/Src/stm32f1xx_hal_rcc.o
 .debug_info    0x0000cffc      0x3c0 ./Drivers/STM32F1xx_HAL_Driver/Src/stm32f1xx_hal_rcc_ex.o
 .debug_info    0x0000d3bc     0x2959 ./Drivers/STM32F1xx_HAL_Driver/Src/stm32f1xx_hal_tim.o
 .debug_info    0x0000fd15     0x149b ./Drivers/STM32F1xx_HAL_Driver/Src/stm32f1xx_hal_tim_ex.o
 .debug_info    0x000111b0     0x2eed ./Drivers/STM32F1xx_HAL_Driver/Src/stm32f1xx_hal_uart.o

.debug_abbrev   0x00000000     0x3675
 .debug_abbrev  0x00000000      0x1e1 ./Core/Src/adc.o
 .debug_abbrev  0x000001e1      0x232 ./Core/Src/can.o
 .debug_abbrev  0x00000413       0xfc ./Core/Src/dma.o
 .debug_abbrev  0x0000050f      0x161 ./Core/Src/gpio.o
 .debug_abbrev  0x00000670      0x1de ./Core/Src/i2c.o
 .debug_abbrev  0x0000084e      0x28a ./Core/Src/main.o
 .debug_abbrev  0x00000ad8       0xdb ./Core/Src/stm32f1xx_hal_msp.o
 .debug_abbrev  0x00000bb3      0x218 ./Core/Src/stm32f1xx_it.o
 .debug_abbrev  0x00000dcb      0x13f ./Core/Src/system_stm32f1xx.o
 .debug_abbrev  0x00000f0a      0x281 ./Core/Src/tim.o
 .debug_abbrev  0x0000118b      0x1e6 ./Core/Src/usart.o
 .debug_abbrev  0x00001371      0x21e ./Core/Src/user_can.o
 .debug_abbrev  0x0000158f      0x155 ./Core/Src/user_ebs.o
 .debug_abbrev  0x000016e4       0xf9 ./Core/Src/user_peripheral.o
 .debug_abbrev  0x000017dd      0x296 ./Core/Src/user_rgb.o
 .debug_abbrev  0x00001a73       0x24 ./Core/Startup/startup_stm32f103c8tx.o
 .debug_abbrev  0x00001a97      0x201 ./Drivers/STM32F1xx_HAL_Driver/Src/stm32f1xx_hal.o
 .debug_abbrev  0x00001c98      0x225 ./Drivers/STM32F1xx_HAL_Driver/Src/stm32f1xx_hal_adc.o
 .debug_abbrev  0x00001ebd      0x21c ./Drivers/STM32F1xx_HAL_Driver/Src/stm32f1xx_hal_can.o
 .debug_abbrev  0x000020d9      0x2f8 ./Drivers/STM32F1xx_HAL_Driver/Src/stm32f1xx_hal_cortex.o
 .debug_abbrev  0x000023d1      0x20b ./Drivers/STM32F1xx_HAL_Driver/Src/stm32f1xx_hal_dma.o
 .debug_abbrev  0x000025dc      0x1ca ./Drivers/STM32F1xx_HAL_Driver/Src/stm32f1xx_hal_gpio.o
 .debug_abbrev  0x000027a6      0x2a3 ./Drivers/STM32F1xx_HAL_Driver/Src/stm32f1xx_hal_i2c.o
 .debug_abbrev  0x00002a49      0x2b3 ./Drivers/STM32F1xx_HAL_Driver/Src/stm32f1xx_hal_rcc.o
 .debug_abbrev  0x00002cfc      0x188 ./Drivers/STM32F1xx_HAL_Driver/Src/stm32f1xx_hal_rcc_ex.o
 .debug_abbrev  0x00002e84      0x277 ./Drivers/STM32F1xx_HAL_Driver/Src/stm32f1xx_hal_tim.o
 .debug_abbrev  0x000030fb      0x282 ./Drivers/STM32F1xx_HAL_Driver/Src/stm32f1xx_hal_tim_ex.o
 .debug_abbrev  0x0000337d      0x2f8 ./Drivers/STM32F1xx_HAL_Driver/Src/stm32f1xx_hal_uart.o

.debug_aranges  0x00000000     0x1380
 .debug_aranges
                0x00000000       0x30 ./Core/Src/adc.o
 .debug_aranges
                0x00000030       0x30 ./Core/Src/can.o
 .debug_aranges
                0x00000060       0x20 ./Core/Src/dma.o
 .debug_aranges
                0x00000080       0x20 ./Core/Src/gpio.o
 .debug_aranges
                0x000000a0       0x30 ./Core/Src/i2c.o
 .debug_aranges
                0x000000d0       0x40 ./Core/Src/main.o
 .debug_aranges
                0x00000110       0x20 ./Core/Src/stm32f1xx_hal_msp.o
 .debug_aranges
                0x00000130       0x88 ./Core/Src/stm32f1xx_it.o
 .debug_aranges
                0x000001b8       0x28 ./Core/Src/system_stm32f1xx.o
 .debug_aranges
                0x000001e0       0x48 ./Core/Src/tim.o
 .debug_aranges
                0x00000228       0x30 ./Core/Src/usart.o
 .debug_aranges
                0x00000258       0x50 ./Core/Src/user_can.o
 .debug_aranges
                0x000002a8       0x40 ./Core/Src/user_ebs.o
 .debug_aranges
                0x000002e8       0x58 ./Core/Src/user_peripheral.o
 .debug_aranges
                0x00000340       0x90 ./Core/Src/user_rgb.o
 .debug_aranges
                0x000003d0       0x28 ./Core/Startup/startup_stm32f103c8tx.o
 .debug_aranges
                0x000003f8       0xe0 ./Drivers/STM32F1xx_HAL_Driver/Src/stm32f1xx_hal.o
 .debug_aranges
                0x000004d8       0xf0 ./Drivers/STM32F1xx_HAL_Driver/Src/stm32f1xx_hal_adc.o
 .debug_aranges
                0x000005c8      0x138 ./Drivers/STM32F1xx_HAL_Driver/Src/stm32f1xx_hal_can.o
 .debug_aranges
                0x00000700      0x100 ./Drivers/STM32F1xx_HAL_Driver/Src/stm32f1xx_hal_cortex.o
 .debug_aranges
                0x00000800       0x80 ./Drivers/STM32F1xx_HAL_Driver/Src/stm32f1xx_hal_dma.o
 .debug_aranges
                0x00000880       0x58 ./Drivers/STM32F1xx_HAL_Driver/Src/stm32f1xx_hal_gpio.o
 .debug_aranges
                0x000008d8      0x2a8 ./Drivers/STM32F1xx_HAL_Driver/Src/stm32f1xx_hal_i2c.o
 .debug_aranges
                0x00000b80       0x90 ./Drivers/STM32F1xx_HAL_Driver/Src/stm32f1xx_hal_rcc.o
 .debug_aranges
                0x00000c10       0x30 ./Drivers/STM32F1xx_HAL_Driver/Src/stm32f1xx_hal_rcc_ex.o
 .debug_aranges
                0x00000c40      0x3d0 ./Drivers/STM32F1xx_HAL_Driver/Src/stm32f1xx_hal_tim.o
 .debug_aranges
                0x00001010      0x168 ./Drivers/STM32F1xx_HAL_Driver/Src/stm32f1xx_hal_tim_ex.o
 .debug_aranges
                0x00001178      0x208 ./Drivers/STM32F1xx_HAL_Driver/Src/stm32f1xx_hal_uart.o

.debug_rnglists
                0x00000000      0xf29
 .debug_rnglists
                0x00000000       0x21 ./Core/Src/adc.o
 .debug_rnglists
                0x00000021       0x20 ./Core/Src/can.o
 .debug_rnglists
                0x00000041       0x13 ./Core/Src/dma.o
 .debug_rnglists
                0x00000054       0x14 ./Core/Src/gpio.o
 .debug_rnglists
                0x00000068       0x1f ./Core/Src/i2c.o
 .debug_rnglists
                0x00000087       0x2c ./Core/Src/main.o
 .debug_rnglists
                0x000000b3       0x13 ./Core/Src/stm32f1xx_hal_msp.o
 .debug_rnglists
                0x000000c6       0x61 ./Core/Src/stm32f1xx_it.o
 .debug_rnglists
                0x00000127       0x1a ./Core/Src/system_stm32f1xx.o
 .debug_rnglists
                0x00000141       0x35 ./Core/Src/tim.o
 .debug_rnglists
                0x00000176       0x20 ./Core/Src/usart.o
 .debug_rnglists
                0x00000196       0x39 ./Core/Src/user_can.o
 .debug_rnglists
                0x000001cf       0x2b ./Core/Src/user_ebs.o
 .debug_rnglists
                0x000001fa       0x3d ./Core/Src/user_peripheral.o
 .debug_rnglists
                0x00000237       0x6b ./Core/Src/user_rgb.o
 .debug_rnglists
                0x000002a2       0x19 ./Core/Startup/startup_stm32f103c8tx.o
 .debug_rnglists
                0x000002bb       0xa3 ./Drivers/STM32F1xx_HAL_Driver/Src/stm32f1xx_hal.o
 .debug_rnglists
                0x0000035e       0xbc ./Drivers/STM32F1xx_HAL_Driver/Src/stm32f1xx_hal_adc.o
 .debug_rnglists
                0x0000041a       0xed ./Drivers/STM32F1xx_HAL_Driver/Src/stm32f1xx_hal_can.o
 .debug_rnglists
                0x00000507       0xbb ./Drivers/STM32F1xx_HAL_Driver/Src/stm32f1xx_hal_cortex.o
 .debug_rnglists
                0x000005c2       0x64 ./Drivers/STM32F1xx_HAL_Driver/Src/stm32f1xx_hal_dma.o
 .debug_rnglists
                0x00000626       0x3f ./Drivers/STM32F1xx_HAL_Driver/Src/stm32f1xx_hal_gpio.o
 .debug_rnglists
                0x00000665      0x23c ./Drivers/STM32F1xx_HAL_Driver/Src/stm32f1xx_hal_i2c.o
 .debug_rnglists
                0x000008a1       0x6c ./Drivers/STM32F1xx_HAL_Driver/Src/stm32f1xx_hal_rcc.o
 .debug_rnglists
                0x0000090d       0x21 ./Drivers/STM32F1xx_HAL_Driver/Src/stm32f1xx_hal_rcc_ex.o
 .debug_rnglists
                0x0000092e      0x31a ./Drivers/STM32F1xx_HAL_Driver/Src/stm32f1xx_hal_tim.o
 .debug_rnglists
                0x00000c48      0x125 ./Drivers/STM32F1xx_HAL_Driver/Src/stm32f1xx_hal_tim_ex.o
 .debug_rnglists
                0x00000d6d      0x1bc ./Drivers/STM32F1xx_HAL_Driver/Src/stm32f1xx_hal_uart.o

.debug_macro    0x00000000    0x1b253
 .debug_macro   0x00000000      0x309 ./Core/Src/adc.o
 .debug_macro   0x00000309      0xaa8 ./Core/Src/adc.o
 .debug_macro   0x00000db1      0x233 ./Core/Src/adc.o
 .debug_macro   0x00000fe4       0x2e ./Core/Src/adc.o
 .debug_macro   0x00001012       0x22 ./Core/Src/adc.o
 .debug_macro   0x00001034       0x22 ./Core/Src/adc.o
 .debug_macro   0x00001056       0x8e ./Core/Src/adc.o
 .debug_macro   0x000010e4       0x51 ./Core/Src/adc.o
 .debug_macro   0x00001135      0x103 ./Core/Src/adc.o
 .debug_macro   0x00001238       0x6a ./Core/Src/adc.o
 .debug_macro   0x000012a2      0x1df ./Core/Src/adc.o
 .debug_macro   0x00001481       0x1c ./Core/Src/adc.o
 .debug_macro   0x0000149d       0x22 ./Core/Src/adc.o
 .debug_macro   0x000014bf       0xbd ./Core/Src/adc.o
 .debug_macro   0x0000157c      0xd23 ./Core/Src/adc.o
 .debug_macro   0x0000229f     0xe09e ./Core/Src/adc.o
 .debug_macro   0x0001033d       0x6d ./Core/Src/adc.o
 .debug_macro   0x000103aa     0x34a2 ./Core/Src/adc.o
 .debug_macro   0x0001384c      0x189 ./Core/Src/adc.o
 .debug_macro   0x000139d5       0x5c ./Core/Src/adc.o
 .debug_macro   0x00013a31      0x5bc ./Core/Src/adc.o
 .debug_macro   0x00013fed      0x289 ./Core/Src/adc.o
 .debug_macro   0x00014276      0x1cb ./Core/Src/adc.o
 .debug_macro   0x00014441      0x114 ./Core/Src/adc.o
 .debug_macro   0x00014555      0x1b2 ./Core/Src/adc.o
 .debug_macro   0x00014707       0x27 ./Core/Src/adc.o
 .debug_macro   0x0001472e      0x136 ./Core/Src/adc.o
 .debug_macro   0x00014864      0x1bc ./Core/Src/adc.o
 .debug_macro   0x00014a20       0x34 ./Core/Src/adc.o
 .debug_macro   0x00014a54       0x3c ./Core/Src/adc.o
 .debug_macro   0x00014a90      0x408 ./Core/Src/adc.o
 .debug_macro   0x00014e98       0x57 ./Core/Src/adc.o
 .debug_macro   0x00014eef      0x46a ./Core/Src/adc.o
 .debug_macro   0x00015359      0x1b5 ./Core/Src/adc.o
 .debug_macro   0x0001550e       0x87 ./Core/Src/adc.o
 .debug_macro   0x00015595      0x240 ./Core/Src/adc.o
 .debug_macro   0x000157d5      0x287 ./Core/Src/adc.o
 .debug_macro   0x00015a5c      0x140 ./Core/Src/adc.o
 .debug_macro   0x00015b9c      0x8ed ./Core/Src/adc.o
 .debug_macro   0x00016489      0x28e ./Core/Src/adc.o
 .debug_macro   0x00016717       0x83 ./Core/Src/adc.o
 .debug_macro   0x0001679a       0x1c ./Core/Src/adc.o
 .debug_macro   0x000167b6       0x61 ./Core/Src/adc.o
 .debug_macro   0x00016817       0x24 ./Core/Src/adc.o
 .debug_macro   0x0001683b       0x43 ./Core/Src/adc.o
 .debug_macro   0x0001687e       0x34 ./Core/Src/adc.o
 .debug_macro   0x000168b2       0x16 ./Core/Src/adc.o
 .debug_macro   0x000168c8       0x35 ./Core/Src/adc.o
 .debug_macro   0x000168fd      0x369 ./Core/Src/adc.o
 .debug_macro   0x00016c66       0x10 ./Core/Src/adc.o
 .debug_macro   0x00016c76       0x16 ./Core/Src/adc.o
 .debug_macro   0x00016c8c       0x43 ./Core/Src/adc.o
 .debug_macro   0x00016ccf       0x34 ./Core/Src/adc.o
 .debug_macro   0x00016d03       0x10 ./Core/Src/adc.o
 .debug_macro   0x00016d13       0x58 ./Core/Src/adc.o
 .debug_macro   0x00016d6b       0x8e ./Core/Src/adc.o
 .debug_macro   0x00016df9       0x1c ./Core/Src/adc.o
 .debug_macro   0x00016e15      0x177 ./Core/Src/adc.o
 .debug_macro   0x00016f8c       0x16 ./Core/Src/adc.o
 .debug_macro   0x00016fa2       0x16 ./Core/Src/adc.o
 .debug_macro   0x00016fb8      0x146 ./Core/Src/adc.o
 .debug_macro   0x000170fe       0xa6 ./Core/Src/adc.o
 .debug_macro   0x000171a4      0x309 ./Core/Src/can.o
 .debug_macro   0x000174ad      0x30f ./Core/Src/dma.o
 .debug_macro   0x000177bc      0x309 ./Core/Src/gpio.o
 .debug_macro   0x00017ac5      0x30f ./Core/Src/i2c.o
 .debug_macro   0x00017dd4      0x357 ./Core/Src/main.o
 .debug_macro   0x0001812b      0x305 ./Core/Src/stm32f1xx_hal_msp.o
 .debug_macro   0x00018430      0x30f ./Core/Src/stm32f1xx_it.o
 .debug_macro   0x0001873f      0x1cb ./Core/Src/system_stm32f1xx.o
 .debug_macro   0x0001890a      0x309 ./Core/Src/tim.o
 .debug_macro   0x00018c13      0x30f ./Core/Src/usart.o
 .debug_macro   0x00018f22      0x309 ./Core/Src/user_can.o
 .debug_macro   0x0001922b      0x30f ./Core/Src/user_ebs.o
 .debug_macro   0x0001953a      0x309 ./Core/Src/user_peripheral.o
 .debug_macro   0x00019843      0x359 ./Core/Src/user_rgb.o
 .debug_macro   0x00019b9c       0x16 ./Core/Src/user_rgb.o
 .debug_macro   0x00019bb2      0x1ef ./Drivers/STM32F1xx_HAL_Driver/Src/stm32f1xx_hal.o
 .debug_macro   0x00019da1      0x1e8 ./Drivers/STM32F1xx_HAL_Driver/Src/stm32f1xx_hal_adc.o
 .debug_macro   0x00019f89      0x1da ./Drivers/STM32F1xx_HAL_Driver/Src/stm32f1xx_hal_can.o
 .debug_macro   0x0001a163      0x1cb ./Drivers/STM32F1xx_HAL_Driver/Src/stm32f1xx_hal_cortex.o
 .debug_macro   0x0001a32e      0x1cb ./Drivers/STM32F1xx_HAL_Driver/Src/stm32f1xx_hal_dma.o
 .debug_macro   0x0001a4f9      0x236 ./Drivers/STM32F1xx_HAL_Driver/Src/stm32f1xx_hal_gpio.o
 .debug_macro   0x0001a72f      0x219 ./Drivers/STM32F1xx_HAL_Driver/Src/stm32f1xx_hal_i2c.o
 .debug_macro   0x0001a948      0x1dd ./Drivers/STM32F1xx_HAL_Driver/Src/stm32f1xx_hal_rcc.o
 .debug_macro   0x0001ab25      0x1cb ./Drivers/STM32F1xx_HAL_Driver/Src/stm32f1xx_hal_rcc_ex.o
 .debug_macro   0x0001acf0      0x1cc ./Drivers/STM32F1xx_HAL_Driver/Src/stm32f1xx_hal_tim.o
 .debug_macro   0x0001aebc      0x1cb ./Drivers/STM32F1xx_HAL_Driver/Src/stm32f1xx_hal_tim_ex.o
 .debug_macro   0x0001b087      0x1cc ./Drivers/STM32F1xx_HAL_Driver/Src/stm32f1xx_hal_uart.o

.debug_line     0x00000000    0x1b319
 .debug_line    0x00000000      0x9cb ./Core/Src/adc.o
 .debug_line    0x000009cb      0x997 ./Core/Src/can.o
 .debug_line    0x00001362      0x925 ./Core/Src/dma.o
 .debug_line    0x00001c87      0x968 ./Core/Src/gpio.o
 .debug_line    0x000025ef      0x98f ./Core/Src/i2c.o
 .debug_line    0x00002f7e      0xa24 ./Core/Src/main.o
 .debug_line    0x000039a2      0x92a ./Core/Src/stm32f1xx_hal_msp.o
 .debug_line    0x000042cc      0xa64 ./Core/Src/stm32f1xx_it.o
 .debug_line    0x00004d30      0x7ee ./Core/Src/system_stm32f1xx.o
 .debug_line    0x0000551e      0xae3 ./Core/Src/tim.o
 .debug_line    0x00006001      0x999 ./Core/Src/usart.o
 .debug_line    0x0000699a      0xa43 ./Core/Src/user_can.o
 .debug_line    0x000073dd      0x9c6 ./Core/Src/user_ebs.o
 .debug_line    0x00007da3      0x9ec ./Core/Src/user_peripheral.o
 .debug_line    0x0000878f      0xd4e ./Core/Src/user_rgb.o
 .debug_line    0x000094dd       0x78 ./Core/Startup/startup_stm32f103c8tx.o
 .debug_line    0x00009555      0xa1b ./Drivers/STM32F1xx_HAL_Driver/Src/stm32f1xx_hal.o
 .debug_line    0x00009f70     0x1098 ./Drivers/STM32F1xx_HAL_Driver/Src/stm32f1xx_hal_adc.o
 .debug_line    0x0000b008     0x11fd ./Drivers/STM32F1xx_HAL_Driver/Src/stm32f1xx_hal_can.o
 .debug_line    0x0000c205      0xc07 ./Drivers/STM32F1xx_HAL_Driver/Src/stm32f1xx_hal_cortex.o
 .debug_line    0x0000ce0c      0xe74 ./Drivers/STM32F1xx_HAL_Driver/Src/stm32f1xx_hal_dma.o
 .debug_line    0x0000dc80      0xab4 ./Drivers/STM32F1xx_HAL_Driver/Src/stm32f1xx_hal_gpio.o
 .debug_line    0x0000e734     0x3cb8 ./Drivers/STM32F1xx_HAL_Driver/Src/stm32f1xx_hal_i2c.o
 .debug_line    0x000123ec      0xe24 ./Drivers/STM32F1xx_HAL_Driver/Src/stm32f1xx_hal_rcc.o
 .debug_line    0x00013210      0x965 ./Drivers/STM32F1xx_HAL_Driver/Src/stm32f1xx_hal_rcc_ex.o
 .debug_line    0x00013b75     0x3540 ./Drivers/STM32F1xx_HAL_Driver/Src/stm32f1xx_hal_tim.o
 .debug_line    0x000170b5     0x196a ./Drivers/STM32F1xx_HAL_Driver/Src/stm32f1xx_hal_tim_ex.o
 .debug_line    0x00018a1f     0x28fa ./Drivers/STM32F1xx_HAL_Driver/Src/stm32f1xx_hal_uart.o

.debug_str      0x00000000    0x9476e
 .debug_str     0x00000000    0x8f4fc ./Core/Src/adc.o
                              0x8f8c5 (size before relaxing)
 .debug_str     0x0008f4fc      0x52c ./Core/Src/can.o
                              0x8fb11 (size before relaxing)
 .debug_str     0x0008fa28       0x29 ./Core/Src/dma.o
                              0x8f789 (size before relaxing)
 .debug_str     0x0008fa51       0x5c ./Core/Src/gpio.o
                              0x8f826 (size before relaxing)
 .debug_str     0x0008faad      0x2a7 ./Core/Src/i2c.o
                              0x8f9e5 (size before relaxing)
 .debug_str     0x0008fd54      0x604 ./Core/Src/main.o
                              0x8fd2c (size before relaxing)
 .debug_str     0x00090358       0x50 ./Core/Src/stm32f1xx_hal_msp.o
                              0x8f4b3 (size before relaxing)
 .debug_str     0x000903a8      0x17d ./Core/Src/stm32f1xx_it.o
                              0x8fcd7 (size before relaxing)
 .debug_str     0x00090525       0x7e ./Core/Src/system_stm32f1xx.o
                              0x8bb73 (size before relaxing)
 .debug_str     0x000905a3      0x20c ./Core/Src/tim.o
                              0x8ff2c (size before relaxing)
 .debug_str     0x000907af      0x228 ./Core/Src/usart.o
                              0x8f973 (size before relaxing)
 .debug_str     0x000909d7      0x24c ./Core/Src/user_can.o
                              0x8fd4f (size before relaxing)
 .debug_str     0x00090c23       0xe2 ./Core/Src/user_ebs.o
                              0x8f5c0 (size before relaxing)
 .debug_str     0x00090d05       0x3c ./Core/Src/user_peripheral.o
                              0x8f52f (size before relaxing)
 .debug_str     0x00090d41      0x254 ./Core/Src/user_rgb.o
                              0x8fc17 (size before relaxing)
 .debug_str     0x00090f95       0x44 ./Core/Startup/startup_stm32f103c8tx.o
                                 0x65 (size before relaxing)
 .debug_str     0x00090fd9      0x38e ./Drivers/STM32F1xx_HAL_Driver/Src/stm32f1xx_hal.o
                              0x8c2a6 (size before relaxing)
 .debug_str     0x00091367      0x393 ./Drivers/STM32F1xx_HAL_Driver/Src/stm32f1xx_hal_adc.o
                              0x8c257 (size before relaxing)
 .debug_str     0x000916fa      0x3f5 ./Drivers/STM32F1xx_HAL_Driver/Src/stm32f1xx_hal_can.o
                              0x8c37b (size before relaxing)
 .debug_str     0x00091aef      0x26c ./Drivers/STM32F1xx_HAL_Driver/Src/stm32f1xx_hal_cortex.o
                              0x8c1f2 (size before relaxing)
 .debug_str     0x00091d5b      0x1e7 ./Drivers/STM32F1xx_HAL_Driver/Src/stm32f1xx_hal_dma.o
                              0x8bf1c (size before relaxing)
 .debug_str     0x00091f42      0x27a ./Drivers/STM32F1xx_HAL_Driver/Src/stm32f1xx_hal_gpio.o
                              0x8bef9 (size before relaxing)
 .debug_str     0x000921bc      0xb94 ./Drivers/STM32F1xx_HAL_Driver/Src/stm32f1xx_hal_i2c.o
                              0x8cc3a (size before relaxing)
 .debug_str     0x00092d50      0x209 ./Drivers/STM32F1xx_HAL_Driver/Src/stm32f1xx_hal_rcc.o
                              0x8bfa2 (size before relaxing)
 .debug_str     0x00092f59       0x84 ./Drivers/STM32F1xx_HAL_Driver/Src/stm32f1xx_hal_rcc_ex.o
                              0x8bcf2 (size before relaxing)
 .debug_str     0x00092fdd      0xd09 ./Drivers/STM32F1xx_HAL_Driver/Src/stm32f1xx_hal_tim.o
                              0x8cfa4 (size before relaxing)
 .debug_str     0x00093ce6      0x493 ./Drivers/STM32F1xx_HAL_Driver/Src/stm32f1xx_hal_tim_ex.o
                              0x8c7b0 (size before relaxing)
 .debug_str     0x00094179      0x5f5 ./Drivers/STM32F1xx_HAL_Driver/Src/stm32f1xx_hal_uart.o
                              0x8c613 (size before relaxing)

.comment        0x00000000       0x43
 .comment       0x00000000       0x43 ./Core/Src/adc.o
                                 0x44 (size before relaxing)
 .comment       0x00000043       0x44 ./Core/Src/can.o
 .comment       0x00000043       0x44 ./Core/Src/dma.o
 .comment       0x00000043       0x44 ./Core/Src/gpio.o
 .comment       0x00000043       0x44 ./Core/Src/i2c.o
 .comment       0x00000043       0x44 ./Core/Src/main.o
 .comment       0x00000043       0x44 ./Core/Src/stm32f1xx_hal_msp.o
 .comment       0x00000043       0x44 ./Core/Src/stm32f1xx_it.o
 .comment       0x00000043       0x44 ./Core/Src/system_stm32f1xx.o
 .comment       0x00000043       0x44 ./Core/Src/tim.o
 .comment       0x00000043       0x44 ./Core/Src/usart.o
 .comment       0x00000043       0x44 ./Core/Src/user_can.o
 .comment       0x00000043       0x44 ./Core/Src/user_ebs.o
 .comment       0x00000043       0x44 ./Core/Src/user_peripheral.o
 .comment       0x00000043       0x44 ./Core/Src/user_rgb.o
 .comment       0x00000043       0x44 ./Drivers/STM32F1xx_HAL_Driver/Src/stm32f1xx_hal.o
 .comment       0x00000043       0x44 ./Drivers/STM32F1xx_HAL_Driver/Src/stm32f1xx_hal_adc.o
 .comment       0x00000043       0x44 ./Drivers/STM32F1xx_HAL_Driver/Src/stm32f1xx_hal_can.o
 .comment       0x00000043       0x44 ./Drivers/STM32F1xx_HAL_Driver/Src/stm32f1xx_hal_cortex.o
 .comment       0x00000043       0x44 ./Drivers/STM32F1xx_HAL_Driver/Src/stm32f1xx_hal_dma.o
 .comment       0x00000043       0x44 ./Drivers/STM32F1xx_HAL_Driver/Src/stm32f1xx_hal_gpio.o
 .comment       0x00000043       0x44 ./Drivers/STM32F1xx_HAL_Driver/Src/stm32f1xx_hal_i2c.o
 .comment       0x00000043       0x44 ./Drivers/STM32F1xx_HAL_Driver/Src/stm32f1xx_hal_rcc.o
 .comment       0x00000043       0x44 ./Drivers/STM32F1xx_HAL_Driver/Src/stm32f1xx_hal_rcc_ex.o
 .comment       0x00000043       0x44 ./Drivers/STM32F1xx_HAL_Driver/Src/stm32f1xx_hal_tim.o
 .comment       0x00000043       0x44 ./Drivers/STM32F1xx_HAL_Driver/Src/stm32f1xx_hal_tim_ex.o
 .comment       0x00000043       0x44 ./Drivers/STM32F1xx_HAL_Driver/Src/stm32f1xx_hal_uart.o

.debug_frame    0x00000000     0x4f70
 .debug_frame   0x00000000       0x7c ./Core/Src/adc.o
 .debug_frame   0x0000007c       0x74 ./Core/Src/can.o
 .debug_frame   0x000000f0       0x34 ./Core/Src/dma.o
 .debug_frame   0x00000124       0x34 ./Core/Src/gpio.o
 .debug_frame   0x00000158       0x74 ./Core/Src/i2c.o
 .debug_frame   0x000001cc       0xa4 ./Core/Src/main.o
 .debug_frame   0x00000270       0x38 ./Core/Src/stm32f1xx_hal_msp.o
 .debug_frame   0x000002a8      0x190 ./Core/Src/stm32f1xx_it.o
 .debug_frame   0x00000438       0x58 ./Core/Src/system_stm32f1xx.o
 .debug_frame   0x00000490       0xe8 ./Core/Src/tim.o
 .debug_frame   0x00000578       0x74 ./Core/Src/usart.o
 .debug_frame   0x000005ec       0xf4 ./Core/Src/user_can.o
 .debug_frame   0x000006e0       0xa8 ./Core/Src/user_ebs.o
 .debug_frame   0x00000788       0xf0 ./Core/Src/user_peripheral.o
 .debug_frame   0x00000878      0x200 ./Core/Src/user_rgb.o
 .debug_frame   0x00000a78      0x334 ./Drivers/STM32F1xx_HAL_Driver/Src/stm32f1xx_hal.o
 .debug_frame   0x00000dac      0x40c ./Drivers/STM32F1xx_HAL_Driver/Src/stm32f1xx_hal_adc.o
 .debug_frame   0x000011b8      0x5a0 ./Drivers/STM32F1xx_HAL_Driver/Src/stm32f1xx_hal_can.o
 .debug_frame   0x00001758      0x428 ./Drivers/STM32F1xx_HAL_Driver/Src/stm32f1xx_hal_cortex.o
 .debug_frame   0x00001b80      0x208 ./Drivers/STM32F1xx_HAL_Driver/Src/stm32f1xx_hal_dma.o
 .debug_frame   0x00001d88      0x14c ./Drivers/STM32F1xx_HAL_Driver/Src/stm32f1xx_hal_gpio.o
 .debug_frame   0x00001ed4      0xc84 ./Drivers/STM32F1xx_HAL_Driver/Src/stm32f1xx_hal_i2c.o
 .debug_frame   0x00002b58      0x218 ./Drivers/STM32F1xx_HAL_Driver/Src/stm32f1xx_hal_rcc.o
 .debug_frame   0x00002d70       0x80 ./Drivers/STM32F1xx_HAL_Driver/Src/stm32f1xx_hal_rcc_ex.o
 .debug_frame   0x00002df0     0x11b8 ./Drivers/STM32F1xx_HAL_Driver/Src/stm32f1xx_hal_tim.o
 .debug_frame   0x00003fa8      0x638 ./Drivers/STM32F1xx_HAL_Driver/Src/stm32f1xx_hal_tim_ex.o
 .debug_frame   0x000045e0      0x944 ./Drivers/STM32F1xx_HAL_Driver/Src/stm32f1xx_hal_uart.o
 .debug_frame   0x00004f24       0x20 D:/CubeIDE/STM32CubeIDE_1.17.0/STM32CubeIDE/plugins/com.st.stm32cube.ide.mcu.externaltools.gnu-tools-for-stm32.12.3.rel1.win32_1.1.0.202410251130/tools/bin/../lib/gcc/arm-none-eabi/12.3.1/../../../../arm-none-eabi/lib/thumb/v7-m/nofp\libc_nano.a(libc_a-memset.o)
 .debug_frame   0x00004f44       0x2c D:/CubeIDE/STM32CubeIDE_1.17.0/STM32CubeIDE/plugins/com.st.stm32cube.ide.mcu.externaltools.gnu-tools-for-stm32.12.3.rel1.win32_1.1.0.202410251130/tools/bin/../lib/gcc/arm-none-eabi/12.3.1/../../../../arm-none-eabi/lib/thumb/v7-m/nofp\libc_nano.a(libc_a-init.o)

.debug_line_str
                0x00000000       0x49
 .debug_line_str
                0x00000000       0x49 ./Core/Startup/startup_stm32f103c8tx.o
