../Core/Src/user_can.c:26:6:CAN_Init	8	static
../Core/Src/user_can.c:34:6:HAL_CAN_RxFifo0MsgPendingCallback	56	static
../Core/Src/user_can.c:121:6:CAN_Filter0_Config	48	static
../Core/Src/user_can.c:141:6:CAN_SendBack	48	static
../Core/Src/user_can.c:157:6:CAN_SendMessage	56	static
../Core/Src/user_can.c:190:6:CAN_Send_AS_Status	56	static
../Core/Src/user_can.c:223:6:CAN_Send_Brake_Sensor_Values	56	static
../Core/Src/user_can.c:257:6:CAN_Send_Manual_Drv_Status	8	static
../Core/Src/user_can.c:261:6:CAN_Send_AS_OFF_Status	8	static
../Core/Src/user_can.c:265:6:CAN_Send_AS_Ready_Status	8	static
../Core/Src/user_can.c:269:6:CAN_Send_AS_Driving_Status	8	static
../Core/Src/user_can.c:273:6:CAN_Send_AS_Finished_Status	8	static
../Core/Src/user_can.c:277:6:CAN_Send_AS_Emergency_Status	8	static
../Core/Src/user_can.c:281:6:CAN_Send_EBS_ERR_Status	8	static
../Core/Src/user_can.c:290:6:CAN_Send_AS_Emergency	8	static
../Core/Src/user_can.c:294:6:CAN_Send_EBS_Disable	8	static
