../Core/Src/user_AS_State.c:10:6:TS_State_Detect	8	static
../Core/Src/user_AS_State.c:28:6:ASMS_State_Detect	8	static
../Core/Src/user_AS_State.c:47:6:EBS_State_Detect	4	static
../Core/Src/user_AS_State.c:52:6:ASB_Detect	4	static
../Core/Src/user_AS_State.c:58:6:AS_State_Detect	8	static
../Core/Src/user_AS_State.c:69:6:AS_State_Send	8	static
../Core/Src/user_AS_State.c:97:6:AS_State_Solve	8	static
../Core/Src/user_AS_State.c:125:6:AS_Off_Solve	8	static
../Core/Src/user_AS_State.c:129:6:AS_Ready_Solve	8	static
../Core/Src/user_AS_State.c:133:6:AS_Driving_Solve	8	static
../Core/Src/user_AS_State.c:137:6:AS_Emergency_Solve	8	static
../Core/Src/user_AS_State.c:142:6:AS_Finished_Solve	8	static
../Core/Src/user_AS_State.c:147:6:Manu_Driving_Solve	4	static
