../Core/Src/user_ebs.c:10:6:EBS_Trigger	8	static
../Core/Src/user_ebs.c:19:6:EBS_LOGIC_Power_Detect	8	static
../Core/Src/user_ebs.c:31:6:EBS_State_Detect	8	static
../Core/Src/user_ebs.c:48:6:EBS_Release	4	static
../Core/Src/user_ebs.c:57:6:Redundant_Driving_Brake_Trigger	4	static
../Core/Src/user_ebs.c:66:6:AS_DRIVING_MODE_UP	8	static
../Core/Src/user_ebs.c:71:6:AS_DRIVING_MODE_DOWN	8	static
../Core/Src/user_ebs.c:76:6:AS_CLOSE_SDC_UP	8	static
../Core/Src/user_ebs.c:81:6:AS_CLOSE_SDC_DOWN	8	static
../Core/Src/user_ebs.c:86:6:N_ERR_IND_UP	8	static
../Core/Src/user_ebs.c:91:6:N_ERR_IND_DOWN	8	static
