../Core/Src/user_AS_State.c:10:6:TS_State_Detect	8	static
../Core/Src/user_AS_State.c:28:6:ASMS_State_Detect	8	static
../Core/Src/user_AS_State.c:47:6:EBS_State_Detect	8	static
../Core/Src/user_AS_State.c:59:6:EBS_State_solve	4	static
../Core/Src/user_AS_State.c:73:6:ASB_Detect	8	static
../Core/Src/user_AS_State.c:88:6:Brake_Motor_State_Detect	4	static
../Core/Src/user_AS_State.c:93:6:AS_State_Detect_Conv	8	static
../Core/Src/user_AS_State.c:130:6:AS_OFF_Judge_Conv	4	static
../Core/Src/user_AS_State.c:145:6:Manual_Drv_Status_Judge_Conv	4	static
../Core/Src/user_AS_State.c:153:6:AS_Ready_Status_Judge_Conv	4	static
../Core/Src/user_AS_State.c:162:6:AS_Driving_Status_Judge_Conv	4	static
../Core/Src/user_AS_State.c:170:6:AS_Emergency_Status_Judge_Conv	4	static
../Core/Src/user_AS_State.c:178:6:AS_Finished_Status_Judge_Conv	4	static
../Core/Src/user_AS_State.c:193:6:AS_State_Send	8	static
../Core/Src/user_AS_State.c:219:6:AS_State_Solve	8	static
../Core/Src/user_AS_State.c:245:6:AS_Off_Solve	8	static
../Core/Src/user_AS_State.c:249:6:AS_Ready_Solve	8	static
../Core/Src/user_AS_State.c:253:6:AS_Driving_Solve	8	static
../Core/Src/user_AS_State.c:257:6:AS_Emergency_Solve	8	static
../Core/Src/user_AS_State.c:262:6:AS_Finished_Solve	8	static
../Core/Src/user_AS_State.c:267:6:Manu_Driving_Solve	4	static
