../Core/Src/user_AS_State.c:10:6:TS_State_Detect	8	static
../Core/Src/user_AS_State.c:28:6:ASMS_State_Detect	8	static
../Core/Src/user_AS_State.c:49:6:ASB_Detect	8	static
../Core/Src/user_AS_State.c:64:6:Brake_Motor_State_Detect	4	static
../Core/Src/user_AS_State.c:69:6:AS_State_Detect_Conv	8	static
../Core/Src/user_AS_State.c:106:6:AS_OFF_Judge_Conv	4	static
../Core/Src/user_AS_State.c:121:6:Manual_Drv_Status_Judge_Conv	4	static
../Core/Src/user_AS_State.c:129:6:AS_Ready_Status_Judge_Conv	4	static
../Core/Src/user_AS_State.c:162:6:AS_Driving_Status_Judge_Conv	4	static
../Core/Src/user_AS_State.c:194:6:AS_Emergency_Status_Judge_Conv	4	static
../Core/Src/user_AS_State.c:202:6:AS_Finished_Status_Judge_Conv	4	static
../Core/Src/user_AS_State.c:218:6:AS_State_Send	8	static
../Core/Src/user_AS_State.c:244:6:AS_State_Solve	8	static
../Core/Src/user_AS_State.c:270:6:Manual_Drv_Status_Solve	8	static
../Core/Src/user_AS_State.c:276:6:AS_OFF_Status_Solve	8	static
../Core/Src/user_AS_State.c:283:6:AS_Ready_Status_Solve	8	static
../Core/Src/user_AS_State.c:292:6:AS_Driving_Status_Solve	8	static
../Core/Src/user_AS_State.c:299:6:AS_Finished_Status_Solve	8	static
../Core/Src/user_AS_State.c:306:6:AS_Emergency_Status_Solve	8	static
