../Core/Src/user_peripheral.c:9:6:BEE_Activate	8	static
../Core/Src/user_peripheral.c:17:6:BEE_DeActivate	8	static
../Core/Src/user_peripheral.c:27:6:BEE_GO	4	static
../Core/Src/user_peripheral.c:32:6:BEE_EBS	4	static
../Core/Src/user_peripheral.c:38:6:DCF_Activate	8	static
../Core/Src/user_peripheral.c:46:6:DCF_DeActivate	8	static
../Core/Src/user_peripheral.c:55:6:EBS_Error_LED_Activate	8	static
../Core/Src/user_peripheral.c:61:6:EBS_Error_LED_DeActivate	8	static
../Core/Src/user_peripheral.c:68:6:ZHUANXIANG_Motor_Activate	4	static
../Core/Src/user_peripheral.c:72:6:ZHUANXIANG_Motor_Deactivate	4	static
../Core/Src/user_peripheral.c:77:6:Brake_Motor_Activate	4	static
../Core/Src/user_peripheral.c:82:6:Brake_Motor_Zhanyong	8	static
../Core/Src/user_peripheral.c:87:6:Brake_Motor_Deactivate	4	static
