../Core/Src/user_can.c:26:6:CAN_Init	8	static
../Core/Src/user_can.c:34:6:HAL_CAN_RxFifo0MsgPendingCallback	56	static
../Core/Src/user_can.c:145:6:CAN_Filter0_Config	48	static
../Core/Src/user_can.c:165:6:CAN_SendBack	48	static
../Core/Src/user_can.c:181:6:CAN_SendMessage	56	static
../Core/Src/user_can.c:214:6:CAN_Send_AS_Status	56	static
../Core/Src/user_can.c:247:6:CAN_Send_Brake_Sensor_Values	56	static
../Core/Src/user_can.c:281:6:CAN_Send_Manual_Drv_Status	8	static
../Core/Src/user_can.c:285:6:CAN_Send_AS_OFF_Status	8	static
../Core/Src/user_can.c:289:6:CAN_Send_AS_Ready_Status	8	static
../Core/Src/user_can.c:293:6:CAN_Send_AS_Driving_Status	8	static
../Core/Src/user_can.c:297:6:CAN_Send_AS_Finished_Status	8	static
../Core/Src/user_can.c:301:6:CAN_Send_AS_Emergency_Status	8	static
../Core/Src/user_can.c:305:6:CAN_Send_EBS_ERR_Status	8	static
../Core/Src/user_can.c:314:6:CAN_Send_AS_Emergency	8	static
../Core/Src/user_can.c:318:6:CAN_Send_EBS_Disable	8	static
